C251 COMPILER V5.60.0,  STC32G_Delay                                                       19/09/23  11:04:36  PAGE 1   


C251 COMPILER V5.60.0, COMPILATION OF MODULE STC32G_Delay
OBJECT MODULE PLACED IN .\list\STC32G_Delay.obj
COMPILER INVOKED BY: D:\Keil_v5\C251\BIN\C251.EXE STC32G_Delay.c LARGE INTR2 ROM(COMPACT) BROWSE DEBUG PRINT(.\list\STC3
                    -2G_Delay.lst) TABS(2) OBJECT(.\list\STC32G_Delay.obj) 

stmt  level    source

    1          /*---------------------------------------------------------------------*/
    2          /* --- STC MCU Limited ------------------------------------------------*/
    3          /* --- STC 1T Series MCU Demo Programme -------------------------------*/
    4          /* --- Mobile: (86)13922805190 ----------------------------------------*/
    5          /* --- Fax: 86-0513-55012956,55012947,55012969 ------------------------*/
    6          /* --- Tel: 86-0513-55012928,55012929,55012966 ------------------------*/
    7          /* --- Web: www.STCAI.com ---------------------------------------------*/
    8          /* --- Web: www.STCMCUDATA.com  ---------------------------------------*/
    9          /* --- BBS: www.STCAIMCU.com  -----------------------------------------*/
   10          /* --- QQ:  800003751 -------------------------------------------------*/
   11          /* 如果要在程序中使用此代码,请在程序中注明使用了STC的资料及程序            */
   12          /*---------------------------------------------------------------------*/
   13          
   14          #include  "STC32G_Delay.h"
   15          
   16          //========================================================================
   17          // 函数: void delay_ms(unsigned int ms)
   18          // 描述: 延时函数。
   19          // 参数: ms,要延时的ms数, 这里只支持1~65535ms. 自动适应主时钟.
   20          // 返回: none.
   21          // 版本: VER1.0
   22          // 日期: 2021-3-9
   23          // 备注: 
   24          //========================================================================
   25          void delay_ms(unsigned int ms)
   26          {
   27   1        unsigned int i;
   28   1        do{
   29   2          i = MAIN_Fosc / 6030;
   30   2          while(--i);
   31   2        }while(--ms);
   32   1      }


Module Information          Static   Overlayable
------------------------------------------------
  code size            =        23     ------
  ecode size           =    ------     ------
  data size            =    ------     ------
  idata size           =    ------     ------
  pdata size           =    ------     ------
  xdata size           =    ------     ------
  xdata-const size     =    ------     ------
  edata size           =    ------     ------
  bit size             =    ------     ------
  ebit size            =    ------     ------
  bitaddressable size  =    ------     ------
  ebitaddressable size =    ------     ------
  far data size        =    ------     ------
  huge data size       =    ------     ------
  const size           =    ------     ------
  hconst size          =    ------     ------
End of Module Information.


C251 COMPILATION COMPLETE.  0 WARNING(S),  0 ERROR(S)
