C251 COMPILER V5.60.0,  UART_DMA                                                           18/09/23  20:33:21  PAGE 1   


C251 COMPILER V5.60.0, COMPILATION OF MODULE UART_DMA
OBJECT MODULE PLACED IN .\list\UART_DMA.obj
COMPILER INVOKED BY: D:\Keil_v5\C251\BIN\C251.EXE UART_DMA.c LARGE INTR2 ROM(COMPACT) BROWSE DEBUG PRINT(.\list\UART_DMA
                    -.lst) TABS(2) OBJECT(.\list\UART_DMA.obj) 

stmt  level    source

    1          #include "UART_DMA.h"
    2          #include  "config.h"
    3          #include  "STC32G_GPIO.h"
    4          #include  "STC32G_UART.h"
    5          #include  "STC32G_NVIC.h"
    6          #include  "STC32G_DMA.h"
    7          #include  "STC32G_Switch.h"
    8          
    9          //#define USART_Buffer_size 512
   10          
   11          
   12          //u8 xdata DmaBuffer[USART_Buffer_size];
   13          
   14          
   15          
   16          
   17          
   18          
   19          
   20          
   21          
   22          
   23          
   24          
   25          


Module Information          Static   Overlayable
------------------------------------------------
  code size            =    ------     ------
  ecode size           =    ------     ------
  data size            =    ------     ------
  idata size           =    ------     ------
  pdata size           =    ------     ------
  xdata size           =    ------     ------
  xdata-const size     =    ------     ------
  edata size           =    ------     ------
  bit size             =    ------     ------
  ebit size            =    ------     ------
  bitaddressable size  =    ------     ------
  ebitaddressable size =    ------     ------
  far data size        =    ------     ------
  huge data size       =    ------     ------
  const size           =    ------     ------
  hconst size          =    ------     ------
End of Module Information.


C251 COMPILATION COMPLETE.  0 WARNING(S),  0 ERROR(S)
