Component: ARM Compiler 5.06 update 7 (build 960) Tool: armlink [4d3601]

==============================================================================

Section Cross References

    main.o(i.TIMER3_IRQHandler) refers to gd32e10x_timer.o(i.timer_interrupt_flag_get) for timer_interrupt_flag_get
    main.o(i.TIMER3_IRQHandler) refers to gd32e10x_timer.o(i.timer_interrupt_flag_clear) for timer_interrupt_flag_clear
    main.o(i.main) refers to systick.o(i.systick_config) for systick_config
    main.o(i.main) refers to adc.o(i.adc_init) for adc_init
    main.o(i.main) refers to 74hc4051bq.o(i.Hc4051IoInit) for Hc4051IoInit
    main.o(i.main) refers to blt.o(i.BLT_GPIO_Init) for BLT_GPIO_Init
    main.o(i.main) refers to uart.o(i.usart0_init) for usart0_init
    main.o(i.main) refers to gd32e10x_gpio.o(i.gpio_bit_set) for gpio_bit_set
    main.o(i.main) refers to gd32e10x_gpio.o(i.gpio_bit_reset) for gpio_bit_reset
    main.o(i.main) refers to 74hc4051bq.o(i.ReadAdcValue) for ReadAdcValue
    main.o(i.main) refers to 74hc4051bq.o(i.ProcessADCvalue) for ProcessADCvalue
    main.o(i.main) refers to 74hc4051bq.o(i.display_remaping) for display_remaping
    main.o(i.main) refers to main.o(i.CalChecksum) for CalChecksum
    main.o(i.main) refers to uart.o(i.usart_dma_send_data) for usart_dma_send_data
    main.o(i.main) refers to systick.o(i.delay_1ms) for delay_1ms
    main.o(i.main) refers to main.o(.data) for .data
    main.o(i.main) refers to main.o(.bss) for .bss
    systick.o(i.delay_1ms) refers to systick.o(.data) for .data
    systick.o(i.delay_decrement) refers to systick.o(.data) for .data
    systick.o(i.systick_config) refers to systick.o(i.NVIC_SetPriority) for NVIC_SetPriority
    systick.o(i.systick_config) refers to system_gd32e10x.o(.data) for SystemCoreClock
    gd32e10x_it.o(i.SysTick_Handler) refers to systick.o(i.delay_decrement) for delay_decrement
    gd32e10x_it.o(i.TIMER2_IRQHandler) refers to gd32e10x_timer.o(i.timer_interrupt_flag_get) for timer_interrupt_flag_get
    gd32e10x_it.o(i.TIMER2_IRQHandler) refers to gd32e10x_timer.o(i.timer_interrupt_flag_clear) for timer_interrupt_flag_clear
    gd32e10x_it.o(i.TIMER2_IRQHandler) refers to gd32e10x_timer.o(i.timer_channel_capture_value_register_read) for timer_channel_capture_value_register_read
    gd32e10x_it.o(i.TIMER2_IRQHandler) refers to gd32e10x_it.o(.data) for .data
    gd32e10x_hw.o(i.hw_delay) refers to gd32e10x_hw.o(i.hw_time_set) for hw_time_set
    gd32e10x_hw.o(i.hw_delay) refers to gd32e10x_timer.o(i.timer_disable) for timer_disable
    gd32e10x_hw.o(i.hw_delay) refers to gd32e10x_hw.o(.data) for .data
    gd32e10x_hw.o(i.hw_time_set) refers to gd32e10x_timer.o(i.timer_disable) for timer_disable
    gd32e10x_hw.o(i.hw_time_set) refers to gd32e10x_timer.o(i.timer_interrupt_disable) for timer_interrupt_disable
    gd32e10x_hw.o(i.hw_time_set) refers to gd32e10x_timer.o(i.timer_init) for timer_init
    gd32e10x_hw.o(i.hw_time_set) refers to gd32e10x_timer.o(i.timer_interrupt_flag_clear) for timer_interrupt_flag_clear
    gd32e10x_hw.o(i.hw_time_set) refers to gd32e10x_timer.o(i.timer_auto_reload_shadow_enable) for timer_auto_reload_shadow_enable
    gd32e10x_hw.o(i.hw_time_set) refers to gd32e10x_timer.o(i.timer_interrupt_enable) for timer_interrupt_enable
    gd32e10x_hw.o(i.hw_time_set) refers to gd32e10x_timer.o(i.timer_enable) for timer_enable
    gd32e10x_hw.o(i.hw_time_set) refers to gd32e10x_hw.o(.data) for .data
    gd32e10x_hw.o(i.usb_intr_config) refers to gd32e10x_misc.o(i.nvic_priority_group_set) for nvic_priority_group_set
    gd32e10x_hw.o(i.usb_intr_config) refers to gd32e10x_misc.o(i.nvic_irq_enable) for nvic_irq_enable
    gd32e10x_hw.o(i.usb_intr_config) refers to gd32e10x_rcu.o(i.rcu_periph_clock_enable) for rcu_periph_clock_enable
    gd32e10x_hw.o(i.usb_intr_config) refers to gd32e10x_exti.o(i.exti_interrupt_flag_clear) for exti_interrupt_flag_clear
    gd32e10x_hw.o(i.usb_intr_config) refers to gd32e10x_exti.o(i.exti_init) for exti_init
    gd32e10x_hw.o(i.usb_intr_config) refers to gd32e10x_exti.o(i.exti_interrupt_enable) for exti_interrupt_enable
    gd32e10x_hw.o(i.usb_mdelay) refers to gd32e10x_hw.o(i.hw_delay) for hw_delay
    gd32e10x_hw.o(i.usb_rcu_config) refers to gd32e10x_rcu.o(i.rcu_clock_freq_get) for rcu_clock_freq_get
    gd32e10x_hw.o(i.usb_rcu_config) refers to gd32e10x_rcu.o(i.rcu_usb_clock_config) for rcu_usb_clock_config
    gd32e10x_hw.o(i.usb_rcu_config) refers to gd32e10x_rcu.o(i.rcu_periph_clock_enable) for rcu_periph_clock_enable
    gd32e10x_hw.o(i.usb_rcu_config) refers to gd32e10x_hw.o(.data) for .data
    gd32e10x_hw.o(i.usb_timer_init) refers to gd32e10x_misc.o(i.nvic_priority_group_set) for nvic_priority_group_set
    gd32e10x_hw.o(i.usb_timer_init) refers to gd32e10x_misc.o(i.nvic_irq_enable) for nvic_irq_enable
    gd32e10x_hw.o(i.usb_timer_init) refers to gd32e10x_rcu.o(i.rcu_periph_clock_enable) for rcu_periph_clock_enable
[...]
    Removing gd32e10x_exti.o(i.exti_flag_clear), (12 bytes).
    Removing gd32e10x_exti.o(i.exti_flag_get), (20 bytes).
    Removing gd32e10x_exti.o(i.exti_init), (104 bytes).
    Removing gd32e10x_exti.o(i.exti_interrupt_disable), (16 bytes).
    Removing gd32e10x_exti.o(i.exti_interrupt_enable), (16 bytes).
    Removing gd32e10x_exti.o(i.exti_interrupt_flag_clear), (12 bytes).
    Removing gd32e10x_exti.o(i.exti_interrupt_flag_get), (36 bytes).
    Removing gd32e10x_exti.o(i.exti_software_interrupt_disable), (16 bytes).
    Removing gd32e10x_exti.o(i.exti_software_interrupt_enable), (16 bytes).
    Removing gd32e10x_fmc.o(.rev16_text), (4 bytes).
    Removing gd32e10x_fmc.o(.revsh_text), (4 bytes).
    Removing gd32e10x_fmc.o(i.fmc_dbus_disable), (16 bytes).
    Removing gd32e10x_fmc.o(i.fmc_dbus_enable), (16 bytes).
    Removing gd32e10x_fmc.o(i.fmc_dbus_reset), (16 bytes).
    Removing gd32e10x_fmc.o(i.fmc_doubleword_program), (60 bytes).
    Removing gd32e10x_fmc.o(i.fmc_flag_clear), (28 bytes).
    Removing gd32e10x_fmc.o(i.fmc_flag_get), (32 bytes).
    Removing gd32e10x_fmc.o(i.fmc_halfword_program), (56 bytes).
    Removing gd32e10x_fmc.o(i.fmc_ibus_disable), (16 bytes).
    Removing gd32e10x_fmc.o(i.fmc_ibus_enable), (16 bytes).
    Removing gd32e10x_fmc.o(i.fmc_ibus_reset), (16 bytes).
    Removing gd32e10x_fmc.o(i.fmc_interrupt_disable), (28 bytes).
    Removing gd32e10x_fmc.o(i.fmc_interrupt_enable), (28 bytes).
    Removing gd32e10x_fmc.o(i.fmc_interrupt_flag_clear), (28 bytes).
    Removing gd32e10x_fmc.o(i.fmc_interrupt_flag_get), (64 bytes).
    Removing gd32e10x_fmc.o(i.fmc_lock), (16 bytes).
    Removing gd32e10x_fmc.o(i.fmc_mass_erase), (56 bytes).
    Removing gd32e10x_fmc.o(i.fmc_page_erase), (60 bytes).
    Removing gd32e10x_fmc.o(i.fmc_prefetch_disable), (16 bytes).
    Removing gd32e10x_fmc.o(i.fmc_prefetch_enable), (16 bytes).
    Removing gd32e10x_fmc.o(i.fmc_program_width_set), (20 bytes).
    Removing gd32e10x_fmc.o(i.fmc_ready_wait), (64 bytes).
    Removing gd32e10x_fmc.o(i.fmc_unlock), (32 bytes).
    Removing gd32e10x_fmc.o(i.fmc_word_program), (56 bytes).
    Removing gd32e10x_fmc.o(i.fmc_wscnt_set), (20 bytes).
    Removing gd32e10x_fmc.o(i.ob_data_get), (16 bytes).
    Removing gd32e10x_fmc.o(i.ob_data_program), (60 bytes).
    Removing gd32e10x_fmc.o(i.ob_erase), (112 bytes).
    Removing gd32e10x_fmc.o(i.ob_lock), (16 bytes).
    Removing gd32e10x_fmc.o(i.ob_security_protection_config), (108 bytes).
    Removing gd32e10x_fmc.o(i.ob_security_protection_flag_get), (20 bytes).
    Removing gd32e10x_fmc.o(i.ob_unlock), (32 bytes).
    Removing gd32e10x_fmc.o(i.ob_user_get), (16 bytes).
    Removing gd32e10x_fmc.o(i.ob_user_write), (76 bytes).
    Removing gd32e10x_fmc.o(i.ob_write_protection_enable), (112 bytes).
    Removing gd32e10x_fmc.o(i.ob_write_protection_get), (12 bytes).
    Removing gd32e10x_fwdgt.o(.rev16_text), (4 bytes).
    Removing gd32e10x_fwdgt.o(.revsh_text), (4 bytes).
    Removing gd32e10x_fwdgt.o(i.fwdgt_config), (80 bytes).
    Removing gd32e10x_fwdgt.o(i.fwdgt_counter_reload), (16 bytes).
    Removing gd32e10x_fwdgt.o(i.fwdgt_enable), (16 bytes).
    Removing gd32e10x_fwdgt.o(i.fwdgt_flag_get), (20 bytes).
    Removing gd32e10x_fwdgt.o(i.fwdgt_write_disable), (12 bytes).
    Removing gd32e10x_fwdgt.o(i.fwdgt_write_enable), (16 bytes).
    Removing gd32e10x_gpio.o(.rev16_text), (4 bytes).
    Removing gd32e10x_gpio.o(.revsh_text), (4 bytes).
    Removing gd32e10x_gpio.o(i.gpio_afio_deinit), (22 bytes).
    Removing gd32e10x_gpio.o(i.gpio_bit_write), (10 bytes).
    Removing gd32e10x_gpio.o(i.gpio_compensation_config), (20 bytes).
    Removing gd32e10x_gpio.o(i.gpio_compensation_flag_get), (20 bytes).
    Removing gd32e10x_gpio.o(i.gpio_deinit), (88 bytes).
    Removing gd32e10x_gpio.o(i.gpio_event_output_config), (24 bytes).
    Removing gd32e10x_gpio.o(i.gpio_event_output_disable), (16 bytes).
    Removing gd32e10x_gpio.o(i.gpio_event_output_enable), (16 bytes).
    Removing gd32e10x_gpio.o(i.gpio_exti_source_select), (88 bytes).
    Removing gd32e10x_gpio.o(i.gpio_input_bit_get), (10 bytes).
    Removing gd32e10x_gpio.o(i.gpio_input_port_get), (6 bytes).
    Removing gd32e10x_gpio.o(i.gpio_output_bit_get), (10 bytes).
    Removing gd32e10x_gpio.o(i.gpio_output_port_get), (6 bytes).
    Removing gd32e10x_gpio.o(i.gpio_pin_lock), (16 bytes).
    Removing gd32e10x_i2c.o(.rev16_text), (4 bytes).
    Removing gd32e10x_i2c.o(.revsh_text), (4 bytes).
    Removing gd32e10x_i2c.o(i.i2c_ack_config), (20 bytes).
    Removing gd32e10x_i2c.o(i.i2c_ackpos_config), (20 bytes).
    Removing gd32e10x_i2c.o(i.i2c_clock_config), (256 bytes).
    Removing gd32e10x_i2c.o(i.i2c_data_receive), (6 bytes).
    Removing gd32e10x_i2c.o(i.i2c_data_transmit), (4 bytes).
    Removing gd32e10x_i2c.o(i.i2c_deinit), (48 bytes).
    Removing gd32e10x_i2c.o(i.i2c_disable), (10 bytes).
    Removing gd32e10x_i2c.o(i.i2c_dma_enable), (12 bytes).
    Removing gd32e10x_i2c.o(i.i2c_dma_last_transfer_config), (12 bytes).
    Removing gd32e10x_i2c.o(i.i2c_dualaddr_disable), (10 bytes).
    Removing gd32e10x_i2c.o(i.i2c_dualaddr_enable), (12 bytes).
    Removing gd32e10x_i2c.o(i.i2c_enable), (10 bytes).
    Removing gd32e10x_i2c.o(i.i2c_flag_clear), (34 bytes).
    Removing gd32e10x_i2c.o(i.i2c_flag_get), (22 bytes).
    Removing gd32e10x_i2c.o(i.i2c_interrupt_disable), (20 bytes).
    Removing gd32e10x_i2c.o(i.i2c_interrupt_enable), (20 bytes).
    Removing gd32e10x_i2c.o(i.i2c_interrupt_flag_clear), (36 bytes).
    Removing gd32e10x_i2c.o(i.i2c_interrupt_flag_get), (84 bytes).
    Removing gd32e10x_i2c.o(i.i2c_master_addressing), (18 bytes).
    Removing gd32e10x_i2c.o(i.i2c_mode_addr_config), (22 bytes).
    Removing gd32e10x_i2c.o(i.i2c_pec_enable), (12 bytes).
    Removing gd32e10x_i2c.o(i.i2c_pec_transfer_enable), (12 bytes).
    Removing gd32e10x_i2c.o(i.i2c_pec_value_get), (8 bytes).
    Removing gd32e10x_i2c.o(i.i2c_sam_disable), (12 bytes).
    Removing gd32e10x_i2c.o(i.i2c_sam_enable), (12 bytes).
    Removing gd32e10x_i2c.o(i.i2c_sam_timeout_disable), (12 bytes).
    Removing gd32e10x_i2c.o(i.i2c_sam_timeout_enable), (12 bytes).
    Removing gd32e10x_i2c.o(i.i2c_slave_response_to_gcall_config), (12 bytes).
    Removing gd32e10x_i2c.o(i.i2c_smbus_arp_enable), (12 bytes).
    Removing gd32e10x_i2c.o(i.i2c_smbus_issue_alert), (12 bytes).
    Removing gd32e10x_i2c.o(i.i2c_smbus_type_config), (20 bytes).
    Removing gd32e10x_i2c.o(i.i2c_software_reset_config), (12 bytes).
    Removing gd32e10x_i2c.o(i.i2c_start_on_bus), (10 bytes).
    Removing gd32e10x_i2c.o(i.i2c_stop_on_bus), (10 bytes).
    Removing gd32e10x_i2c.o(i.i2c_stretch_scl_low_config), (12 bytes).
    Removing gd32e10x_misc.o(.rev16_text), (4 bytes).
    Removing gd32e10x_misc.o(.revsh_text), (4 bytes).
    Removing gd32e10x_misc.o(i.nvic_irq_disable), (22 bytes).
    Removing gd32e10x_misc.o(i.system_lowpower_reset), (16 bytes).
    Removing gd32e10x_misc.o(i.system_lowpower_set), (16 bytes).
    Removing gd32e10x_misc.o(i.systick_clksource_set), (24 bytes).
    Removing gd32e10x_pmu.o(.rev16_text), (4 bytes).
    Removing gd32e10x_pmu.o(.revsh_text), (4 bytes).
    Removing gd32e10x_pmu.o(i.pmu_backup_write_disable), (16 bytes).
    Removing gd32e10x_pmu.o(i.pmu_backup_write_enable), (16 bytes).
    Removing gd32e10x_pmu.o(i.pmu_deinit), (22 bytes).
    Removing gd32e10x_pmu.o(i.pmu_flag_clear), (32 bytes).
    Removing gd32e10x_pmu.o(i.pmu_flag_get), (20 bytes).
    Removing gd32e10x_pmu.o(i.pmu_ldo_output_select), (24 bytes).
    Removing gd32e10x_pmu.o(i.pmu_lvd_disable), (16 bytes).
    Removing gd32e10x_pmu.o(i.pmu_lvd_select), (40 bytes).
    Removing gd32e10x_pmu.o(i.pmu_to_deepsleepmode), (148 bytes).
    Removing gd32e10x_pmu.o(i.pmu_to_sleepmode), (24 bytes).
    Removing gd32e10x_pmu.o(i.pmu_to_standbymode), (48 bytes).
    Removing gd32e10x_pmu.o(i.pmu_wakeup_pin_disable), (16 bytes).
    Removing gd32e10x_pmu.o(i.pmu_wakeup_pin_enable), (16 bytes).
    Removing gd32e10x_pmu.o(.bss), (16 bytes).
    Removing gd32e10x_rcu.o(.rev16_text), (4 bytes).
    Removing gd32e10x_rcu.o(.revsh_text), (4 bytes).
    Removing gd32e10x_rcu.o(i.rcu_ahb_clock_config), (20 bytes).
    Removing gd32e10x_rcu.o(i.rcu_all_reset_flag_clear), (16 bytes).
    Removing gd32e10x_rcu.o(i.rcu_apb1_clock_config), (20 bytes).
    Removing gd32e10x_rcu.o(i.rcu_apb2_clock_config), (20 bytes).
    Removing gd32e10x_rcu.o(i.rcu_bkp_reset_disable), (16 bytes).
    Removing gd32e10x_rcu.o(i.rcu_bkp_reset_enable), (16 bytes).
    Removing gd32e10x_rcu.o(i.rcu_ck48m_clock_config), (20 bytes).
    Removing gd32e10x_rcu.o(i.rcu_ckout0_config), (20 bytes).
    Removing gd32e10x_rcu.o(i.rcu_deepsleep_voltage_set), (16 bytes).
    Removing gd32e10x_rcu.o(i.rcu_deinit), (84 bytes).
    Removing gd32e10x_rcu.o(i.rcu_flag_get), (32 bytes).
    Removing gd32e10x_rcu.o(i.rcu_hxtal_clock_monitor_disable), (16 bytes).
    Removing gd32e10x_rcu.o(i.rcu_hxtal_clock_monitor_enable), (16 bytes).
    Removing gd32e10x_rcu.o(i.rcu_i2s1_clock_config), (20 bytes).
    Removing gd32e10x_rcu.o(i.rcu_i2s2_clock_config), (20 bytes).
    Removing gd32e10x_rcu.o(i.rcu_interrupt_disable), (28 bytes).
    Removing gd32e10x_rcu.o(i.rcu_interrupt_enable), (28 bytes).
    Removing gd32e10x_rcu.o(i.rcu_interrupt_flag_clear), (28 bytes).
    Removing gd32e10x_rcu.o(i.rcu_interrupt_flag_get), (32 bytes).
    Removing gd32e10x_rcu.o(i.rcu_irc8m_adjust_value_set), (24 bytes).
    Removing gd32e10x_rcu.o(i.rcu_lxtal_drive_capability_config), (20 bytes).
    Removing gd32e10x_rcu.o(i.rcu_osci_bypass_mode_disable), (64 bytes).
    Removing gd32e10x_rcu.o(i.rcu_osci_bypass_mode_enable), (64 bytes).
    Removing gd32e10x_rcu.o(i.rcu_osci_off), (28 bytes).
    Removing gd32e10x_rcu.o(i.rcu_osci_on), (28 bytes).
    Removing gd32e10x_rcu.o(i.rcu_osci_stab_wait), (236 bytes).
    Removing gd32e10x_rcu.o(i.rcu_periph_clock_disable), (28 bytes).
    Removing gd32e10x_rcu.o(i.rcu_periph_clock_sleep_disable), (28 bytes).
    Removing gd32e10x_rcu.o(i.rcu_periph_clock_sleep_enable), (28 bytes).
    Removing gd32e10x_rcu.o(i.rcu_pll1_config), (24 bytes).
    Removing gd32e10x_rcu.o(i.rcu_pll2_config), (24 bytes).
    Removing gd32e10x_rcu.o(i.rcu_pll_config), (28 bytes).
    Removing gd32e10x_rcu.o(i.rcu_pllpresel_config), (20 bytes).
    Removing gd32e10x_rcu.o(i.rcu_predv0_config), (28 bytes).
    Removing gd32e10x_rcu.o(i.rcu_predv1_config), (20 bytes).
    Removing gd32e10x_rcu.o(i.rcu_rtc_clock_config), (20 bytes).
    Removing gd32e10x_rcu.o(i.rcu_system_clock_source_config), (20 bytes).
    Removing gd32e10x_rcu.o(i.rcu_system_clock_source_get), (16 bytes).
    Removing gd32e10x_rcu.o(i.rcu_usb_clock_config), (20 bytes).
    Removing gd32e10x_rtc.o(.rev16_text), (4 bytes).
    Removing gd32e10x_rtc.o(.revsh_text), (4 bytes).
    Removing gd32e10x_rtc.o(i.rtc_alarm_config), (32 bytes).
    Removing gd32e10x_rtc.o(i.rtc_configuration_mode_enter), (16 bytes).
    Removing gd32e10x_rtc.o(i.rtc_configuration_mode_exit), (16 bytes).
    Removing gd32e10x_rtc.o(i.rtc_counter_get), (20 bytes).
    Removing gd32e10x_rtc.o(i.rtc_counter_set), (32 bytes).
    Removing gd32e10x_rtc.o(i.rtc_divider_get), (24 bytes).
    Removing gd32e10x_rtc.o(i.rtc_flag_clear), (16 bytes).
    Removing gd32e10x_rtc.o(i.rtc_flag_get), (20 bytes).
    Removing gd32e10x_rtc.o(i.rtc_interrupt_disable), (16 bytes).
    Removing gd32e10x_rtc.o(i.rtc_interrupt_enable), (16 bytes).
    Removing gd32e10x_rtc.o(i.rtc_interrupt_flag_clear), (16 bytes).
    Removing gd32e10x_rtc.o(i.rtc_interrupt_flag_get), (20 bytes).
    Removing gd32e10x_rtc.o(i.rtc_lwoff_wait), (16 bytes).
    Removing gd32e10x_rtc.o(i.rtc_prescaler_set), (36 bytes).
    Removing gd32e10x_rtc.o(i.rtc_register_sync_wait), (24 bytes).
    Removing gd32e10x_spi.o(.rev16_text), (4 bytes).
    Removing gd32e10x_spi.o(.revsh_text), (4 bytes).
    Removing gd32e10x_spi.o(i.i2s_disable), (10 bytes).
    Removing gd32e10x_spi.o(i.i2s_enable), (10 bytes).
    Removing gd32e10x_spi.o(i.i2s_init), (24 bytes).
    Removing gd32e10x_spi.o(i.i2s_psc_config), (200 bytes).
    Removing gd32e10x_spi.o(i.qspi_disable), (12 bytes).
    Removing gd32e10x_spi.o(i.qspi_enable), (12 bytes).
    Removing gd32e10x_spi.o(i.qspi_io23_output_disable), (12 bytes).
    Removing gd32e10x_spi.o(i.qspi_io23_output_enable), (12 bytes).
    Removing gd32e10x_spi.o(i.qspi_read_enable), (12 bytes).
    Removing gd32e10x_spi.o(i.qspi_write_enable), (12 bytes).
    Removing gd32e10x_spi.o(i.spi_bidirectional_transfer_config), (22 bytes).
    Removing gd32e10x_spi.o(i.spi_crc_error_clear), (10 bytes).
    Removing gd32e10x_spi.o(i.spi_crc_get), (12 bytes).
    Removing gd32e10x_spi.o(i.spi_crc_next), (10 bytes).
    Removing gd32e10x_spi.o(i.spi_crc_off), (10 bytes).
    Removing gd32e10x_spi.o(i.spi_crc_on), (10 bytes).
    Removing gd32e10x_spi.o(i.spi_crc_polynomial_get), (6 bytes).
    Removing gd32e10x_spi.o(i.spi_crc_polynomial_set), (12 bytes).
    Removing gd32e10x_spi.o(i.spi_disable), (10 bytes).
    Removing gd32e10x_spi.o(i.spi_dma_disable), (20 bytes).
    Removing gd32e10x_spi.o(i.spi_dma_enable), (20 bytes).
    Removing gd32e10x_spi.o(i.spi_enable), (10 bytes).
    Removing gd32e10x_spi.o(i.spi_i2s_data_frame_format_config), (16 bytes).
    Removing gd32e10x_spi.o(i.spi_i2s_data_receive), (6 bytes).
    Removing gd32e10x_spi.o(i.spi_i2s_data_transmit), (4 bytes).
    Removing gd32e10x_spi.o(i.spi_i2s_deinit), (60 bytes).
    Removing gd32e10x_spi.o(i.spi_i2s_flag_get), (10 bytes).
    Removing gd32e10x_spi.o(i.spi_i2s_interrupt_disable), (36 bytes).
    Removing gd32e10x_spi.o(i.spi_i2s_interrupt_enable), (36 bytes).
    Removing gd32e10x_spi.o(i.spi_i2s_interrupt_flag_get), (84 bytes).
    Removing gd32e10x_spi.o(i.spi_init), (46 bytes).
    Removing gd32e10x_spi.o(i.spi_nss_internal_high), (10 bytes).
    Removing gd32e10x_spi.o(i.spi_nss_internal_low), (10 bytes).
    Removing gd32e10x_spi.o(i.spi_nss_output_disable), (10 bytes).
    Removing gd32e10x_spi.o(i.spi_nss_output_enable), (10 bytes).
    Removing gd32e10x_spi.o(i.spi_nssp_mode_disable), (10 bytes).
    Removing gd32e10x_spi.o(i.spi_nssp_mode_enable), (10 bytes).
    Removing gd32e10x_spi.o(i.spi_struct_para_init), (16 bytes).
    Removing gd32e10x_spi.o(i.spi_ti_mode_disable), (10 bytes).
    Removing gd32e10x_spi.o(i.spi_ti_mode_enable), (10 bytes).
    Removing gd32e10x_timer.o(.rev16_text), (4 bytes).
    Removing gd32e10x_timer.o(.revsh_text), (4 bytes).
    Removing gd32e10x_timer.o(i.timer_auto_reload_shadow_disable), (10 bytes).
    Removing gd32e10x_timer.o(i.timer_auto_reload_shadow_enable), (10 bytes).
    Removing gd32e10x_timer.o(i.timer_automatic_output_disable), (10 bytes).
    Removing gd32e10x_timer.o(i.timer_automatic_output_enable), (10 bytes).
    Removing gd32e10x_timer.o(i.timer_autoreload_value_config), (4 bytes).
    Removing gd32e10x_timer.o(i.timer_break_config), (32 bytes).
    Removing gd32e10x_timer.o(i.timer_break_disable), (10 bytes).
    Removing gd32e10x_timer.o(i.timer_break_enable), (10 bytes).
    Removing gd32e10x_timer.o(i.timer_break_struct_para_init), (18 bytes).
    Removing gd32e10x_timer.o(i.timer_channel_complementary_output_polarity_config), (58 bytes).
    Removing gd32e10x_timer.o(i.timer_channel_complementary_output_state_config), (58 bytes).
    Removing gd32e10x_timer.o(i.timer_channel_control_shadow_config), (20 bytes).
    Removing gd32e10x_timer.o(i.timer_channel_control_shadow_update_config), (24 bytes).
    Removing gd32e10x_timer.o(i.timer_channel_dma_request_source_select), (26 bytes).
    Removing gd32e10x_timer.o(i.timer_channel_input_capture_prescaler_config), (78 bytes).
    Removing gd32e10x_timer.o(i.timer_channel_input_struct_para_init), (14 bytes).
    Removing gd32e10x_timer.o(i.timer_channel_output_clear_config), (78 bytes).
    Removing gd32e10x_timer.o(i.timer_channel_output_config), (468 bytes).
    Removing gd32e10x_timer.o(i.timer_channel_output_fast_config), (78 bytes).
    Removing gd32e10x_timer.o(i.timer_channel_output_mode_config), (78 bytes).
    Removing gd32e10x_timer.o(i.timer_channel_output_polarity_config), (78 bytes).
    Removing gd32e10x_timer.o(i.timer_channel_output_pulse_value_config), (30 bytes).
    Removing gd32e10x_timer.o(i.timer_channel_output_shadow_config), (78 bytes).
    Removing gd32e10x_timer.o(i.timer_channel_output_state_config), (78 bytes).
    Removing gd32e10x_timer.o(i.timer_channel_output_struct_para_init), (16 bytes).
    Removing gd32e10x_timer.o(i.timer_counter_alignment), (16 bytes).
    Removing gd32e10x_timer.o(i.timer_counter_down_direction), (10 bytes).
    Removing gd32e10x_timer.o(i.timer_counter_read), (4 bytes).
    Removing gd32e10x_timer.o(i.timer_counter_up_direction), (10 bytes).
    Removing gd32e10x_timer.o(i.timer_counter_value_config), (4 bytes).
    Removing gd32e10x_timer.o(i.timer_deinit), (200 bytes).
    Removing gd32e10x_timer.o(i.timer_disable), (10 bytes).
    Removing gd32e10x_timer.o(i.timer_dma_disable), (8 bytes).
    Removing gd32e10x_timer.o(i.timer_dma_enable), (8 bytes).
    Removing gd32e10x_timer.o(i.timer_dma_transfer_config), (22 bytes).
    Removing gd32e10x_timer.o(i.timer_enable), (10 bytes).
    Removing gd32e10x_timer.o(i.timer_event_software_generate), (8 bytes).
    Removing gd32e10x_timer.o(i.timer_external_clock_mode0_config), (26 bytes).
    Removing gd32e10x_timer.o(i.timer_external_clock_mode1_config), (18 bytes).
    Removing gd32e10x_timer.o(i.timer_external_clock_mode1_disable), (10 bytes).
    Removing gd32e10x_timer.o(i.timer_external_trigger_as_external_clock_config), (156 bytes).
    Removing gd32e10x_timer.o(i.timer_external_trigger_config), (28 bytes).
    Removing gd32e10x_timer.o(i.timer_flag_clear), (6 bytes).
    Removing gd32e10x_timer.o(i.timer_flag_get), (10 bytes).
    Removing gd32e10x_timer.o(i.timer_hall_mode_config), (26 bytes).
    Removing gd32e10x_timer.o(i.timer_init), (160 bytes).
    Removing gd32e10x_timer.o(i.timer_input_capture_config), (300 bytes).
    Removing gd32e10x_timer.o(i.timer_input_pwm_capture_config), (334 bytes).
    Removing gd32e10x_timer.o(i.timer_input_trigger_source_select), (16 bytes).
    Removing gd32e10x_timer.o(i.timer_internal_clock_config), (10 bytes).
    Removing gd32e10x_timer.o(i.timer_internal_trigger_as_external_clock_config), (26 bytes).
    Removing gd32e10x_timer.o(i.timer_interrupt_disable), (8 bytes).
    Removing gd32e10x_timer.o(i.timer_interrupt_enable), (8 bytes).
    Removing gd32e10x_timer.o(i.timer_master_output_trigger_source_select), (16 bytes).
    Removing gd32e10x_timer.o(i.timer_master_slave_mode_config), (26 bytes).
    Removing gd32e10x_timer.o(i.timer_output_value_selection_config), (30 bytes).
    Removing gd32e10x_timer.o(i.timer_prescaler_config), (16 bytes).
    Removing gd32e10x_timer.o(i.timer_prescaler_read), (6 bytes).
    Removing gd32e10x_timer.o(i.timer_primary_output_config), (20 bytes).
    Removing gd32e10x_timer.o(i.timer_quadrature_decoder_mode_config), (64 bytes).
    Removing gd32e10x_timer.o(i.timer_repetition_value_config), (4 bytes).
    Removing gd32e10x_timer.o(i.timer_single_pulse_mode_config), (26 bytes).
    Removing gd32e10x_timer.o(i.timer_slave_mode_select), (16 bytes).
    Removing gd32e10x_timer.o(i.timer_struct_para_init), (20 bytes).
    Removing gd32e10x_timer.o(i.timer_update_event_disable), (10 bytes).
    Removing gd32e10x_timer.o(i.timer_update_event_enable), (10 bytes).
    Removing gd32e10x_timer.o(i.timer_update_source_config), (26 bytes).
    Removing gd32e10x_timer.o(i.timer_write_chxval_register_config), (30 bytes).
    Removing gd32e10x_usart.o(.rev16_text), (4 bytes).
    Removing gd32e10x_usart.o(.revsh_text), (4 bytes).
    Removing gd32e10x_usart.o(i.usart_address_config), (20 bytes).
    Removing gd32e10x_usart.o(i.usart_block_length_config), (20 bytes).
    Removing gd32e10x_usart.o(i.usart_data_first_config), (14 bytes).
    Removing gd32e10x_usart.o(i.usart_data_receive), (8 bytes).
    Removing gd32e10x_usart.o(i.usart_data_transmit), (8 bytes).
    Removing gd32e10x_usart.o(i.usart_disable), (10 bytes).
    Removing gd32e10x_usart.o(i.usart_flag_clear), (20 bytes).
    Removing gd32e10x_usart.o(i.usart_flag_get), (22 bytes).
    Removing gd32e10x_usart.o(i.usart_guard_time_config), (24 bytes).
    Removing gd32e10x_usart.o(i.usart_halfduplex_disable), (10 bytes).
    Removing gd32e10x_usart.o(i.usart_halfduplex_enable), (10 bytes).
    Removing gd32e10x_usart.o(i.usart_hardware_flow_coherence_config), (22 bytes).
    Removing gd32e10x_usart.o(i.usart_hardware_flow_cts_config), (12 bytes).
    Removing gd32e10x_usart.o(i.usart_hardware_flow_rts_config), (12 bytes).
    Removing gd32e10x_usart.o(i.usart_interrupt_disable), (20 bytes).
    Removing gd32e10x_usart.o(i.usart_interrupt_flag_clear), (20 bytes).
    Removing gd32e10x_usart.o(i.usart_invert_config), (76 bytes).
    Removing gd32e10x_usart.o(i.usart_irda_lowpower_config), (20 bytes).
    Removing gd32e10x_usart.o(i.usart_irda_mode_disable), (10 bytes).
    Removing gd32e10x_usart.o(i.usart_irda_mode_enable), (10 bytes).
    Removing gd32e10x_usart.o(i.usart_lin_break_detection_length_config), (20 bytes).
    Removing gd32e10x_usart.o(i.usart_lin_mode_disable), (10 bytes).
    Removing gd32e10x_usart.o(i.usart_lin_mode_enable), (10 bytes).
    Removing gd32e10x_usart.o(i.usart_mute_mode_disable), (10 bytes).
    Removing gd32e10x_usart.o(i.usart_mute_mode_enable), (10 bytes).
    Removing gd32e10x_usart.o(i.usart_mute_mode_wakeup_config), (16 bytes).
    Removing gd32e10x_usart.o(i.usart_parity_config), (16 bytes).
    Removing gd32e10x_usart.o(i.usart_prescaler_config), (16 bytes).
    Removing gd32e10x_usart.o(i.usart_receiver_timeout_disable), (12 bytes).
    Removing gd32e10x_usart.o(i.usart_receiver_timeout_enable), (12 bytes).
    Removing gd32e10x_usart.o(i.usart_receiver_timeout_threshold_config), (18 bytes).
    Removing gd32e10x_usart.o(i.usart_send_break), (10 bytes).
    Removing gd32e10x_usart.o(i.usart_smartcard_autoretry_config), (24 bytes).
    Removing gd32e10x_usart.o(i.usart_smartcard_mode_disable), (10 bytes).
    Removing gd32e10x_usart.o(i.usart_smartcard_mode_enable), (10 bytes).
    Removing gd32e10x_usart.o(i.usart_smartcard_mode_nack_disable), (10 bytes).
    Removing gd32e10x_usart.o(i.usart_smartcard_mode_nack_enable), (10 bytes).
    Removing gd32e10x_usart.o(i.usart_stop_bit_set), (16 bytes).
    Removing gd32e10x_usart.o(i.usart_synchronous_clock_config), (30 bytes).
    Removing gd32e10x_usart.o(i.usart_synchronous_clock_disable), (10 bytes).
    Removing gd32e10x_usart.o(i.usart_synchronous_clock_enable), (10 bytes).
    Removing gd32e10x_usart.o(i.usart_word_length_set), (16 bytes).
    Removing gd32e10x_wwdgt.o(.rev16_text), (4 bytes).
    Removing gd32e10x_wwdgt.o(.revsh_text), (4 bytes).
    Removing gd32e10x_wwdgt.o(i.wwdgt_config), (44 bytes).
    Removing gd32e10x_wwdgt.o(i.wwdgt_counter_update), (24 bytes).
    Removing gd32e10x_wwdgt.o(i.wwdgt_deinit), (22 bytes).
    Removing gd32e10x_wwdgt.o(i.wwdgt_enable), (16 bytes).
    Removing gd32e10x_wwdgt.o(i.wwdgt_flag_clear), (16 bytes).
    Removing gd32e10x_wwdgt.o(i.wwdgt_flag_get), (16 bytes).
    Removing gd32e10x_wwdgt.o(i.wwdgt_interrupt_enable), (16 bytes).
    Removing startup_gd32e10x.o(HEAP), (1024 bytes).
    Removing 74hc4051bq.o(.rev16_text), (4 bytes).
    Removing 74hc4051bq.o(.revsh_text), (4 bytes).
    Removing 74hc4051bq.o(i.Hc4051Delay), (6 bytes).
    Removing 74hc4051bq.o(.bss), (13998 bytes).
    Removing adc.o(.rev16_text), (4 bytes).
    Removing adc.o(.revsh_text), (4 bytes).
    Removing flash.o(.rev16_text), (4 bytes).
    Removing flash.o(.revsh_text), (4 bytes).
    Removing flash.o(i.fmc_program), (88 bytes).
    Removing flash.o(i.get_config_params), (12 bytes).
    Removing flash.o(i.load_config_params), (24 bytes).
    Removing flash.o(i.save_config_params), (12 bytes).
    Removing flash.o(.bss), (20 bytes).
    Removing flash.o(.data), (1 bytes).
    Removing timer.o(.rev16_text), (4 bytes).
    Removing timer.o(.revsh_text), (4 bytes).
    Removing timer.o(i.timer_config), (164 bytes).
    Removing timer.o(i.timer_config2), (164 bytes).
    Removing uart.o(.rev16_text), (4 bytes).
    Removing uart.o(.revsh_text), (4 bytes).
    Removing uart.o(i.dma0_ch1_usart2_tx_init), (124 bytes).
    Removing uart.o(i.dma0_ch2_usart2_rx_init), (128 bytes).
    Removing uart.o(i.fputc), (60 bytes).
    Removing uart.o(i.usart2_init), (52 bytes).
    Removing uart.o(i.usart_at), (28 bytes).
    Removing uart.o(i.usart_drop), (40 bytes).
    Removing uart.o(i.usart_get_rx_data_count), (28 bytes).
    Removing uart.o(i.usart_read), (28 bytes).
    Removing uart.o(i.usart_recv), (32 bytes).
    Removing uart.o(i.usart_rx_probe), (28 bytes).
    Removing circular_buffer.o(i.CircBuf_Alloc), (66 bytes).
    Removing circular_buffer.o(i.CircBuf_At), (16 bytes).
    Removing circular_buffer.o(i.CircBuf_Drop), (18 bytes).
    Removing circular_buffer.o(i.CircBuf_Free), (6 bytes).
    Removing circular_buffer.o(i.CircBuf_GetAvalaibleSize), (18 bytes).
    Removing circular_buffer.o(i.CircBuf_GetUsedSize), (8 bytes).
    Removing circular_buffer.o(i.CircBuf_IsEmpty), (20 bytes).
    Removing circular_buffer.o(i.CircBuf_IsFull), (22 bytes).
    Removing circular_buffer.o(i.CircBuf_Pop), (68 bytes).
    Removing circular_buffer.o(i.CircBuf_PopOneChar), (6 bytes).
    Removing circular_buffer.o(i.CircBuf_Read), (62 bytes).
    Removing circular_buffer.o(i.RoundUp_PowerOf2), (40 bytes).
    Removing blt.o(.rev16_text), (4 bytes).
    Removing blt.o(.revsh_text), (4 bytes).
    Removing blt.o(i.BLT_Init), (108 bytes).
    Removing blt.o(i.Board_BLE_data_send), (40 bytes).
    Removing blt.o(.bss), (512 bytes).
    Removing blt.o(.constdata), (16 bytes).
    Removing blt.o(.conststring), (79 bytes).

608 unused section(s) (total 34705 bytes) removed from the image.

==============================================================================

Image Symbol Table

    Local Symbols

    Symbol Name                              Value     Ov Type        Size  Object(Section)

    ../clib/microlib/init/entry.s            0x00000000   Number         0  entry8a.o ABSOLUTE
    ../clib/microlib/init/entry.s            0x00000000   Number         0  entry.o ABSOLUTE
    ../clib/microlib/init/entry.s            0x00000000   Number         0  entry2.o ABSOLUTE
    ../clib/microlib/init/entry.s            0x00000000   Number         0  entry12b.o ABSOLUTE
    ../clib/microlib/init/entry.s            0x00000000   Number         0  entry12a.o ABSOLUTE
    ../clib/microlib/init/entry.s            0x00000000   Number         0  entry11b.o ABSOLUTE
    ../clib/microlib/init/entry.s            0x00000000   Number         0  entry11a.o ABSOLUTE
    ../clib/microlib/init/entry.s            0x00000000   Number         0  entry10b.o ABSOLUTE
    ../clib/microlib/init/entry.s            0x00000000   Number         0  entry10a.o ABSOLUTE
    ../clib/microlib/init/entry.s            0x00000000   Number         0  entry9b.o ABSOLUTE
    ../clib/microlib/init/entry.s            0x00000000   Number         0  entry9a.o ABSOLUTE
    ../clib/microlib/init/entry.s            0x00000000   Number         0  entry8b.o ABSOLUTE
    ../clib/microlib/init/entry.s            0x00000000   Number         0  entry7b.o ABSOLUTE
    ../clib/microlib/init/entry.s            0x00000000   Number         0  entry7a.o ABSOLUTE
    ../clib/microlib/init/entry.s            0x00000000   Number         0  entry5.o ABSOLUTE
    ../clib/microlib/malloc/calloc.c         0x00000000   Number         0  calloc.o ABSOLUTE
    ../clib/microlib/malloc/malloc.c         0x00000000   Number         0  mallocra.o ABSOLUTE
    ../clib/microlib/malloc/malloc.c         0x00000000   Number         0  malloca.o ABSOLUTE
    ../clib/microlib/malloc/malloc.c         0x00000000   Number         0  mallocr.o ABSOLUTE
    ../clib/microlib/malloc/malloc.c         0x00000000   Number         0  malloc.o ABSOLUTE
    ../clib/microlib/malloc/mvars.c          0x00000000   Number         0  mvars.o ABSOLUTE
    ../clib/microlib/string/memcpy.c         0x00000000   Number         0  memcpya.o ABSOLUTE
    ../clib/microlib/string/memcpy.c         0x00000000   Number         0  memcpyb.o ABSOLUTE
    ../clib/microlib/string/memset.c         0x00000000   Number         0  memseta.o ABSOLUTE
    ../clib/microlib/string/strlen.c         0x00000000   Number         0  strlen.o ABSOLUTE
    ..\..\Bsp\74HC4051BQ.c                   0x00000000   Number         0  74hc4051bq.o ABSOLUTE
    ..\..\Bsp\adc.c                          0x00000000   Number         0  adc.o ABSOLUTE
    ..\..\Bsp\flash.c                        0x00000000   Number         0  flash.o ABSOLUTE
    ..\..\Bsp\timer.c                        0x00000000   Number         0  timer.o ABSOLUTE
    ..\..\Bsp\uart.c                         0x00000000   Number         0  uart.o ABSOLUTE
    ..\..\Firmware\CMSIS\GD\GD32E10x\Source\ARM\startup_gd32e10x.s 0x00000000   Number         0  startup_gd32e10x.o ABSOLUTE
    ..\..\Firmware\CMSIS\GD\GD32E10x\Source\system_gd32e10x.c 0x00000000   Number         0  system_gd32e10x.o ABSOLUTE
    ..\..\Firmware\GD32E10x_standard_peripheral\Source\gd32e10x_adc.c 0x00000000   Number         0  gd32e10x_adc.o ABSOLUTE
    ..\..\Firmware\GD32E10x_standard_peripheral\Source\gd32e10x_bkp.c 0x00000000   Number         0  gd32e10x_bkp.o ABSOLUTE
    ..\..\Firmware\GD32E10x_standard_peripheral\Source\gd32e10x_can.c 0x00000000   Number         0  gd32e10x_can.o ABSOLUTE
    ..\..\Firmware\GD32E10x_standard_peripheral\Source\gd32e10x_crc.c 0x00000000   Number         0  gd32e10x_crc.o ABSOLUTE
    ..\..\Firmware\GD32E10x_standard_peripheral\Source\gd32e10x_ctc.c 0x00000000   Number         0  gd32e10x_ctc.o ABSOLUTE
    ..\..\Firmware\GD32E10x_standard_peripheral\Source\gd32e10x_dac.c 0x00000000   Number         0  gd32e10x_dac.o ABSOLUTE
    ..\..\Firmware\GD32E10x_standard_peripheral\Source\gd32e10x_dbg.c 0x00000000   Number         0  gd32e10x_dbg.o ABSOLUTE
    ..\..\Firmware\GD32E10x_standard_peripheral\Source\gd32e10x_dma.c 0x00000000   Number         0  gd32e10x_dma.o ABSOLUTE
    ..\..\Firmware\GD32E10x_standard_peripheral\Source\gd32e10x_exmc.c 0x00000000   Number         0  gd32e10x_exmc.o ABSOLUTE
    ..\..\Firmware\GD32E10x_standard_peripheral\Source\gd32e10x_exti.c 0x00000000   Number         0  gd32e10x_exti.o ABSOLUTE
    ..\..\Firmware\GD32E10x_standard_peripheral\Source\gd32e10x_fmc.c 0x00000000   Number         0  gd32e10x_fmc.o ABSOLUTE
    ..\..\Firmware\GD32E10x_standard_peripheral\Source\gd32e10x_fwdgt.c 0x00000000   Number         0  gd32e10x_fwdgt.o ABSOLUTE
    ..\..\Firmware\GD32E10x_standard_peripheral\Source\gd32e10x_gpio.c 0x00000000   Number         0  gd32e10x_gpio.o ABSOLUTE
    ..\..\Firmware\GD32E10x_standard_peripheral\Source\gd32e10x_i2c.c 0x00000000   Number         0  gd32e10x_i2c.o ABSOLUTE
    ..\..\Firmware\GD32E10x_standard_peripheral\Source\gd32e10x_misc.c 0x00000000   Number         0  gd32e10x_misc.o ABSOLUTE
    ..\..\Firmware\GD32E10x_standard_peripheral\Source\gd32e10x_pmu.c 0x00000000   Number         0  gd32e10x_pmu.o ABSOLUTE
    ..\..\Firmware\GD32E10x_standard_peripheral\Source\gd32e10x_rcu.c 0x00000000   Number         0  gd32e10x_rcu.o ABSOLUTE
    ..\..\Firmware\GD32E10x_standard_peripheral\Source\gd32e10x_rtc.c 0x00000000   Number         0  gd32e10x_rtc.o ABSOLUTE
    ..\..\Firmware\GD32E10x_standard_peripheral\Source\gd32e10x_spi.c 0x00000000   Number         0  gd32e10x_spi.o ABSOLUTE
    ..\..\Firmware\GD32E10x_standard_peripheral\Source\gd32e10x_timer.c 0x00000000   Number         0  gd32e10x_timer.o ABSOLUTE
    ..\..\Firmware\GD32E10x_standard_peripheral\Source\gd32e10x_usart.c 0x00000000   Number         0  gd32e10x_usart.o ABSOLUTE
    ..\..\Firmware\GD32E10x_standard_peripheral\Source\gd32e10x_wwdgt.c 0x00000000   Number         0  gd32e10x_wwdgt.o ABSOLUTE
    ..\\..\\Bsp\\74HC4051BQ.c                0x00000000   Number         0  74hc4051bq.o ABSOLUTE
    ..\\..\\Bsp\\adc.c                       0x00000000   Number         0  adc.o ABSOLUTE
    ..\\..\\Bsp\\flash.c                     0x00000000   Number         0  flash.o ABSOLUTE
    ..\\..\\Bsp\\timer.c                     0x00000000   Number         0  timer.o ABSOLUTE
    ..\\..\\Bsp\\uart.c                      0x00000000   Number         0  uart.o ABSOLUTE
    ..\\..\\Firmware\\CMSIS\\GD\\GD32E10x\\Source\\system_gd32e10x.c 0x00000000   Number         0  system_gd32e10x.o ABSOLUTE
    ..\\..\\Firmware\\GD32E10x_standard_peripheral\\Source\\gd32e10x_adc.c 0x00000000   Number         0  gd32e10x_adc.o ABSOLUTE
    ..\\..\\Firmware\\GD32E10x_standard_peripheral\\Source\\gd32e10x_bkp.c 0x00000000   Number         0  gd32e10x_bkp.o ABSOLUTE
    ..\\..\\Firmware\\GD32E10x_standard_peripheral\\Source\\gd32e10x_can.c 0x00000000   Number         0  gd32e10x_can.o ABSOLUTE
    ..\\..\\Firmware\\GD32E10x_standard_peripheral\\Source\\gd32e10x_crc.c 0x00000000   Number         0  gd32e10x_crc.o ABSOLUTE
    ..\\..\\Firmware\\GD32E10x_standard_peripheral\\Source\\gd32e10x_ctc.c 0x00000000   Number         0  gd32e10x_ctc.o ABSOLUTE
    ..\\..\\Firmware\\GD32E10x_standard_peripheral\\Source\\gd32e10x_dac.c 0x00000000   Number         0  gd32e10x_dac.o ABSOLUTE
    ..\\..\\Firmware\\GD32E10x_standard_peripheral\\Source\\gd32e10x_dbg.c 0x00000000   Number         0  gd32e10x_dbg.o ABSOLUTE
    ..\\..\\Firmware\\GD32E10x_standard_peripheral\\Source\\gd32e10x_dma.c 0x00000000   Number         0  gd32e10x_dma.o ABSOLUTE
    ..\\..\\Firmware\\GD32E10x_standard_peripheral\\Source\\gd32e10x_exmc.c 0x00000000   Number         0  gd32e10x_exmc.o ABSOLUTE
    ..\\..\\Firmware\\GD32E10x_standard_peripheral\\Source\\gd32e10x_exti.c 0x00000000   Number         0  gd32e10x_exti.o ABSOLUTE
    ..\\..\\Firmware\\GD32E10x_standard_peripheral\\Source\\gd32e10x_fmc.c 0x00000000   Number         0  gd32e10x_fmc.o ABSOLUTE
    ..\\..\\Firmware\\GD32E10x_standard_peripheral\\Source\\gd32e10x_fwdgt.c 0x00000000   Number         0  gd32e10x_fwdgt.o ABSOLUTE
    ..\\..\\Firmware\\GD32E10x_standard_peripheral\\Source\\gd32e10x_gpio.c 0x00000000   Number         0  gd32e10x_gpio.o ABSOLUTE
    ..\\..\\Firmware\\GD32E10x_standard_peripheral\\Source\\gd32e10x_i2c.c 0x00000000   Number         0  gd32e10x_i2c.o ABSOLUTE
    ..\\..\\Firmware\\GD32E10x_standard_peripheral\\Source\\gd32e10x_misc.c 0x00000000   Number         0  gd32e10x_misc.o ABSOLUTE
    ..\\..\\Firmware\\GD32E10x_standard_peripheral\\Source\\gd32e10x_pmu.c 0x00000000   Number         0  gd32e10x_pmu.o ABSOLUTE
    ..\\..\\Firmware\\GD32E10x_standard_peripheral\\Source\\gd32e10x_rcu.c 0x00000000   Number         0  gd32e10x_rcu.o ABSOLUTE
    ..\\..\\Firmware\\GD32E10x_standard_peripheral\\Source\\gd32e10x_rtc.c 0x00000000   Number         0  gd32e10x_rtc.o ABSOLUTE
    ..\\..\\Firmware\\GD32E10x_standard_peripheral\\Source\\gd32e10x_spi.c 0x00000000   Number         0  gd32e10x_spi.o ABSOLUTE
    ..\\..\\Firmware\\GD32E10x_standard_peripheral\\Source\\gd32e10x_timer.c 0x00000000   Number         0  gd32e10x_timer.o ABSOLUTE
    ..\\..\\Firmware\\GD32E10x_standard_peripheral\\Source\\gd32e10x_usart.c 0x00000000   Number         0  gd32e10x_usart.o ABSOLUTE
    ..\\..\\Firmware\\GD32E10x_standard_peripheral\\Source\\gd32e10x_wwdgt.c 0x00000000   Number         0  gd32e10x_wwdgt.o ABSOLUTE
    ..\\gd32e10x_hw.c                        0x00000000   Number         0  gd32e10x_hw.o ABSOLUTE
    ..\\gd32e10x_it.c                        0x00000000   Number         0  gd32e10x_it.o ABSOLUTE
    ..\\main.c                               0x00000000   Number         0  main.o ABSOLUTE
    ..\\systick.c                            0x00000000   Number         0  systick.o ABSOLUTE
    ..\gd32e10x_hw.c                         0x00000000   Number         0  gd32e10x_hw.o ABSOLUTE
    ..\gd32e10x_it.c                         0x00000000   Number         0  gd32e10x_it.o ABSOLUTE
    ..\main.c                                0x00000000   Number         0  main.o ABSOLUTE
    ..\systick.c                             0x00000000   Number         0  systick.o ABSOLUTE
    BLT.c                                    0x00000000   Number         0  blt.o ABSOLUTE
    BLT.c                                    0x00000000   Number         0  blt.o ABSOLUTE
    circular_buffer.c                        0x00000000   Number         0  circular_buffer.o ABSOLUTE
    dc.s                                     0x00000000   Number         0  dc.o ABSOLUTE
    handlers.s                               0x00000000   Number         0  handlers.o ABSOLUTE
    init.s                                   0x00000000   Number         0  init.o ABSOLUTE
    RESET                                    0x08000000   Section      336  startup_gd32e10x.o(RESET)
    .ARM.Collect$$$$00000000                 0x08000150   Section        0  entry.o(.ARM.Collect$$$$00000000)
    .ARM.Collect$$$$00000001                 0x08000150   Section        4  entry2.o(.ARM.Collect$$$$00000001)
    .ARM.Collect$$$$00000004                 0x08000154   Section        4  entry5.o(.ARM.Collect$$$$00000004)
    .ARM.Collect$$$$00000008                 0x08000158   Section        0  entry7b.o(.ARM.Collect$$$$00000008)
    .ARM.Collect$$$$0000000A                 0x08000158   Section        0  entry8b.o(.ARM.Collect$$$$0000000A)
    .ARM.Collect$$$$0000000B                 0x08000158   Section        8  entry9a.o(.ARM.Collect$$$$0000000B)
    .ARM.Collect$$$$0000000E                 0x08000160   Section        4  entry12b.o(.ARM.Collect$$$$0000000E)
    .ARM.Collect$$$$0000000F                 0x08000164   Section        0  entry10a.o(.ARM.Collect$$$$0000000F)
    .ARM.Collect$$$$00000011                 0x08000164   Section        0  entry11a.o(.ARM.Collect$$$$00000011)
    .ARM.Collect$$$$00002712                 0x08000164   Section        4  entry2.o(.ARM.Collect$$$$00002712)
    __lit__00000000                          0x08000164   Data           4  entry2.o(.ARM.Collect$$$$00002712)
    .text                                    0x08000168   Section       36  startup_gd32e10x.o(.text)
    $v0                                      0x08000168   Number         0  startup_gd32e10x.o(.text)
    .text                                    0x0800018c   Section        0  memcpya.o(.text)
    .text                                    0x080001b0   Section        0  memseta.o(.text)
    .text                                    0x080001d4   Section       36  init.o(.text)
    i.BLT_GPIO_Init                          0x080001f8   Section        0  blt.o(i.BLT_GPIO_Init)
    i.BusFault_Handler                       0x08000218   Section        0  gd32e10x_it.o(i.BusFault_Handler)
    i.CalChecksum                            0x0800021a   Section        0  main.o(i.CalChecksum)
    i.Choose_AX_Channel                      0x08000234   Section        0  74hc4051bq.o(i.Choose_AX_Channel)
    i.Choose_AY_Channel                      0x08000290   Section        0  74hc4051bq.o(i.Choose_AY_Channel)
    i.CircBuf_Init                           0x080002dc   Section        0  circular_buffer.o(i.CircBuf_Init)
    i.CircBuf_Push                           0x0800030c   Section        0  circular_buffer.o(i.CircBuf_Push)
    i.DMA0_Channel0_IRQHandler               0x08000354   Section        0  adc.o(i.DMA0_Channel0_IRQHandler)
    i.DMA0_Channel1_IRQHandler               0x08000380   Section        0  uart.o(i.DMA0_Channel1_IRQHandler)
    i.DMA0_Channel3_IRQHandler               0x080003ac   Section        0  uart.o(i.DMA0_Channel3_IRQHandler)
    i.DMA0_Channel4_IRQHandler               0x080003d8   Section        0  uart.o(i.DMA0_Channel4_IRQHandler)
    i.DebugMon_Handler                       0x08000400   Section        0  gd32e10x_it.o(i.DebugMon_Handler)
    i.GetAdcValue                            0x08000404   Section        0  adc.o(i.GetAdcValue)
    i.HardFault_Handler                      0x08000420   Section        0  gd32e10x_it.o(i.HardFault_Handler)
    i.Hc4051IoInit                           0x08000424   Section        0  74hc4051bq.o(i.Hc4051IoInit)
    i.IsPowerOf2                             0x080004b0   Section        0  circular_buffer.o(i.IsPowerOf2)
    i.MemManage_Handler                      0x080004ce   Section        0  gd32e10x_it.o(i.MemManage_Handler)
    i.NMI_Handler                            0x080004d0   Section        0  gd32e10x_it.o(i.NMI_Handler)
    i.NVIC_SetPriority                       0x080004d2   Section        0  systick.o(i.NVIC_SetPriority)
    NVIC_SetPriority                         0x080004d3   Thumb Code    32  systick.o(i.NVIC_SetPriority)
    i.PendSV_Handler                         0x080004f2   Section        0  gd32e10x_it.o(i.PendSV_Handler)
    i.ProcessADCvalue                        0x080004f4   Section        0  74hc4051bq.o(i.ProcessADCvalue)
    i.ReadAdcValue                           0x080005a4   Section        0  74hc4051bq.o(i.ReadAdcValue)
    i.RoundDown_PowerOf2                     0x0800062a   Section        0  circular_buffer.o(i.RoundDown_PowerOf2)
    i.SVC_Handler                            0x08000652   Section        0  gd32e10x_it.o(i.SVC_Handler)
    i.SysTick_Handler                        0x08000654   Section        0  gd32e10x_it.o(i.SysTick_Handler)
    i.SystemInit                             0x08000658   Section        0  system_gd32e10x.o(i.SystemInit)
    i.TIMER2_IRQHandler                      0x080006a8   Section        0  gd32e10x_it.o(i.TIMER2_IRQHandler)
    i.TIMER3_IRQHandler                      0x08000718   Section        0  main.o(i.TIMER3_IRQHandler)
    i.USART0_IRQHandler                      0x0800073c   Section        0  uart.o(i.USART0_IRQHandler)
    i.USART2_IRQHandler                      0x080007a4   Section        0  uart.o(i.USART2_IRQHandler)
    i.UsageFault_Handler                     0x0800080c   Section        0  gd32e10x_it.o(i.UsageFault_Handler)
    i.__scatterload_copy                     0x0800080e   Section       14  handlers.o(i.__scatterload_copy)
    i.__scatterload_null                     0x0800081c   Section        2  handlers.o(i.__scatterload_null)
    i.__scatterload_zeroinit                 0x0800081e   Section       14  handlers.o(i.__scatterload_zeroinit)
    i.adc_calibration_enable                 0x0800082c   Section        0  gd32e10x_adc.o(i.adc_calibration_enable)
    i.adc_channel_length_config              0x0800084a   Section        0  gd32e10x_adc.o(i.adc_channel_length_config)
    i.adc_config                             0x08000880   Section        0  adc.o(i.adc_config)
    i.adc_data_alignment_config              0x08000954   Section        0  gd32e10x_adc.o(i.adc_data_alignment_config)
    i.adc_deinit                             0x08000968   Section        0  gd32e10x_adc.o(i.adc_deinit)
    i.adc_dma_mode_enable                    0x08000998   Section        0  gd32e10x_adc.o(i.adc_dma_mode_enable)
    i.adc_enable                             0x080009a2   Section        0  gd32e10x_adc.o(i.adc_enable)
    i.adc_external_trigger_config            0x080009b2   Section        0  gd32e10x_adc.o(i.adc_external_trigger_config)
    i.adc_external_trigger_source_config     0x080009e8   Section        0  gd32e10x_adc.o(i.adc_external_trigger_source_config)
    i.adc_init                               0x08000a08   Section        0  adc.o(i.adc_init)
    i.adc_mode_config                        0x08000a24   Section        0  gd32e10x_adc.o(i.adc_mode_config)
    i.adc_regular_channel_config             0x08000a3c   Section        0  gd32e10x_adc.o(i.adc_regular_channel_config)
    i.adc_software_trigger_enable            0x08000aba   Section        0  gd32e10x_adc.o(i.adc_software_trigger_enable)
    i.adc_special_function_config            0x08000ad4   Section        0  gd32e10x_adc.o(i.adc_special_function_config)
    i.delay_1ms                              0x08000b28   Section        0  systick.o(i.delay_1ms)
    i.delay_decrement                        0x08000b38   Section        0  systick.o(i.delay_decrement)
    i.display_remaping                       0x08000b4c   Section        0  74hc4051bq.o(i.display_remaping)
    i.dma0_ch3_usart0_tx_init                0x08000b8c   Section        0  uart.o(i.dma0_ch3_usart0_tx_init)
    i.dma0_ch4_usart0_rx_init                0x08000c08   Section        0  uart.o(i.dma0_ch4_usart0_rx_init)
    i.dma_channel_disable                    0x08000c80   Section        0  gd32e10x_dma.o(i.dma_channel_disable)
    i.dma_channel_enable                     0x08000ca0   Section        0  gd32e10x_dma.o(i.dma_channel_enable)
    i.dma_circulation_disable                0x08000cc0   Section        0  gd32e10x_dma.o(i.dma_circulation_disable)
    i.dma_circulation_enable                 0x08000ce0   Section        0  gd32e10x_dma.o(i.dma_circulation_enable)
    i.dma_config                             0x08000d00   Section        0  adc.o(i.dma_config)
    i.dma_deinit                             0x08000d60   Section        0  gd32e10x_dma.o(i.dma_deinit)
    i.dma_init                               0x08000d96   Section        0  gd32e10x_dma.o(i.dma_init)
    i.dma_interrupt_enable                   0x08000e0e   Section        0  gd32e10x_dma.o(i.dma_interrupt_enable)
    i.dma_interrupt_flag_clear               0x08000e2e   Section        0  gd32e10x_dma.o(i.dma_interrupt_flag_clear)
    i.dma_interrupt_flag_get                 0x08000e3a   Section        0  gd32e10x_dma.o(i.dma_interrupt_flag_get)
    i.dma_memory_address_config              0x08000e86   Section        0  gd32e10x_dma.o(i.dma_memory_address_config)
    i.dma_memory_to_memory_disable           0x08000ea2   Section        0  gd32e10x_dma.o(i.dma_memory_to_memory_disable)
    i.dma_periph_and_channel_check           0x08000ec4   Section        0  gd32e10x_dma.o(i.dma_periph_and_channel_check)
    dma_periph_and_channel_check             0x08000ec5   Thumb Code    18  gd32e10x_dma.o(i.dma_periph_and_channel_check)
    i.dma_struct_para_init                   0x08000edc   Section        0  gd32e10x_dma.o(i.dma_struct_para_init)
    i.dma_transfer_number_config             0x08000ef6   Section        0  gd32e10x_dma.o(i.dma_transfer_number_config)
    i.dma_transfer_number_get                0x08000f14   Section        0  gd32e10x_dma.o(i.dma_transfer_number_get)
    i.gd_eval_com_init                       0x08000f30   Section        0  uart.o(i.gd_eval_com_init)
    i.gpio_bit_reset                         0x08000fc8   Section        0  gd32e10x_gpio.o(i.gpio_bit_reset)
    i.gpio_bit_set                           0x08000fcc   Section        0  gd32e10x_gpio.o(i.gpio_bit_set)
    i.gpio_config                            0x08000fd0   Section        0  adc.o(i.gpio_config)
    i.gpio_init                              0x0800103c   Section        0  gd32e10x_gpio.o(i.gpio_init)
    i.gpio_pin_remap_config                  0x080010dc   Section        0  gd32e10x_gpio.o(i.gpio_pin_remap_config)
    i.gpio_port_write                        0x08001134   Section        0  gd32e10x_gpio.o(i.gpio_port_write)
    i.main                                   0x08001138   Section        0  main.o(i.main)
    i.nvic_config                            0x08001220   Section        0  uart.o(i.nvic_config)
    i.nvic_irq_enable                        0x08001274   Section        0  gd32e10x_misc.o(i.nvic_irq_enable)
    i.nvic_priority_group_set                0x080012fc   Section        0  gd32e10x_misc.o(i.nvic_priority_group_set)
    i.nvic_vector_table_set                  0x08001310   Section        0  gd32e10x_misc.o(i.nvic_vector_table_set)
    i.rcu_adc_clock_config                   0x08001324   Section        0  gd32e10x_rcu.o(i.rcu_adc_clock_config)
    i.rcu_clock_freq_get                     0x08001378   Section        0  gd32e10x_rcu.o(i.rcu_clock_freq_get)
    i.rcu_config                             0x080014a0   Section        0  adc.o(i.rcu_config)
    i.rcu_periph_clock_enable                0x080014c4   Section        0  gd32e10x_rcu.o(i.rcu_periph_clock_enable)
    i.rcu_periph_reset_disable               0x080014e0   Section        0  gd32e10x_rcu.o(i.rcu_periph_reset_disable)
    i.rcu_periph_reset_enable                0x080014fc   Section        0  gd32e10x_rcu.o(i.rcu_periph_reset_enable)
    i.read_adc_value                         0x08001518   Section        0  adc.o(i.read_adc_value)
    i.system_clock_120m_hxtal                0x08001554   Section        0  system_gd32e10x.o(i.system_clock_120m_hxtal)
    system_clock_120m_hxtal                  0x08001555   Thumb Code   150  system_gd32e10x.o(i.system_clock_120m_hxtal)
    i.systick_config                         0x08001604   Section        0  systick.o(i.systick_config)
    i.timer_channel_capture_value_register_read 0x08001644   Section        0  gd32e10x_timer.o(i.timer_channel_capture_value_register_read)
    i.timer_interrupt_flag_clear             0x08001666   Section        0  gd32e10x_timer.o(i.timer_interrupt_flag_clear)
    i.timer_interrupt_flag_get               0x0800166c   Section        0  gd32e10x_timer.o(i.timer_interrupt_flag_get)
    i.usart0_dma_send_data                   0x08001680   Section        0  uart.o(i.usart0_dma_send_data)
    i.usart0_init                            0x080016d0   Section        0  uart.o(i.usart0_init)
    i.usart2_dma_send_data                   0x08001704   Section        0  uart.o(i.usart2_dma_send_data)
    i.usart_baudrate_set                     0x08001754   Section        0  gd32e10x_usart.o(i.usart_baudrate_set)
    i.usart_deinit                           0x080017a8   Section        0  gd32e10x_usart.o(i.usart_deinit)
    i.usart_dma_receive_config               0x08001800   Section        0  gd32e10x_usart.o(i.usart_dma_receive_config)
    i.usart_dma_send_data                    0x0800180c   Section        0  uart.o(i.usart_dma_send_data)
    i.usart_dma_transmit_config              0x08001826   Section        0  gd32e10x_usart.o(i.usart_dma_transmit_config)
    i.usart_enable                           0x08001832   Section        0  gd32e10x_usart.o(i.usart_enable)
    i.usart_interrupt_enable                 0x0800183c   Section        0  gd32e10x_usart.o(i.usart_interrupt_enable)
    i.usart_interrupt_flag_get               0x08001850   Section        0  gd32e10x_usart.o(i.usart_interrupt_flag_get)
    i.usart_receive_config                   0x08001880   Section        0  gd32e10x_usart.o(i.usart_receive_config)
    i.usart_transmit_config                  0x0800188c   Section        0  gd32e10x_usart.o(i.usart_transmit_config)
    .constdata                               0x08001898   Section       64  74hc4051bq.o(.constdata)
    .data                                    0x20000000   Section        8  main.o(.data)
    led_flag                                 0x20000000   Data           1  main.o(.data)
    .data                                    0x20000008   Section        4  systick.o(.data)
    delay                                    0x20000008   Data           4  systick.o(.data)
    .data                                    0x2000000c   Section       12  gd32e10x_it.o(.data)
    .data                                    0x20000018   Section        4  system_gd32e10x.o(.data)
    .data                                    0x2000001c   Section       68  uart.o(.data)
    COM_CLK                                  0x2000001e   Data           8  uart.o(.data)
    COM_GPIO_CLK                             0x20000026   Data           8  uart.o(.data)
    COM_TX_PIN                               0x20000030   Data          16  uart.o(.data)
    COM_RX_PIN                               0x20000040   Data          16  uart.o(.data)
    COM_GPIO_PORT                            0x20000050   Data          16  uart.o(.data)
    .bss                                     0x20000060   Section    15587  main.o(.bss)
    .bss                                     0x20003d44   Section       96  adc.o(.bss)
    .bss                                     0x20003da4   Section     3104  uart.o(.bss)
    STACK                                    0x200049c8   Section     1024  startup_gd32e10x.o(STACK)

    Global Symbols

    Symbol Name                              Value     Ov Type        Size  Object(Section)

    BuildAttributes$$THM_ISAv4$E$P$D$K$B$S$7EM$VFPi3$EXTD16$VFPS$VFMA$PE$A:L22UL41UL21$X:L11$S22US41US21$IEEE1$IW$USESV6$~STKCKD$USESV7$~SHL$OSPACE$EBA8$MICROLIB$REQ8$PRES8$EABIv2 0x00000000   Number         0  anon$$obj.o ABSOLUTE
    __ARM_use_no_argv                        0x00000000   Number         0  main.o ABSOLUTE
    __arm_fini_                               - Undefined Weak Reference
    __cpp_initialize__aeabi_                  - Undefined Weak Reference
    __cxa_finalize                            - Undefined Weak Reference
    __decompress                              - Undefined Weak Reference
    _clock_init                               - Undefined Weak Reference
    _microlib_exit                            - Undefined Weak Reference
    __Vectors_Size                           0x00000150   Number         0  startup_gd32e10x.o ABSOLUTE
    __Vectors                                0x08000000   Data           4  startup_gd32e10x.o(RESET)
    __Vectors_End                            0x08000150   Data           0  startup_gd32e10x.o(RESET)
    __main                                   0x08000151   Thumb Code     0  entry.o(.ARM.Collect$$$$00000000)
    _main_stk                                0x08000151   Thumb Code     0  entry2.o(.ARM.Collect$$$$00000001)
    _main_scatterload                        0x08000155   Thumb Code     0  entry5.o(.ARM.Collect$$$$00000004)
    __main_after_scatterload                 0x08000159   Thumb Code     0  entry5.o(.ARM.Collect$$$$00000004)
    _main_clock                              0x08000159   Thumb Code     0  entry7b.o(.ARM.Collect$$$$00000008)
    _main_cpp_init                           0x08000159   Thumb Code     0  entry8b.o(.ARM.Collect$$$$0000000A)
    _main_init                               0x08000159   Thumb Code     0  entry9a.o(.ARM.Collect$$$$0000000B)
    __rt_lib_shutdown_fini                   0x08000161   Thumb Code     0  entry12b.o(.ARM.Collect$$$$0000000E)
    __rt_final_cpp                           0x08000165   Thumb Code     0  entry10a.o(.ARM.Collect$$$$0000000F)
    __rt_final_exit                          0x08000165   Thumb Code     0  entry11a.o(.ARM.Collect$$$$00000011)
    Reset_Handler                            0x08000169   Thumb Code     8  startup_gd32e10x.o(.text)
    ADC0_1_IRQHandler                        0x08000183   Thumb Code     0  startup_gd32e10x.o(.text)
    CAN0_EWMC_IRQHandler                     0x08000183   Thumb Code     0  startup_gd32e10x.o(.text)
    CAN0_RX0_IRQHandler                      0x08000183   Thumb Code     0  startup_gd32e10x.o(.text)
    CAN0_RX1_IRQHandler                      0x08000183   Thumb Code     0  startup_gd32e10x.o(.text)
    CAN0_TX_IRQHandler                       0x08000183   Thumb Code     0  startup_gd32e10x.o(.text)
    CAN1_EWMC_IRQHandler                     0x08000183   Thumb Code     0  startup_gd32e10x.o(.text)
    CAN1_RX0_IRQHandler                      0x08000183   Thumb Code     0  startup_gd32e10x.o(.text)
    CAN1_RX1_IRQHandler                      0x08000183   Thumb Code     0  startup_gd32e10x.o(.text)
    CAN1_TX_IRQHandler                       0x08000183   Thumb Code     0  startup_gd32e10x.o(.text)
    DMA0_Channel2_IRQHandler                 0x08000183   Thumb Code     0  startup_gd32e10x.o(.text)
    DMA0_Channel5_IRQHandler                 0x08000183   Thumb Code     0  startup_gd32e10x.o(.text)
    DMA0_Channel6_IRQHandler                 0x08000183   Thumb Code     0  startup_gd32e10x.o(.text)
    DMA1_Channel0_IRQHandler                 0x08000183   Thumb Code     0  startup_gd32e10x.o(.text)
    DMA1_Channel1_IRQHandler                 0x08000183   Thumb Code     0  startup_gd32e10x.o(.text)
    DMA1_Channel2_IRQHandler                 0x08000183   Thumb Code     0  startup_gd32e10x.o(.text)
    DMA1_Channel3_IRQHandler                 0x08000183   Thumb Code     0  startup_gd32e10x.o(.text)
    DMA1_Channel4_IRQHandler                 0x08000183   Thumb Code     0  startup_gd32e10x.o(.text)
    EXMC_IRQHandler                          0x08000183   Thumb Code     0  startup_gd32e10x.o(.text)
    EXTI0_IRQHandler                         0x08000183   Thumb Code     0  startup_gd32e10x.o(.text)
    EXTI10_15_IRQHandler                     0x08000183   Thumb Code     0  startup_gd32e10x.o(.text)
    EXTI1_IRQHandler                         0x08000183   Thumb Code     0  startup_gd32e10x.o(.text)
    EXTI2_IRQHandler                         0x08000183   Thumb Code     0  startup_gd32e10x.o(.text)
    EXTI3_IRQHandler                         0x08000183   Thumb Code     0  startup_gd32e10x.o(.text)
    EXTI4_IRQHandler                         0x08000183   Thumb Code     0  startup_gd32e10x.o(.text)
    EXTI5_9_IRQHandler                       0x08000183   Thumb Code     0  startup_gd32e10x.o(.text)
    FMC_IRQHandler                           0x08000183   Thumb Code     0  startup_gd32e10x.o(.text)
    I2C0_ER_IRQHandler                       0x08000183   Thumb Code     0  startup_gd32e10x.o(.text)
    I2C0_EV_IRQHandler                       0x08000183   Thumb Code     0  startup_gd32e10x.o(.text)
    I2C1_ER_IRQHandler                       0x08000183   Thumb Code     0  startup_gd32e10x.o(.text)
    I2C1_EV_IRQHandler                       0x08000183   Thumb Code     0  startup_gd32e10x.o(.text)
    LVD_IRQHandler                           0x08000183   Thumb Code     0  startup_gd32e10x.o(.text)
    RCU_CTC_IRQHandler                       0x08000183   Thumb Code     0  startup_gd32e10x.o(.text)
    RTC_Alarm_IRQHandler                     0x08000183   Thumb Code     0  startup_gd32e10x.o(.text)
    RTC_IRQHandler                           0x08000183   Thumb Code     0  startup_gd32e10x.o(.text)
    SPI0_IRQHandler                          0x08000183   Thumb Code     0  startup_gd32e10x.o(.text)
    SPI1_IRQHandler                          0x08000183   Thumb Code     0  startup_gd32e10x.o(.text)
    SPI2_IRQHandler                          0x08000183   Thumb Code     0  startup_gd32e10x.o(.text)
    TAMPER_IRQHandler                        0x08000183   Thumb Code     0  startup_gd32e10x.o(.text)
    TIMER0_BRK_TIMER8_IRQHandler             0x08000183   Thumb Code     0  startup_gd32e10x.o(.text)
    TIMER0_Channel_IRQHandler                0x08000183   Thumb Code     0  startup_gd32e10x.o(.text)
    TIMER0_TRG_CMT_TIMER10_IRQHandler        0x08000183   Thumb Code     0  startup_gd32e10x.o(.text)
    TIMER0_UP_TIMER9_IRQHandler              0x08000183   Thumb Code     0  startup_gd32e10x.o(.text)
    TIMER1_IRQHandler                        0x08000183   Thumb Code     0  startup_gd32e10x.o(.text)
    TIMER4_IRQHandler                        0x08000183   Thumb Code     0  startup_gd32e10x.o(.text)
    TIMER5_IRQHandler                        0x08000183   Thumb Code     0  startup_gd32e10x.o(.text)
    TIMER6_IRQHandler                        0x08000183   Thumb Code     0  startup_gd32e10x.o(.text)
    TIMER7_BRK_TIMER11_IRQHandler            0x08000183   Thumb Code     0  startup_gd32e10x.o(.text)
    TIMER7_Channel_IRQHandler                0x08000183   Thumb Code     0  startup_gd32e10x.o(.text)
    TIMER7_TRG_CMT_TIMER13_IRQHandler        0x08000183   Thumb Code     0  startup_gd32e10x.o(.text)
    TIMER7_UP_TIMER12_IRQHandler             0x08000183   Thumb Code     0  startup_gd32e10x.o(.text)
    UART3_IRQHandler                         0x08000183   Thumb Code     0  startup_gd32e10x.o(.text)
    UART4_IRQHandler                         0x08000183   Thumb Code     0  startup_gd32e10x.o(.text)
    USART1_IRQHandler                        0x08000183   Thumb Code     0  startup_gd32e10x.o(.text)
    USBFS_IRQHandler                         0x08000183   Thumb Code     0  startup_gd32e10x.o(.text)
    USBFS_WKUP_IRQHandler                    0x08000183   Thumb Code     0  startup_gd32e10x.o(.text)
    WWDGT_IRQHandler                         0x08000183   Thumb Code     0  startup_gd32e10x.o(.text)
    __aeabi_memcpy                           0x0800018d   Thumb Code    36  memcpya.o(.text)
    __aeabi_memcpy4                          0x0800018d   Thumb Code     0  memcpya.o(.text)
    __aeabi_memcpy8                          0x0800018d   Thumb Code     0  memcpya.o(.text)
    __aeabi_memset                           0x080001b1   Thumb Code    14  memseta.o(.text)
    __aeabi_memset4                          0x080001b1   Thumb Code     0  memseta.o(.text)
    __aeabi_memset8                          0x080001b1   Thumb Code     0  memseta.o(.text)
    __aeabi_memclr                           0x080001bf   Thumb Code     4  memseta.o(.text)
    __aeabi_memclr4                          0x080001bf   Thumb Code     0  memseta.o(.text)
    __aeabi_memclr8                          0x080001bf   Thumb Code     0  memseta.o(.text)
    _memset$wrapper                          0x080001c3   Thumb Code    18  memseta.o(.text)
    __scatterload                            0x080001d5   Thumb Code    28  init.o(.text)
    __scatterload_rt2                        0x080001d5   Thumb Code     0  init.o(.text)
    BLT_GPIO_Init                            0x080001f9   Thumb Code    26  blt.o(i.BLT_GPIO_Init)
    BusFault_Handler                         0x08000219   Thumb Code     2  gd32e10x_it.o(i.BusFault_Handler)
    CalChecksum                              0x0800021b   Thumb Code    24  main.o(i.CalChecksum)
    Choose_AX_Channel                        0x08000235   Thumb Code    80  74hc4051bq.o(i.Choose_AX_Channel)
    Choose_AY_Channel                        0x08000291   Thumb Code    72  74hc4051bq.o(i.Choose_AY_Channel)
    CircBuf_Init                             0x080002dd   Thumb Code    48  circular_buffer.o(i.CircBuf_Init)
    CircBuf_Push                             0x0800030d   Thumb Code    70  circular_buffer.o(i.CircBuf_Push)
    DMA0_Channel0_IRQHandler                 0x08000355   Thumb Code    38  adc.o(i.DMA0_Channel0_IRQHandler)
    DMA0_Channel1_IRQHandler                 0x08000381   Thumb Code    36  uart.o(i.DMA0_Channel1_IRQHandler)
    DMA0_Channel3_IRQHandler                 0x080003ad   Thumb Code    36  uart.o(i.DMA0_Channel3_IRQHandler)
    DMA0_Channel4_IRQHandler                 0x080003d9   Thumb Code    34  uart.o(i.DMA0_Channel4_IRQHandler)
    DebugMon_Handler                         0x08000401   Thumb Code     2  gd32e10x_it.o(i.DebugMon_Handler)
    GetAdcValue                              0x08000405   Thumb Code    24  adc.o(i.GetAdcValue)
    HardFault_Handler                        0x08000421   Thumb Code     2  gd32e10x_it.o(i.HardFault_Handler)
    Hc4051IoInit                             0x08000425   Thumb Code   118  74hc4051bq.o(i.Hc4051IoInit)
    IsPowerOf2                               0x080004b1   Thumb Code    30  circular_buffer.o(i.IsPowerOf2)
    MemManage_Handler                        0x080004cf   Thumb Code     2  gd32e10x_it.o(i.MemManage_Handler)
    NMI_Handler                              0x080004d1   Thumb Code     2  gd32e10x_it.o(i.NMI_Handler)
    PendSV_Handler                           0x080004f3   Thumb Code     2  gd32e10x_it.o(i.PendSV_Handler)
    ProcessADCvalue                          0x080004f5   Thumb Code   172  74hc4051bq.o(i.ProcessADCvalue)
    ReadAdcValue                             0x080005a5   Thumb Code   134  74hc4051bq.o(i.ReadAdcValue)
    RoundDown_PowerOf2                       0x0800062b   Thumb Code    40  circular_buffer.o(i.RoundDown_PowerOf2)
    SVC_Handler                              0x08000653   Thumb Code     2  gd32e10x_it.o(i.SVC_Handler)
    SysTick_Handler                          0x08000655   Thumb Code     4  gd32e10x_it.o(i.SysTick_Handler)
    SystemInit                               0x08000659   Thumb Code    68  system_gd32e10x.o(i.SystemInit)
    TIMER2_IRQHandler                        0x080006a9   Thumb Code    98  gd32e10x_it.o(i.TIMER2_IRQHandler)
    TIMER3_IRQHandler                        0x08000719   Thumb Code    30  main.o(i.TIMER3_IRQHandler)
    USART0_IRQHandler                        0x0800073d   Thumb Code    86  uart.o(i.USART0_IRQHandler)
    USART2_IRQHandler                        0x080007a5   Thumb Code    86  uart.o(i.USART2_IRQHandler)
    UsageFault_Handler                       0x0800080d   Thumb Code     2  gd32e10x_it.o(i.UsageFault_Handler)
    __scatterload_copy                       0x0800080f   Thumb Code    14  handlers.o(i.__scatterload_copy)
    __scatterload_null                       0x0800081d   Thumb Code     2  handlers.o(i.__scatterload_null)
    __scatterload_zeroinit                   0x0800081f   Thumb Code    14  handlers.o(i.__scatterload_zeroinit)
    adc_calibration_enable                   0x0800082d   Thumb Code    30  gd32e10x_adc.o(i.adc_calibration_enable)
    adc_channel_length_config                0x0800084b   Thumb Code    54  gd32e10x_adc.o(i.adc_channel_length_config)
    adc_config                               0x08000881   Thumb Code   208  adc.o(i.adc_config)
    adc_data_alignment_config                0x08000955   Thumb Code    20  gd32e10x_adc.o(i.adc_data_alignment_config)
    adc_deinit                               0x08000969   Thumb Code    42  gd32e10x_adc.o(i.adc_deinit)
    adc_dma_mode_enable                      0x08000999   Thumb Code    10  gd32e10x_adc.o(i.adc_dma_mode_enable)
    adc_enable                               0x080009a3   Thumb Code    16  gd32e10x_adc.o(i.adc_enable)
    adc_external_trigger_config              0x080009b3   Thumb Code    54  gd32e10x_adc.o(i.adc_external_trigger_config)
    adc_external_trigger_source_config       0x080009e9   Thumb Code    32  gd32e10x_adc.o(i.adc_external_trigger_source_config)
    adc_init                                 0x08000a09   Thumb Code    26  adc.o(i.adc_init)
    adc_mode_config                          0x08000a25   Thumb Code    18  gd32e10x_adc.o(i.adc_mode_config)
    adc_regular_channel_config               0x08000a3d   Thumb Code   126  gd32e10x_adc.o(i.adc_regular_channel_config)
    adc_software_trigger_enable              0x08000abb   Thumb Code    26  gd32e10x_adc.o(i.adc_software_trigger_enable)
    adc_special_function_config              0x08000ad5   Thumb Code    82  gd32e10x_adc.o(i.adc_special_function_config)
    delay_1ms                                0x08000b29   Thumb Code    12  systick.o(i.delay_1ms)
    delay_decrement                          0x08000b39   Thumb Code    16  systick.o(i.delay_decrement)
    display_remaping                         0x08000b4d   Thumb Code    64  74hc4051bq.o(i.display_remaping)
    dma0_ch3_usart0_tx_init                  0x08000b8d   Thumb Code   110  uart.o(i.dma0_ch3_usart0_tx_init)
    dma0_ch4_usart0_rx_init                  0x08000c09   Thumb Code   108  uart.o(i.dma0_ch4_usart0_rx_init)
    dma_channel_disable                      0x08000c81   Thumb Code    32  gd32e10x_dma.o(i.dma_channel_disable)
    dma_channel_enable                       0x08000ca1   Thumb Code    32  gd32e10x_dma.o(i.dma_channel_enable)
    dma_circulation_disable                  0x08000cc1   Thumb Code    32  gd32e10x_dma.o(i.dma_circulation_disable)
    dma_circulation_enable                   0x08000ce1   Thumb Code    32  gd32e10x_dma.o(i.dma_circulation_enable)
    dma_config                               0x08000d01   Thumb Code    84  adc.o(i.dma_config)
    dma_deinit                               0x08000d61   Thumb Code    54  gd32e10x_dma.o(i.dma_deinit)
    dma_init                                 0x08000d97   Thumb Code   120  gd32e10x_dma.o(i.dma_init)
    dma_interrupt_enable                     0x08000e0f   Thumb Code    32  gd32e10x_dma.o(i.dma_interrupt_enable)
    dma_interrupt_flag_clear                 0x08000e2f   Thumb Code    12  gd32e10x_dma.o(i.dma_interrupt_flag_clear)
    dma_interrupt_flag_get                   0x08000e3b   Thumb Code    76  gd32e10x_dma.o(i.dma_interrupt_flag_get)
    dma_memory_address_config                0x08000e87   Thumb Code    28  gd32e10x_dma.o(i.dma_memory_address_config)
    dma_memory_to_memory_disable             0x08000ea3   Thumb Code    32  gd32e10x_dma.o(i.dma_memory_to_memory_disable)
    dma_struct_para_init                     0x08000edd   Thumb Code    26  gd32e10x_dma.o(i.dma_struct_para_init)
    dma_transfer_number_config               0x08000ef7   Thumb Code    30  gd32e10x_dma.o(i.dma_transfer_number_config)
    dma_transfer_number_get                  0x08000f15   Thumb Code    26  gd32e10x_dma.o(i.dma_transfer_number_get)
    gd_eval_com_init                         0x08000f31   Thumb Code   140  uart.o(i.gd_eval_com_init)
    gpio_bit_reset                           0x08000fc9   Thumb Code     4  gd32e10x_gpio.o(i.gpio_bit_reset)
    gpio_bit_set                             0x08000fcd   Thumb Code     4  gd32e10x_gpio.o(i.gpio_bit_set)
    gpio_config                              0x08000fd1   Thumb Code   104  adc.o(i.gpio_config)
    gpio_init                                0x0800103d   Thumb Code   160  gd32e10x_gpio.o(i.gpio_init)
    gpio_pin_remap_config                    0x080010dd   Thumb Code    82  gd32e10x_gpio.o(i.gpio_pin_remap_config)
    gpio_port_write                          0x08001135   Thumb Code     4  gd32e10x_gpio.o(i.gpio_port_write)
    main                                     0x08001139   Thumb Code   210  main.o(i.main)
    nvic_config                              0x08001221   Thumb Code    78  uart.o(i.nvic_config)
    nvic_irq_enable                          0x08001275   Thumb Code   132  gd32e10x_misc.o(i.nvic_irq_enable)
    nvic_priority_group_set                  0x080012fd   Thumb Code    10  gd32e10x_misc.o(i.nvic_priority_group_set)
    nvic_vector_table_set                    0x08001311   Thumb Code    12  gd32e10x_misc.o(i.nvic_vector_table_set)
    rcu_adc_clock_config                     0x08001325   Thumb Code    74  gd32e10x_rcu.o(i.rcu_adc_clock_config)
    rcu_clock_freq_get                       0x08001379   Thumb Code   258  gd32e10x_rcu.o(i.rcu_clock_freq_get)
    rcu_config                               0x080014a1   Thumb Code    36  adc.o(i.rcu_config)
    rcu_periph_clock_enable                  0x080014c5   Thumb Code    22  gd32e10x_rcu.o(i.rcu_periph_clock_enable)
    rcu_periph_reset_disable                 0x080014e1   Thumb Code    22  gd32e10x_rcu.o(i.rcu_periph_reset_disable)
    rcu_periph_reset_enable                  0x080014fd   Thumb Code    22  gd32e10x_rcu.o(i.rcu_periph_reset_enable)
    read_adc_value                           0x08001519   Thumb Code    54  adc.o(i.read_adc_value)
    systick_config                           0x08001605   Thumb Code    60  systick.o(i.systick_config)
    timer_channel_capture_value_register_read 0x08001645   Thumb Code    34  gd32e10x_timer.o(i.timer_channel_capture_value_register_read)
    timer_interrupt_flag_clear               0x08001667   Thumb Code     6  gd32e10x_timer.o(i.timer_interrupt_flag_clear)
    timer_interrupt_flag_get                 0x0800166d   Thumb Code    20  gd32e10x_timer.o(i.timer_interrupt_flag_get)
    usart0_dma_send_data                     0x08001681   Thumb Code    68  uart.o(i.usart0_dma_send_data)
    usart0_init                              0x080016d1   Thumb Code    42  uart.o(i.usart0_init)
    usart2_dma_send_data                     0x08001705   Thumb Code    68  uart.o(i.usart2_dma_send_data)
    usart_baudrate_set                       0x08001755   Thumb Code    76  gd32e10x_usart.o(i.usart_baudrate_set)
    usart_deinit                             0x080017a9   Thumb Code    80  gd32e10x_usart.o(i.usart_deinit)
    usart_dma_receive_config                 0x08001801   Thumb Code    12  gd32e10x_usart.o(i.usart_dma_receive_config)
    usart_dma_send_data                      0x0800180d   Thumb Code    26  uart.o(i.usart_dma_send_data)
    usart_dma_transmit_config                0x08001827   Thumb Code    12  gd32e10x_usart.o(i.usart_dma_transmit_config)
    usart_enable                             0x08001833   Thumb Code    10  gd32e10x_usart.o(i.usart_enable)
    usart_interrupt_enable                   0x0800183d   Thumb Code    20  gd32e10x_usart.o(i.usart_interrupt_enable)
    usart_interrupt_flag_get                 0x08001851   Thumb Code    48  gd32e10x_usart.o(i.usart_interrupt_flag_get)
    usart_receive_config                     0x08001881   Thumb Code    12  gd32e10x_usart.o(i.usart_receive_config)
    usart_transmit_config                    0x0800188d   Thumb Code    12  gd32e10x_usart.o(i.usart_transmit_config)
    Region$$Table$$Base                      0x080018d8   Number         0  anon$$obj.o(Region$$Table)
    Region$$Table$$Limit                     0x080018f8   Number         0  anon$$obj.o(Region$$Table)
    time_1ms                                 0x20000004   Data           4  main.o(.data)
    readvalue1                               0x2000000c   Data           2  gd32e10x_it.o(.data)
    readvalue2                               0x2000000e   Data           2  gd32e10x_it.o(.data)
    ccnumber                                 0x20000010   Data           2  gd32e10x_it.o(.data)
    fre                                      0x20000012   Data           2  gd32e10x_it.o(.data)
    count                                    0x20000014   Data           4  gd32e10x_it.o(.data)
    SystemCoreClock                          0x20000018   Data           4  system_gd32e10x.o(.data)
    dma0_ch1_idle                            0x2000001c   Data           1  uart.o(.data)
    dma0_ch3_idle                            0x2000001d   Data           1  uart.o(.data)
    temp_adc_value                           0x20000060   Data       13998  main.o(.bss)
    serial_frame                             0x2000370e   Data        1589  main.o(.bss)
    adc_v                                    0x20003d44   Data          16  adc.o(.bss)
    adc_value                                0x20003d54   Data          80  adc.o(.bss)
    USART0_RxBuff                            0x20003da4   Data         512  uart.o(.bss)
    USART0_TxBuff                            0x20003fa4   Data         512  uart.o(.bss)
    USART2_RxBuff                            0x200041a4   Data         512  uart.o(.bss)
    USART2_TxBuff                            0x200043a4   Data         512  uart.o(.bss)
    USART0_RX_CACHE_BUFFER                   0x200045a4   Data         512  uart.o(.bss)
    USART2_RX_CACHE_BUFFER                   0x200047a4   Data         512  uart.o(.bss)
    USART0_RxCBuf                            0x200049a4   Data          16  uart.o(.bss)
    USART2_RxCBuf                            0x200049b4   Data          16  uart.o(.bss)
    __initial_sp                             0x20004dc8   Data           0  startup_gd32e10x.o(STACK)



==============================================================================

Memory Map of the image

  Image Entry point : 0x08000151

  Load Region LR_IROM1 (Base: 0x08000000, Size: 0x00001958, Max: 0x00020000, ABSOLUTE)

    Execution Region ER_IROM1 (Exec base: 0x08000000, Load base: 0x08000000, Size: 0x000018f8, Max: 0x00020000, ABSOLUTE)

    Exec Addr    Load Addr    Size         Type   Attr      Idx    E Section Name        Object

    0x08000000   0x08000000   0x00000150   Data   RO         4106    RESET               startup_gd32e10x.o
    0x08000150   0x08000150   0x00000000   Code   RO         4637  * .ARM.Collect$$$$00000000  mc_w.l(entry.o)
    0x08000150   0x08000150   0x00000004   Code   RO         4678    .ARM.Collect$$$$00000001  mc_w.l(entry2.o)
    0x08000154   0x08000154   0x00000004   Code   RO         4681    .ARM.Collect$$$$00000004  mc_w.l(entry5.o)
    0x08000158   0x08000158   0x00000000   Code   RO         4683    .ARM.Collect$$$$00000008  mc_w.l(entry7b.o)
    0x08000158   0x08000158   0x00000000   Code   RO         4685    .ARM.Collect$$$$0000000A  mc_w.l(entry8b.o)
    0x08000158   0x08000158   0x00000008   Code   RO         4686    .ARM.Collect$$$$0000000B  mc_w.l(entry9a.o)
    0x08000160   0x08000160   0x00000004   Code   RO         4693    .ARM.Collect$$$$0000000E  mc_w.l(entry12b.o)
    0x08000164   0x08000164   0x00000000   Code   RO         4688    .ARM.Collect$$$$0000000F  mc_w.l(entry10a.o)
    0x08000164   0x08000164   0x00000000   Code   RO         4690    .ARM.Collect$$$$00000011  mc_w.l(entry11a.o)
    0x08000164   0x08000164   0x00000004   Code   RO         4679    .ARM.Collect$$$$00002712  mc_w.l(entry2.o)
    0x08000168   0x08000168   0x00000024   Code   RO         4107    .text               startup_gd32e10x.o
    0x0800018c   0x0800018c   0x00000024   Code   RO         4640    .text               mc_w.l(memcpya.o)
    0x080001b0   0x080001b0   0x00000024   Code   RO         4642    .text               mc_w.l(memseta.o)
    0x080001d4   0x080001d4   0x00000024   Code   RO         4696    .text               mc_w.l(init.o)
    0x080001f8   0x080001f8   0x00000020   Code   RO         4599    i.BLT_GPIO_Init     blt.o
    0x08000218   0x08000218   0x00000002   Code   RO          216    i.BusFault_Handler  gd32e10x_it.o
    0x0800021a   0x0800021a   0x00000018   Code   RO            3    i.CalChecksum       main.o
    0x08000232   0x08000232   0x00000002   PAD
    0x08000234   0x08000234   0x0000005c   Code   RO         4113    i.Choose_AX_Channel  74hc4051bq.o
    0x08000290   0x08000290   0x0000004c   Code   RO         4114    i.Choose_AY_Channel  74hc4051bq.o
    0x080002dc   0x080002dc   0x00000030   Code   RO         4495    i.CircBuf_Init      circular_buffer.o
    0x0800030c   0x0800030c   0x00000046   Code   RO         4500    i.CircBuf_Push      circular_buffer.o
    0x08000352   0x08000352   0x00000002   PAD
    0x08000354   0x08000354   0x0000002c   Code   RO         4193    i.DMA0_Channel0_IRQHandler  adc.o
    0x08000380   0x08000380   0x0000002c   Code   RO         4329    i.DMA0_Channel1_IRQHandler  uart.o
    0x080003ac   0x080003ac   0x0000002c   Code   RO         4330    i.DMA0_Channel3_IRQHandler  uart.o
    0x080003d8   0x080003d8   0x00000028   Code   RO         4331    i.DMA0_Channel4_IRQHandler  uart.o
    0x08000400   0x08000400   0x00000002   Code   RO          217    i.DebugMon_Handler  gd32e10x_it.o
    0x08000402   0x08000402   0x00000002   PAD
    0x08000404   0x08000404   0x0000001c   Code   RO         4194    i.GetAdcValue       adc.o
    0x08000420   0x08000420   0x00000002   Code   RO          218    i.HardFault_Handler  gd32e10x_it.o
    0x08000422   0x08000422   0x00000002   PAD
    0x08000424   0x08000424   0x0000008c   Code   RO         4116    i.Hc4051IoInit      74hc4051bq.o
    0x080004b0   0x080004b0   0x0000001e   Code   RO         4502    i.IsPowerOf2        circular_buffer.o
    0x080004ce   0x080004ce   0x00000002   Code   RO          219    i.MemManage_Handler  gd32e10x_it.o
    0x080004d0   0x080004d0   0x00000002   Code   RO          220    i.NMI_Handler       gd32e10x_it.o
    0x080004d2   0x080004d2   0x00000020   Code   RO          173    i.NVIC_SetPriority  systick.o
    0x080004f2   0x080004f2   0x00000002   Code   RO          221    i.PendSV_Handler    gd32e10x_it.o
    0x080004f4   0x080004f4   0x000000b0   Code   RO         4117    i.ProcessADCvalue   74hc4051bq.o
    0x080005a4   0x080005a4   0x00000086   Code   RO         4118    i.ReadAdcValue      74hc4051bq.o
    0x0800062a   0x0800062a   0x00000028   Code   RO         4503    i.RoundDown_PowerOf2  circular_buffer.o
    0x08000652   0x08000652   0x00000002   Code   RO          222    i.SVC_Handler       gd32e10x_it.o
    0x08000654   0x08000654   0x00000004   Code   RO          223    i.SysTick_Handler   gd32e10x_it.o
    0x08000658   0x08000658   0x00000050   Code   RO          402    i.SystemInit        system_gd32e10x.o
    0x080006a8   0x080006a8   0x00000070   Code   RO          224    i.TIMER2_IRQHandler  gd32e10x_it.o
    0x08000718   0x08000718   0x00000024   Code   RO            4    i.TIMER3_IRQHandler  main.o
    0x0800073c   0x0800073c   0x00000068   Code   RO         4332    i.USART0_IRQHandler  uart.o
    0x080007a4   0x080007a4   0x00000068   Code   RO         4333    i.USART2_IRQHandler  uart.o
    0x0800080c   0x0800080c   0x00000002   Code   RO          225    i.UsageFault_Handler  gd32e10x_it.o
    0x0800080e   0x0800080e   0x0000000e   Code   RO         4700    i.__scatterload_copy  mc_w.l(handlers.o)
    0x0800081c   0x0800081c   0x00000002   Code   RO         4701    i.__scatterload_null  mc_w.l(handlers.o)
    0x0800081e   0x0800081e   0x0000000e   Code   RO         4702    i.__scatterload_zeroinit  mc_w.l(handlers.o)
    0x0800082c   0x0800082c   0x0000001e   Code   RO          438    i.adc_calibration_enable  gd32e10x_adc.o
    0x0800084a   0x0800084a   0x00000036   Code   RO          439    i.adc_channel_length_config  gd32e10x_adc.o
    0x08000880   0x08000880   0x000000d4   Code   RO         4195    i.adc_config        adc.o
    0x08000954   0x08000954   0x00000014   Code   RO          440    i.adc_data_alignment_config  gd32e10x_adc.o
    0x08000968   0x08000968   0x00000030   Code   RO          441    i.adc_deinit        gd32e10x_adc.o
    0x08000998   0x08000998   0x0000000a   Code   RO          445    i.adc_dma_mode_enable  gd32e10x_adc.o
    0x080009a2   0x080009a2   0x00000010   Code   RO          446    i.adc_enable        gd32e10x_adc.o
    0x080009b2   0x080009b2   0x00000036   Code   RO          447    i.adc_external_trigger_config  gd32e10x_adc.o
    0x080009e8   0x080009e8   0x00000020   Code   RO          448    i.adc_external_trigger_source_config  gd32e10x_adc.o
    0x08000a08   0x08000a08   0x0000001a   Code   RO         4196    i.adc_init          adc.o
    0x08000a22   0x08000a22   0x00000002   PAD
    0x08000a24   0x08000a24   0x00000018   Code   RO          459    i.adc_mode_config   gd32e10x_adc.o
    0x08000a3c   0x08000a3c   0x0000007e   Code   RO          463    i.adc_regular_channel_config  gd32e10x_adc.o
    0x08000aba   0x08000aba   0x0000001a   Code   RO          467    i.adc_software_trigger_enable  gd32e10x_adc.o
    0x08000ad4   0x08000ad4   0x00000052   Code   RO          468    i.adc_special_function_config  gd32e10x_adc.o
    0x08000b26   0x08000b26   0x00000002   PAD
    0x08000b28   0x08000b28   0x00000010   Code   RO          174    i.delay_1ms         systick.o
    0x08000b38   0x08000b38   0x00000014   Code   RO          175    i.delay_decrement   systick.o
    0x08000b4c   0x08000b4c   0x00000040   Code   RO         4119    i.display_remaping  74hc4051bq.o
    0x08000b8c   0x08000b8c   0x0000007c   Code   RO         4336    i.dma0_ch3_usart0_tx_init  uart.o
    0x08000c08   0x08000c08   0x00000078   Code   RO         4337    i.dma0_ch4_usart0_rx_init  uart.o
    0x08000c80   0x08000c80   0x00000020   Code   RO         1531    i.dma_channel_disable  gd32e10x_dma.o
    0x08000ca0   0x08000ca0   0x00000020   Code   RO         1532    i.dma_channel_enable  gd32e10x_dma.o
    0x08000cc0   0x08000cc0   0x00000020   Code   RO         1533    i.dma_circulation_disable  gd32e10x_dma.o
    0x08000ce0   0x08000ce0   0x00000020   Code   RO         1534    i.dma_circulation_enable  gd32e10x_dma.o
    0x08000d00   0x08000d00   0x00000060   Code   RO         4197    i.dma_config        adc.o
    0x08000d60   0x08000d60   0x00000036   Code   RO         1535    i.dma_deinit        gd32e10x_dma.o
    0x08000d96   0x08000d96   0x00000078   Code   RO         1538    i.dma_init          gd32e10x_dma.o
    0x08000e0e   0x08000e0e   0x00000020   Code   RO         1540    i.dma_interrupt_enable  gd32e10x_dma.o
    0x08000e2e   0x08000e2e   0x0000000c   Code   RO         1541    i.dma_interrupt_flag_clear  gd32e10x_dma.o
    0x08000e3a   0x08000e3a   0x0000004c   Code   RO         1542    i.dma_interrupt_flag_get  gd32e10x_dma.o
    0x08000e86   0x08000e86   0x0000001c   Code   RO         1543    i.dma_memory_address_config  gd32e10x_dma.o
    0x08000ea2   0x08000ea2   0x00000020   Code   RO         1546    i.dma_memory_to_memory_disable  gd32e10x_dma.o
    0x08000ec2   0x08000ec2   0x00000002   PAD
    0x08000ec4   0x08000ec4   0x00000018   Code   RO         1550    i.dma_periph_and_channel_check  gd32e10x_dma.o
    0x08000edc   0x08000edc   0x0000001a   Code   RO         1555    i.dma_struct_para_init  gd32e10x_dma.o
    0x08000ef6   0x08000ef6   0x0000001e   Code   RO         1557    i.dma_transfer_number_config  gd32e10x_dma.o
    0x08000f14   0x08000f14   0x0000001a   Code   RO         1558    i.dma_transfer_number_get  gd32e10x_dma.o
    0x08000f2e   0x08000f2e   0x00000002   PAD
    0x08000f30   0x08000f30   0x00000098   Code   RO         4339    i.gd_eval_com_init  uart.o
    0x08000fc8   0x08000fc8   0x00000004   Code   RO         2138    i.gpio_bit_reset    gd32e10x_gpio.o
    0x08000fcc   0x08000fcc   0x00000004   Code   RO         2139    i.gpio_bit_set      gd32e10x_gpio.o
    0x08000fd0   0x08000fd0   0x0000006c   Code   RO         4198    i.gpio_config       adc.o
    0x0800103c   0x0800103c   0x000000a0   Code   RO         2148    i.gpio_init         gd32e10x_gpio.o
    0x080010dc   0x080010dc   0x00000058   Code   RO         2154    i.gpio_pin_remap_config  gd32e10x_gpio.o
    0x08001134   0x08001134   0x00000004   Code   RO         2155    i.gpio_port_write   gd32e10x_gpio.o
    0x08001138   0x08001138   0x000000e8   Code   RO            5    i.main              main.o
    0x08001220   0x08001220   0x00000054   Code   RO         4340    i.nvic_config       uart.o
    0x08001274   0x08001274   0x00000088   Code   RO         2496    i.nvic_irq_enable   gd32e10x_misc.o
    0x080012fc   0x080012fc   0x00000014   Code   RO         2497    i.nvic_priority_group_set  gd32e10x_misc.o
    0x08001310   0x08001310   0x00000014   Code   RO         2498    i.nvic_vector_table_set  gd32e10x_misc.o
    0x08001324   0x08001324   0x00000054   Code   RO         2644    i.rcu_adc_clock_config  gd32e10x_rcu.o
    0x08001378   0x08001378   0x00000128   Code   RO         2653    i.rcu_clock_freq_get  gd32e10x_rcu.o
    0x080014a0   0x080014a0   0x00000024   Code   RO         4199    i.rcu_config        adc.o
    0x080014c4   0x080014c4   0x0000001c   Code   RO         2673    i.rcu_periph_clock_enable  gd32e10x_rcu.o
    0x080014e0   0x080014e0   0x0000001c   Code   RO         2676    i.rcu_periph_reset_disable  gd32e10x_rcu.o
    0x080014fc   0x080014fc   0x0000001c   Code   RO         2677    i.rcu_periph_reset_enable  gd32e10x_rcu.o
    0x08001518   0x08001518   0x0000003c   Code   RO         4200    i.read_adc_value    adc.o
    0x08001554   0x08001554   0x000000b0   Code   RO          403    i.system_clock_120m_hxtal  system_gd32e10x.o
    0x08001604   0x08001604   0x00000040   Code   RO          176    i.systick_config    systick.o
    0x08001644   0x08001644   0x00000022   Code   RO         3294    i.timer_channel_capture_value_register_read  gd32e10x_timer.o
    0x08001666   0x08001666   0x00000006   Code   RO         3339    i.timer_interrupt_flag_clear  gd32e10x_timer.o
    0x0800166c   0x0800166c   0x00000014   Code   RO         3340    i.timer_interrupt_flag_get  gd32e10x_timer.o
    0x08001680   0x08001680   0x00000050   Code   RO         4341    i.usart0_dma_send_data  uart.o
    0x080016d0   0x080016d0   0x00000034   Code   RO         4342    i.usart0_init       uart.o
    0x08001704   0x08001704   0x00000050   Code   RO         4343    i.usart2_dma_send_data  uart.o
    0x08001754   0x08001754   0x00000054   Code   RO         3728    i.usart_baudrate_set  gd32e10x_usart.o
    0x080017a8   0x080017a8   0x00000058   Code   RO         3733    i.usart_deinit      gd32e10x_usart.o
    0x08001800   0x08001800   0x0000000c   Code   RO         3735    i.usart_dma_receive_config  gd32e10x_usart.o
    0x0800180c   0x0800180c   0x0000001a   Code   RO         4346    i.usart_dma_send_data  uart.o
    0x08001826   0x08001826   0x0000000c   Code   RO         3736    i.usart_dma_transmit_config  gd32e10x_usart.o
    0x08001832   0x08001832   0x0000000a   Code   RO         3737    i.usart_enable      gd32e10x_usart.o
    0x0800183c   0x0800183c   0x00000014   Code   RO         3747    i.usart_interrupt_enable  gd32e10x_usart.o
    0x08001850   0x08001850   0x00000030   Code   RO         3749    i.usart_interrupt_flag_get  gd32e10x_usart.o
    0x08001880   0x08001880   0x0000000c   Code   RO         3762    i.usart_receive_config  gd32e10x_usart.o
    0x0800188c   0x0800188c   0x0000000c   Code   RO         3776    i.usart_transmit_config  gd32e10x_usart.o
    0x08001898   0x08001898   0x00000040   Data   RO         4121    .constdata          74hc4051bq.o
    0x080018d8   0x080018d8   0x00000020   Data   RO         4698    Region$$Table       anon$$obj.o


    Execution Region RW_IRAM1 (Exec base: 0x20000000, Load base: 0x080018f8, Size: 0x00004dc8, Max: 0x00008000, ABSOLUTE)

    Exec Addr    Load Addr    Size         Type   Attr      Idx    E Section Name        Object

    0x20000000   0x080018f8   0x00000008   Data   RW            9    .data               main.o
    0x20000008   0x08001900   0x00000004   Data   RW          177    .data               systick.o
    0x2000000c   0x08001904   0x0000000c   Data   RW          226    .data               gd32e10x_it.o
    0x20000018   0x08001910   0x00000004   Data   RW          404    .data               system_gd32e10x.o
    0x2000001c   0x08001914   0x00000044   Data   RW         4353    .data               uart.o
    0x20000060        -       0x00003ce3   Zero   RW            7    .bss                main.o
    0x20003d43   0x08001958   0x00000001   PAD
    0x20003d44        -       0x00000060   Zero   RW         4201    .bss                adc.o
    0x20003da4        -       0x00000c20   Zero   RW         4352    .bss                uart.o
    0x200049c4   0x08001958   0x00000004   PAD
    0x200049c8        -       0x00000400   Zero   RW         4104    STACK               startup_gd32e10x.o


==============================================================================

Image component sizes


      Code (inc. data)   RO Data    RW Data    ZI Data      Debug   Object Name

       682         42         64          0          0       5981   74hc4051bq.o
       610         36          0          0         96       5376   adc.o
        32          6          0          0          0        856   blt.o
       188          0          0          0          0       3692   circular_buffer.o
       522         12          0          0          0       8899   gd32e10x_adc.o
       588          6          0          0          0      16774   gd32e10x_dma.o
       260          6          0          0          0       3986   gd32e10x_gpio.o
       132         14          0         12          0       5739   gd32e10x_it.o
       176         22          0          0          0       2840   gd32e10x_misc.o
       464         78          0          0          0      20743   gd32e10x_rcu.o
        60          0          0          0          0       2388   gd32e10x_timer.o
       298         16          0          0          0      13301   gd32e10x_usart.o
       292         28          0          8      15587      34487   main.o
        36          8        336          0       1024        916   startup_gd32e10x.o
       256         38          0          4          0       2359   system_gd32e10x.o
       132         12          0          4          0      27454   systick.o
      1054        136          0         68       3104      11040   uart.o

    ----------------------------------------------------------------------
      5798        460        432         96      19816     166831   Object Totals
         0          0         32          0          0          0   (incl. Generated)
        16          0          0          0          5          0   (incl. Padding)

    ----------------------------------------------------------------------

      Code (inc. data)   RO Data    RW Data    ZI Data      Debug   Library Member Name

         0          0          0          0          0          0   entry.o
         0          0          0          0          0          0   entry10a.o
         0          0          0          0          0          0   entry11a.o
         4          0          0          0          0          0   entry12b.o
         8          4          0          0          0          0   entry2.o
         4          0          0          0          0          0   entry5.o
         0          0          0          0          0          0   entry7b.o
         0          0          0          0          0          0   entry8b.o
         8          4          0          0          0          0   entry9a.o
        30          0          0          0          0          0   handlers.o
        36          8          0          0          0         68   init.o
        36          0          0          0          0         68   memcpya.o
        36          0          0          0          0        108   memseta.o

    ----------------------------------------------------------------------
       162         16          0          0          0        244   Library Totals
         0          0          0          0          0          0   (incl. Padding)

    ----------------------------------------------------------------------

      Code (inc. data)   RO Data    RW Data    ZI Data      Debug   Library Name

       162         16          0          0          0        244   mc_w.l

    ----------------------------------------------------------------------
       162         16          0          0          0        244   Library Totals

    ----------------------------------------------------------------------

==============================================================================


      Code (inc. data)   RO Data    RW Data    ZI Data      Debug   

      5960        476        432         96      19816     157527   Grand Totals
      5960        476        432         96      19816     157527   ELF Image Totals
      5960        476        432         96          0          0   ROM Totals

==============================================================================

    Total RO  Size (Code + RO Data)                 6392 (   6.24kB)
    Total RW  Size (RW Data + ZI Data)             19912 (  19.45kB)
    Total ROM Size (Code + RO Data + RW Data)       6488 (   6.34kB)

==============================================================================

