Component: ARM Compiler 5.06 update 7 (build 960) Tool: armlink [4d3601]

==============================================================================

Section Cross References

    main.o(i.TIMER3_IRQHandler) refers to gd32e10x_timer.o(i.timer_interrupt_flag_get) for timer_interrupt_flag_get
    main.o(i.TIMER3_IRQHandler) refers to gd32e10x_timer.o(i.timer_interrupt_flag_clear) for timer_interrupt_flag_clear
    main.o(i.main) refers to systick.o(i.systick_config) for systick_config
    main.o(i.main) refers to adc.o(i.adc_init) for adc_init
    main.o(i.main) refers to 74hc4051bq.o(i.Hc4051IoInit) for Hc4051IoInit
    main.o(i.main) refers to ble.o(i.ble_gpio_init) for ble_gpio_init
    main.o(i.main) refers to uart.o(i.usart2_init) for usart2_init
    main.o(i.main) refers to uart.o(i.usart0_init) for usart0_init
    main.o(i.main) refers to gd32e10x_gpio.o(i.gpio_bit_set) for gpio_bit_set
    main.o(i.main) refers to gd32e10x_gpio.o(i.gpio_bit_reset) for gpio_bit_reset
    main.o(i.main) refers to 74hc4051bq.o(i.ReadAdcValue) for ReadAdcValue
    main.o(i.main) refers to 74hc4051bq.o(i.display_reampping) for display_reampping
    main.o(i.main) refers to main.o(i.CalChecksum) for CalChecksum
    main.o(i.main) refers to uart.o(i.usart_dma_send_data) for usart_dma_send_data
    main.o(i.main) refers to ble.o(i.Board_BLE_data_send) for Board_BLE_data_send
    main.o(i.main) refers to systick.o(i.delay_1ms) for delay_1ms
    main.o(i.main) refers to main.o(.data) for time_1ms
    main.o(i.main) refers to main.o(.bss) for temp_adc_value
    systick.o(i.delay_1ms) refers to systick.o(.data) for delay
    systick.o(i.delay_decrement) refers to systick.o(.data) for delay
    systick.o(i.systick_config) refers to systick.o(i.NVIC_SetPriority) for NVIC_SetPriority
    systick.o(i.systick_config) refers to system_gd32e10x.o(.data) for SystemCoreClock
    gd32e10x_it.o(i.SysTick_Handler) refers to systick.o(i.delay_decrement) for delay_decrement
    gd32e10x_it.o(i.TIMER2_IRQHandler) refers to gd32e10x_timer.o(i.timer_interrupt_flag_get) for timer_interrupt_flag_get
    gd32e10x_it.o(i.TIMER2_IRQHandler) refers to gd32e10x_timer.o(i.timer_interrupt_flag_clear) for timer_interrupt_flag_clear
    gd32e10x_it.o(i.TIMER2_IRQHandler) refers to gd32e10x_timer.o(i.timer_channel_capture_value_register_read) for timer_channel_capture_value_register_read
    gd32e10x_it.o(i.TIMER2_IRQHandler) refers to gd32e10x_it.o(.data) for ccnumber
    system_gd32e10x.o(i.SystemCoreClockUpdate) refers to system_gd32e10x.o(.data) for SystemCoreClock
    system_gd32e10x.o(i.SystemInit) refers to system_gd32e10x.o(i.system_clock_config) for system_clock_config
    system_gd32e10x.o(i.SystemInit) refers to gd32e10x_misc.o(i.nvic_vector_table_set) for nvic_vector_table_set
    system_gd32e10x.o(i.system_clock_config) refers to system_gd32e10x.o(i.system_clock_120m_hxtal) for system_clock_120m_hxtal
    gd32e10x_adc.o(i.adc_deinit) refers to gd32e10x_rcu.o(i.rcu_periph_reset_enable) for rcu_periph_reset_enable
    gd32e10x_adc.o(i.adc_deinit) refers to gd32e10x_rcu.o(i.rcu_periph_reset_disable) for rcu_periph_reset_disable
    gd32e10x_bkp.o(i.bkp_deinit) refers to gd32e10x_rcu.o(i.rcu_bkp_reset_enable) for rcu_bkp_reset_enable
    gd32e10x_bkp.o(i.bkp_deinit) refers to gd32e10x_rcu.o(i.rcu_bkp_reset_disable) for rcu_bkp_reset_disable
    gd32e10x_can.o(i.can_debug_freeze_disable) refers to gd32e10x_dbg.o(i.dbg_periph_disable) for dbg_periph_disable
    gd32e10x_can.o(i.can_debug_freeze_enable) refers to gd32e10x_dbg.o(i.dbg_periph_enable) for dbg_periph_enable
    gd32e10x_can.o(i.can_deinit) refers to gd32e10x_rcu.o(i.rcu_periph_reset_enable) for rcu_periph_reset_enable
    gd32e10x_can.o(i.can_deinit) refers to gd32e10x_rcu.o(i.rcu_periph_reset_disable) for rcu_periph_reset_disable
    gd32e10x_can.o(i.can_fd_frequency_set) refers to gd32e10x_can.o(i.can_working_mode_set) for can_working_mode_set
    gd32e10x_can.o(i.can_fd_frequency_set) refers to gd32e10x_can.o(i.dev_can_baudrate_set) for dev_can_baudrate_set
    gd32e10x_can.o(i.can_filter_mask_mode_init) refers to gd32e10x_can.o(i.can_struct_para_init) for can_struct_para_init
    gd32e10x_can.o(i.can_filter_mask_mode_init) refers to gd32e10x_can.o(i.can_filter_init) for can_filter_init
    gd32e10x_can.o(i.can_frequency_set) refers to gd32e10x_can.o(i.can_working_mode_set) for can_working_mode_set
    gd32e10x_can.o(i.can_frequency_set) refers to gd32e10x_can.o(i.dev_can_baudrate_set) for dev_can_baudrate_set
    gd32e10x_can.o(i.can_message_receive) refers to gd32e10x_can.o(.constdata) for g_can_fdlength_table
    gd32e10x_can.o(i.can_message_transmit) refers to gd32e10x_can.o(.constdata) for g_can_fdlength_table
    gd32e10x_can.o(i.dev_can_baudrate_set) refers to gd32e10x_rcu.o(i.rcu_clock_freq_get) for rcu_clock_freq_get
    gd32e10x_can.o(i.dev_can_baudrate_set) refers to gd32e10x_can.o(.constdata) for timing_pts
[...]
    Removing gd32e10x_fmc.o(i.fmc_program_width_set), (24 bytes).
    Removing gd32e10x_fmc.o(i.fmc_ready_wait), (34 bytes).
    Removing gd32e10x_fmc.o(i.fmc_state_get), (64 bytes).
    Removing gd32e10x_fmc.o(i.fmc_unlock), (36 bytes).
    Removing gd32e10x_fmc.o(i.fmc_word_program), (64 bytes).
    Removing gd32e10x_fmc.o(i.fmc_wscnt_set), (24 bytes).
    Removing gd32e10x_fmc.o(i.ob_data_get), (16 bytes).
    Removing gd32e10x_fmc.o(i.ob_data_program), (68 bytes).
    Removing gd32e10x_fmc.o(i.ob_erase), (144 bytes).
    Removing gd32e10x_fmc.o(i.ob_lock), (20 bytes).
    Removing gd32e10x_fmc.o(i.ob_security_protection_config), (144 bytes).
    Removing gd32e10x_fmc.o(i.ob_security_protection_flag_get), (24 bytes).
    Removing gd32e10x_fmc.o(i.ob_unlock), (36 bytes).
    Removing gd32e10x_fmc.o(i.ob_user_get), (16 bytes).
    Removing gd32e10x_fmc.o(i.ob_user_write), (92 bytes).
    Removing gd32e10x_fmc.o(i.ob_write_protection_enable), (132 bytes).
    Removing gd32e10x_fmc.o(i.ob_write_protection_get), (12 bytes).
    Removing gd32e10x_fwdgt.o(.rev16_text), (4 bytes).
    Removing gd32e10x_fwdgt.o(.revsh_text), (4 bytes).
    Removing gd32e10x_fwdgt.o(i.fwdgt_config), (104 bytes).
    Removing gd32e10x_fwdgt.o(i.fwdgt_counter_reload), (16 bytes).
    Removing gd32e10x_fwdgt.o(i.fwdgt_enable), (16 bytes).
    Removing gd32e10x_fwdgt.o(i.fwdgt_flag_get), (24 bytes).
    Removing gd32e10x_fwdgt.o(i.fwdgt_write_disable), (12 bytes).
    Removing gd32e10x_fwdgt.o(i.fwdgt_write_enable), (16 bytes).
    Removing gd32e10x_gpio.o(.rev16_text), (4 bytes).
    Removing gd32e10x_gpio.o(.revsh_text), (4 bytes).
    Removing gd32e10x_gpio.o(i.gpio_afio_deinit), (20 bytes).
    Removing gd32e10x_gpio.o(i.gpio_bit_write), (10 bytes).
    Removing gd32e10x_gpio.o(i.gpio_compensation_config), (24 bytes).
    Removing gd32e10x_gpio.o(i.gpio_compensation_flag_get), (24 bytes).
    Removing gd32e10x_gpio.o(i.gpio_deinit), (148 bytes).
    Removing gd32e10x_gpio.o(i.gpio_event_output_config), (28 bytes).
    Removing gd32e10x_gpio.o(i.gpio_event_output_disable), (20 bytes).
    Removing gd32e10x_gpio.o(i.gpio_event_output_enable), (20 bytes).
    Removing gd32e10x_gpio.o(i.gpio_exti_source_select), (152 bytes).
    Removing gd32e10x_gpio.o(i.gpio_input_port_get), (8 bytes).
    Removing gd32e10x_gpio.o(i.gpio_output_bit_get), (16 bytes).
    Removing gd32e10x_gpio.o(i.gpio_output_port_get), (8 bytes).
    Removing gd32e10x_gpio.o(i.gpio_pin_lock), (18 bytes).
    Removing gd32e10x_gpio.o(i.gpio_port_write), (4 bytes).
    Removing gd32e10x_i2c.o(.rev16_text), (4 bytes).
    Removing gd32e10x_i2c.o(.revsh_text), (4 bytes).
    Removing gd32e10x_i2c.o(i.i2c_ack_config), (24 bytes).
    Removing gd32e10x_i2c.o(i.i2c_ackpos_config), (22 bytes).
    Removing gd32e10x_i2c.o(i.i2c_clock_config), (320 bytes).
    Removing gd32e10x_i2c.o(i.i2c_data_receive), (8 bytes).
    Removing gd32e10x_i2c.o(i.i2c_data_transmit), (6 bytes).
    Removing gd32e10x_i2c.o(i.i2c_deinit), (64 bytes).
    Removing gd32e10x_i2c.o(i.i2c_disable), (10 bytes).
    Removing gd32e10x_i2c.o(i.i2c_dma_enable), (16 bytes).
    Removing gd32e10x_i2c.o(i.i2c_dma_last_transfer_config), (16 bytes).
    Removing gd32e10x_i2c.o(i.i2c_dualaddr_disable), (10 bytes).
    Removing gd32e10x_i2c.o(i.i2c_dualaddr_enable), (12 bytes).
    Removing gd32e10x_i2c.o(i.i2c_enable), (10 bytes).
    Removing gd32e10x_i2c.o(i.i2c_flag_clear), (40 bytes).
    Removing gd32e10x_i2c.o(i.i2c_flag_get), (30 bytes).
    Removing gd32e10x_i2c.o(i.i2c_interrupt_disable), (26 bytes).
    Removing gd32e10x_i2c.o(i.i2c_interrupt_enable), (26 bytes).
    Removing gd32e10x_i2c.o(i.i2c_interrupt_flag_clear), (44 bytes).
    Removing gd32e10x_i2c.o(i.i2c_interrupt_flag_get), (92 bytes).
    Removing gd32e10x_i2c.o(i.i2c_master_addressing), (20 bytes).
    Removing gd32e10x_i2c.o(i.i2c_mode_addr_config), (28 bytes).
    Removing gd32e10x_i2c.o(i.i2c_pec_enable), (16 bytes).
    Removing gd32e10x_i2c.o(i.i2c_pec_transfer_enable), (16 bytes).
    Removing gd32e10x_i2c.o(i.i2c_pec_value_get), (10 bytes).
    Removing gd32e10x_i2c.o(i.i2c_sam_disable), (14 bytes).
    Removing gd32e10x_i2c.o(i.i2c_sam_enable), (14 bytes).
    Removing gd32e10x_i2c.o(i.i2c_sam_timeout_disable), (14 bytes).
    Removing gd32e10x_i2c.o(i.i2c_sam_timeout_enable), (14 bytes).
    Removing gd32e10x_i2c.o(i.i2c_slave_response_to_gcall_config), (16 bytes).
    Removing gd32e10x_i2c.o(i.i2c_smbus_arp_enable), (16 bytes).
    Removing gd32e10x_i2c.o(i.i2c_smbus_issue_alert), (16 bytes).
    Removing gd32e10x_i2c.o(i.i2c_smbus_type_config), (24 bytes).
    Removing gd32e10x_i2c.o(i.i2c_software_reset_config), (16 bytes).
    Removing gd32e10x_i2c.o(i.i2c_start_on_bus), (10 bytes).
    Removing gd32e10x_i2c.o(i.i2c_stop_on_bus), (10 bytes).
    Removing gd32e10x_i2c.o(i.i2c_stretch_scl_low_config), (16 bytes).
    Removing gd32e10x_misc.o(.rev16_text), (4 bytes).
    Removing gd32e10x_misc.o(.revsh_text), (4 bytes).
    Removing gd32e10x_misc.o(i.nvic_irq_disable), (24 bytes).
    Removing gd32e10x_misc.o(i.system_lowpower_reset), (16 bytes).
    Removing gd32e10x_misc.o(i.system_lowpower_set), (16 bytes).
    Removing gd32e10x_misc.o(i.systick_clksource_set), (40 bytes).
    Removing gd32e10x_pmu.o(.rev16_text), (4 bytes).
    Removing gd32e10x_pmu.o(.revsh_text), (4 bytes).
    Removing gd32e10x_pmu.o(i.pmu_backup_write_disable), (20 bytes).
    Removing gd32e10x_pmu.o(i.pmu_backup_write_enable), (20 bytes).
    Removing gd32e10x_pmu.o(i.pmu_deinit), (20 bytes).
    Removing gd32e10x_pmu.o(i.pmu_flag_clear), (48 bytes).
    Removing gd32e10x_pmu.o(i.pmu_flag_get), (24 bytes).
    Removing gd32e10x_pmu.o(i.pmu_ldo_output_select), (28 bytes).
    Removing gd32e10x_pmu.o(i.pmu_lvd_disable), (20 bytes).
    Removing gd32e10x_pmu.o(i.pmu_lvd_select), (48 bytes).
    Removing gd32e10x_pmu.o(i.pmu_to_deepsleepmode), (196 bytes).
    Removing gd32e10x_pmu.o(i.pmu_to_sleepmode), (28 bytes).
    Removing gd32e10x_pmu.o(i.pmu_to_standbymode), (52 bytes).
    Removing gd32e10x_pmu.o(i.pmu_wakeup_pin_disable), (20 bytes).
    Removing gd32e10x_pmu.o(i.pmu_wakeup_pin_enable), (20 bytes).
    Removing gd32e10x_pmu.o(.bss), (16 bytes).
    Removing gd32e10x_rcu.o(.rev16_text), (4 bytes).
    Removing gd32e10x_rcu.o(.revsh_text), (4 bytes).
    Removing gd32e10x_rcu.o(i.rcu_ahb_clock_config), (24 bytes).
    Removing gd32e10x_rcu.o(i.rcu_all_reset_flag_clear), (20 bytes).
    Removing gd32e10x_rcu.o(i.rcu_apb1_clock_config), (24 bytes).
    Removing gd32e10x_rcu.o(i.rcu_apb2_clock_config), (24 bytes).
    Removing gd32e10x_rcu.o(i.rcu_bkp_reset_disable), (20 bytes).
    Removing gd32e10x_rcu.o(i.rcu_bkp_reset_enable), (20 bytes).
    Removing gd32e10x_rcu.o(i.rcu_ck48m_clock_config), (28 bytes).
    Removing gd32e10x_rcu.o(i.rcu_ckout0_config), (24 bytes).
    Removing gd32e10x_rcu.o(i.rcu_deepsleep_voltage_set), (16 bytes).
    Removing gd32e10x_rcu.o(i.rcu_deinit), (100 bytes).
    Removing gd32e10x_rcu.o(i.rcu_flag_get), (36 bytes).
    Removing gd32e10x_rcu.o(i.rcu_hxtal_clock_monitor_disable), (20 bytes).
    Removing gd32e10x_rcu.o(i.rcu_hxtal_clock_monitor_enable), (20 bytes).
    Removing gd32e10x_rcu.o(i.rcu_i2s1_clock_config), (24 bytes).
    Removing gd32e10x_rcu.o(i.rcu_i2s2_clock_config), (24 bytes).
    Removing gd32e10x_rcu.o(i.rcu_interrupt_disable), (32 bytes).
    Removing gd32e10x_rcu.o(i.rcu_interrupt_enable), (32 bytes).
    Removing gd32e10x_rcu.o(i.rcu_interrupt_flag_clear), (32 bytes).
    Removing gd32e10x_rcu.o(i.rcu_interrupt_flag_get), (36 bytes).
    Removing gd32e10x_rcu.o(i.rcu_irc8m_adjust_value_set), (28 bytes).
    Removing gd32e10x_rcu.o(i.rcu_lxtal_drive_capability_config), (24 bytes).
    Removing gd32e10x_rcu.o(i.rcu_osci_bypass_mode_disable), (112 bytes).
    Removing gd32e10x_rcu.o(i.rcu_osci_bypass_mode_enable), (112 bytes).
    Removing gd32e10x_rcu.o(i.rcu_osci_off), (32 bytes).
    Removing gd32e10x_rcu.o(i.rcu_osci_on), (32 bytes).
    Removing gd32e10x_rcu.o(i.rcu_osci_stab_wait), (348 bytes).
    Removing gd32e10x_rcu.o(i.rcu_periph_clock_disable), (32 bytes).
    Removing gd32e10x_rcu.o(i.rcu_periph_clock_sleep_disable), (32 bytes).
    Removing gd32e10x_rcu.o(i.rcu_periph_clock_sleep_enable), (32 bytes).
    Removing gd32e10x_rcu.o(i.rcu_pll1_config), (28 bytes).
    Removing gd32e10x_rcu.o(i.rcu_pll2_config), (28 bytes).
    Removing gd32e10x_rcu.o(i.rcu_pll_config), (32 bytes).
    Removing gd32e10x_rcu.o(i.rcu_pllpresel_config), (24 bytes).
    Removing gd32e10x_rcu.o(i.rcu_predv0_config), (32 bytes).
    Removing gd32e10x_rcu.o(i.rcu_predv1_config), (24 bytes).
    Removing gd32e10x_rcu.o(i.rcu_rtc_clock_config), (24 bytes).
    Removing gd32e10x_rcu.o(i.rcu_system_clock_source_config), (24 bytes).
    Removing gd32e10x_rcu.o(i.rcu_system_clock_source_get), (16 bytes).
    Removing gd32e10x_rcu.o(i.rcu_usb_clock_config), (24 bytes).
    Removing gd32e10x_rtc.o(.rev16_text), (4 bytes).
    Removing gd32e10x_rtc.o(.revsh_text), (4 bytes).
    Removing gd32e10x_rtc.o(i.rtc_alarm_config), (32 bytes).
    Removing gd32e10x_rtc.o(i.rtc_configuration_mode_enter), (20 bytes).
    Removing gd32e10x_rtc.o(i.rtc_configuration_mode_exit), (20 bytes).
    Removing gd32e10x_rtc.o(i.rtc_counter_get), (20 bytes).
    Removing gd32e10x_rtc.o(i.rtc_counter_set), (32 bytes).
    Removing gd32e10x_rtc.o(i.rtc_divider_get), (24 bytes).
    Removing gd32e10x_rtc.o(i.rtc_flag_clear), (16 bytes).
    Removing gd32e10x_rtc.o(i.rtc_flag_get), (24 bytes).
    Removing gd32e10x_rtc.o(i.rtc_interrupt_disable), (16 bytes).
    Removing gd32e10x_rtc.o(i.rtc_interrupt_enable), (16 bytes).
    Removing gd32e10x_rtc.o(i.rtc_interrupt_flag_clear), (16 bytes).
    Removing gd32e10x_rtc.o(i.rtc_interrupt_flag_get), (24 bytes).
    Removing gd32e10x_rtc.o(i.rtc_lwoff_wait), (20 bytes).
    Removing gd32e10x_rtc.o(i.rtc_prescaler_set), (32 bytes).
    Removing gd32e10x_rtc.o(i.rtc_register_sync_wait), (32 bytes).
    Removing gd32e10x_spi.o(.rev16_text), (4 bytes).
    Removing gd32e10x_spi.o(.revsh_text), (4 bytes).
    Removing gd32e10x_spi.o(i.i2s_disable), (10 bytes).
    Removing gd32e10x_spi.o(i.i2s_enable), (10 bytes).
    Removing gd32e10x_spi.o(i.i2s_init), (28 bytes).
    Removing gd32e10x_spi.o(i.i2s_psc_config), (280 bytes).
    Removing gd32e10x_spi.o(i.qspi_disable), (14 bytes).
    Removing gd32e10x_spi.o(i.qspi_enable), (14 bytes).
    Removing gd32e10x_spi.o(i.qspi_io23_output_disable), (14 bytes).
    Removing gd32e10x_spi.o(i.qspi_io23_output_enable), (14 bytes).
    Removing gd32e10x_spi.o(i.qspi_read_enable), (14 bytes).
    Removing gd32e10x_spi.o(i.qspi_write_enable), (14 bytes).
    Removing gd32e10x_spi.o(i.spi_bidirectional_transfer_config), (26 bytes).
    Removing gd32e10x_spi.o(i.spi_crc_error_clear), (10 bytes).
    Removing gd32e10x_spi.o(i.spi_crc_get), (16 bytes).
    Removing gd32e10x_spi.o(i.spi_crc_next), (10 bytes).
    Removing gd32e10x_spi.o(i.spi_crc_off), (10 bytes).
    Removing gd32e10x_spi.o(i.spi_crc_on), (10 bytes).
    Removing gd32e10x_spi.o(i.spi_crc_polynomial_get), (8 bytes).
    Removing gd32e10x_spi.o(i.spi_crc_polynomial_set), (12 bytes).
    Removing gd32e10x_spi.o(i.spi_disable), (10 bytes).
    Removing gd32e10x_spi.o(i.spi_dma_disable), (22 bytes).
    Removing gd32e10x_spi.o(i.spi_dma_enable), (22 bytes).
    Removing gd32e10x_spi.o(i.spi_enable), (10 bytes).
    Removing gd32e10x_spi.o(i.spi_i2s_data_frame_format_config), (16 bytes).
    Removing gd32e10x_spi.o(i.spi_i2s_data_receive), (8 bytes).
    Removing gd32e10x_spi.o(i.spi_i2s_data_transmit), (4 bytes).
    Removing gd32e10x_spi.o(i.spi_i2s_deinit), (88 bytes).
    Removing gd32e10x_spi.o(i.spi_i2s_flag_get), (16 bytes).
    Removing gd32e10x_spi.o(i.spi_i2s_interrupt_disable), (48 bytes).
    Removing gd32e10x_spi.o(i.spi_i2s_interrupt_enable), (48 bytes).
    Removing gd32e10x_spi.o(i.spi_i2s_interrupt_flag_get), (112 bytes).
    Removing gd32e10x_spi.o(i.spi_init), (50 bytes).
    Removing gd32e10x_spi.o(i.spi_nss_internal_high), (10 bytes).
    Removing gd32e10x_spi.o(i.spi_nss_internal_low), (10 bytes).
    Removing gd32e10x_spi.o(i.spi_nss_output_disable), (10 bytes).
    Removing gd32e10x_spi.o(i.spi_nss_output_enable), (10 bytes).
    Removing gd32e10x_spi.o(i.spi_nssp_mode_disable), (10 bytes).
    Removing gd32e10x_spi.o(i.spi_nssp_mode_enable), (10 bytes).
    Removing gd32e10x_spi.o(i.spi_struct_para_init), (16 bytes).
    Removing gd32e10x_spi.o(i.spi_ti_mode_disable), (10 bytes).
    Removing gd32e10x_spi.o(i.spi_ti_mode_enable), (10 bytes).
    Removing gd32e10x_timer.o(.rev16_text), (4 bytes).
    Removing gd32e10x_timer.o(.revsh_text), (4 bytes).
    Removing gd32e10x_timer.o(i.timer_auto_reload_shadow_disable), (10 bytes).
    Removing gd32e10x_timer.o(i.timer_auto_reload_shadow_enable), (10 bytes).
    Removing gd32e10x_timer.o(i.timer_automatic_output_disable), (10 bytes).
    Removing gd32e10x_timer.o(i.timer_automatic_output_enable), (10 bytes).
    Removing gd32e10x_timer.o(i.timer_autoreload_value_config), (4 bytes).
    Removing gd32e10x_timer.o(i.timer_break_config), (30 bytes).
    Removing gd32e10x_timer.o(i.timer_break_disable), (10 bytes).
    Removing gd32e10x_timer.o(i.timer_break_enable), (10 bytes).
    Removing gd32e10x_timer.o(i.timer_break_struct_para_init), (18 bytes).
    Removing gd32e10x_timer.o(i.timer_channel_complementary_output_polarity_config), (70 bytes).
    Removing gd32e10x_timer.o(i.timer_channel_complementary_output_state_config), (70 bytes).
    Removing gd32e10x_timer.o(i.timer_channel_control_shadow_config), (24 bytes).
    Removing gd32e10x_timer.o(i.timer_channel_control_shadow_update_config), (26 bytes).
    Removing gd32e10x_timer.o(i.timer_channel_dma_request_source_select), (26 bytes).
    Removing gd32e10x_timer.o(i.timer_channel_input_capture_prescaler_config), (90 bytes).
    Removing gd32e10x_timer.o(i.timer_channel_input_struct_para_init), (16 bytes).
    Removing gd32e10x_timer.o(i.timer_channel_output_clear_config), (90 bytes).
    Removing gd32e10x_timer.o(i.timer_channel_output_config), (492 bytes).
    Removing gd32e10x_timer.o(i.timer_channel_output_fast_config), (90 bytes).
    Removing gd32e10x_timer.o(i.timer_channel_output_mode_config), (90 bytes).
    Removing gd32e10x_timer.o(i.timer_channel_output_polarity_config), (92 bytes).
    Removing gd32e10x_timer.o(i.timer_channel_output_pulse_value_config), (38 bytes).
    Removing gd32e10x_timer.o(i.timer_channel_output_shadow_config), (90 bytes).
    Removing gd32e10x_timer.o(i.timer_channel_output_state_config), (92 bytes).
    Removing gd32e10x_timer.o(i.timer_channel_output_struct_para_init), (16 bytes).
    Removing gd32e10x_timer.o(i.timer_counter_alignment), (16 bytes).
    Removing gd32e10x_timer.o(i.timer_counter_down_direction), (10 bytes).
    Removing gd32e10x_timer.o(i.timer_counter_read), (8 bytes).
    Removing gd32e10x_timer.o(i.timer_counter_up_direction), (10 bytes).
    Removing gd32e10x_timer.o(i.timer_counter_value_config), (4 bytes).
    Removing gd32e10x_timer.o(i.timer_deinit), (388 bytes).
    Removing gd32e10x_timer.o(i.timer_disable), (10 bytes).
    Removing gd32e10x_timer.o(i.timer_dma_disable), (8 bytes).
    Removing gd32e10x_timer.o(i.timer_dma_enable), (8 bytes).
    Removing gd32e10x_timer.o(i.timer_dma_transfer_config), (24 bytes).
    Removing gd32e10x_timer.o(i.timer_enable), (10 bytes).
    Removing gd32e10x_timer.o(i.timer_event_software_generate), (8 bytes).
    Removing gd32e10x_timer.o(i.timer_external_clock_mode0_config), (40 bytes).
    Removing gd32e10x_timer.o(i.timer_external_clock_mode1_config), (32 bytes).
    Removing gd32e10x_timer.o(i.timer_external_clock_mode1_disable), (10 bytes).
    Removing gd32e10x_timer.o(i.timer_external_trigger_as_external_clock_config), (166 bytes).
    Removing gd32e10x_timer.o(i.timer_external_trigger_config), (30 bytes).
    Removing gd32e10x_timer.o(i.timer_flag_clear), (6 bytes).
    Removing gd32e10x_timer.o(i.timer_flag_get), (16 bytes).
    Removing gd32e10x_timer.o(i.timer_hall_mode_config), (26 bytes).
    Removing gd32e10x_timer.o(i.timer_init), (164 bytes).
    Removing gd32e10x_timer.o(i.timer_input_capture_config), (326 bytes).
    Removing gd32e10x_timer.o(i.timer_input_pwm_capture_config), (356 bytes).
    Removing gd32e10x_timer.o(i.timer_input_trigger_source_select), (16 bytes).
    Removing gd32e10x_timer.o(i.timer_internal_clock_config), (10 bytes).
    Removing gd32e10x_timer.o(i.timer_internal_trigger_as_external_clock_config), (32 bytes).
    Removing gd32e10x_timer.o(i.timer_interrupt_disable), (8 bytes).
    Removing gd32e10x_timer.o(i.timer_interrupt_enable), (8 bytes).
    Removing gd32e10x_timer.o(i.timer_master_output_trigger_source_select), (16 bytes).
    Removing gd32e10x_timer.o(i.timer_master_slave_mode_config), (26 bytes).
    Removing gd32e10x_timer.o(i.timer_output_value_selection_config), (34 bytes).
    Removing gd32e10x_timer.o(i.timer_prescaler_config), (16 bytes).
    Removing gd32e10x_timer.o(i.timer_prescaler_read), (10 bytes).
    Removing gd32e10x_timer.o(i.timer_primary_output_config), (24 bytes).
    Removing gd32e10x_timer.o(i.timer_quadrature_decoder_mode_config), (64 bytes).
    Removing gd32e10x_timer.o(i.timer_repetition_value_config), (4 bytes).
    Removing gd32e10x_timer.o(i.timer_single_pulse_mode_config), (26 bytes).
    Removing gd32e10x_timer.o(i.timer_slave_mode_select), (16 bytes).
    Removing gd32e10x_timer.o(i.timer_struct_para_init), (22 bytes).
    Removing gd32e10x_timer.o(i.timer_update_event_disable), (10 bytes).
    Removing gd32e10x_timer.o(i.timer_update_event_enable), (10 bytes).
    Removing gd32e10x_timer.o(i.timer_update_source_config), (26 bytes).
    Removing gd32e10x_timer.o(i.timer_write_chxval_register_config), (34 bytes).
    Removing gd32e10x_usart.o(.rev16_text), (4 bytes).
    Removing gd32e10x_usart.o(.revsh_text), (4 bytes).
    Removing gd32e10x_usart.o(i.usart_address_config), (20 bytes).
    Removing gd32e10x_usart.o(i.usart_block_length_config), (28 bytes).
    Removing gd32e10x_usart.o(i.usart_data_first_config), (20 bytes).
    Removing gd32e10x_usart.o(i.usart_data_receive), (10 bytes).
    Removing gd32e10x_usart.o(i.usart_data_transmit), (8 bytes).
    Removing gd32e10x_usart.o(i.usart_disable), (10 bytes).
    Removing gd32e10x_usart.o(i.usart_flag_clear), (26 bytes).
    Removing gd32e10x_usart.o(i.usart_flag_get), (30 bytes).
    Removing gd32e10x_usart.o(i.usart_guard_time_config), (24 bytes).
    Removing gd32e10x_usart.o(i.usart_halfduplex_disable), (10 bytes).
    Removing gd32e10x_usart.o(i.usart_halfduplex_enable), (10 bytes).
    Removing gd32e10x_usart.o(i.usart_hardware_flow_coherence_config), (24 bytes).
    Removing gd32e10x_usart.o(i.usart_hardware_flow_cts_config), (16 bytes).
    Removing gd32e10x_usart.o(i.usart_hardware_flow_rts_config), (16 bytes).
    Removing gd32e10x_usart.o(i.usart_interrupt_disable), (26 bytes).
    Removing gd32e10x_usart.o(i.usart_interrupt_flag_clear), (26 bytes).
    Removing gd32e10x_usart.o(i.usart_invert_config), (104 bytes).
    Removing gd32e10x_usart.o(i.usart_irda_lowpower_config), (20 bytes).
    Removing gd32e10x_usart.o(i.usart_irda_mode_disable), (10 bytes).
    Removing gd32e10x_usart.o(i.usart_irda_mode_enable), (10 bytes).
    Removing gd32e10x_usart.o(i.usart_lin_break_detection_length_config), (20 bytes).
    Removing gd32e10x_usart.o(i.usart_lin_mode_disable), (10 bytes).
    Removing gd32e10x_usart.o(i.usart_lin_mode_enable), (10 bytes).
    Removing gd32e10x_usart.o(i.usart_mute_mode_disable), (10 bytes).
    Removing gd32e10x_usart.o(i.usart_mute_mode_enable), (10 bytes).
    Removing gd32e10x_usart.o(i.usart_mute_mode_wakeup_config), (16 bytes).
    Removing gd32e10x_usart.o(i.usart_parity_config), (16 bytes).
    Removing gd32e10x_usart.o(i.usart_prescaler_config), (16 bytes).
    Removing gd32e10x_usart.o(i.usart_receiver_timeout_disable), (14 bytes).
    Removing gd32e10x_usart.o(i.usart_receiver_timeout_enable), (14 bytes).
    Removing gd32e10x_usart.o(i.usart_receiver_timeout_threshold_config), (20 bytes).
    Removing gd32e10x_usart.o(i.usart_send_break), (10 bytes).
    Removing gd32e10x_usart.o(i.usart_smartcard_autoretry_config), (26 bytes).
    Removing gd32e10x_usart.o(i.usart_smartcard_mode_disable), (10 bytes).
    Removing gd32e10x_usart.o(i.usart_smartcard_mode_enable), (10 bytes).
    Removing gd32e10x_usart.o(i.usart_smartcard_mode_nack_disable), (10 bytes).
    Removing gd32e10x_usart.o(i.usart_smartcard_mode_nack_enable), (10 bytes).
    Removing gd32e10x_usart.o(i.usart_stop_bit_set), (16 bytes).
    Removing gd32e10x_usart.o(i.usart_synchronous_clock_config), (34 bytes).
    Removing gd32e10x_usart.o(i.usart_synchronous_clock_disable), (10 bytes).
    Removing gd32e10x_usart.o(i.usart_synchronous_clock_enable), (10 bytes).
    Removing gd32e10x_usart.o(i.usart_word_length_set), (16 bytes).
    Removing gd32e10x_wwdgt.o(.rev16_text), (4 bytes).
    Removing gd32e10x_wwdgt.o(.revsh_text), (4 bytes).
    Removing gd32e10x_wwdgt.o(i.wwdgt_config), (56 bytes).
    Removing gd32e10x_wwdgt.o(i.wwdgt_counter_update), (28 bytes).
    Removing gd32e10x_wwdgt.o(i.wwdgt_deinit), (20 bytes).
    Removing gd32e10x_wwdgt.o(i.wwdgt_enable), (20 bytes).
    Removing gd32e10x_wwdgt.o(i.wwdgt_flag_clear), (20 bytes).
    Removing gd32e10x_wwdgt.o(i.wwdgt_flag_get), (24 bytes).
    Removing gd32e10x_wwdgt.o(i.wwdgt_interrupt_enable), (20 bytes).
    Removing startup_gd32e10x.o(HEAP), (1024 bytes).
    Removing 74hc4051bq.o(.rev16_text), (4 bytes).
    Removing 74hc4051bq.o(.revsh_text), (4 bytes).
    Removing 74hc4051bq.o(i.ProcessADCvalue), (248 bytes).
    Removing 74hc4051bq.o(.bss), (1568 bytes).
    Removing adc.o(.rev16_text), (4 bytes).
    Removing adc.o(.revsh_text), (4 bytes).
    Removing flash.o(.rev16_text), (4 bytes).
    Removing flash.o(.revsh_text), (4 bytes).
    Removing flash.o(i.fmc_program), (92 bytes).
    Removing flash.o(i.get_config_params), (20 bytes).
    Removing flash.o(i.load_config_params), (28 bytes).
    Removing flash.o(i.save_config_params), (16 bytes).
    Removing flash.o(.bss), (20 bytes).
    Removing flash.o(.data), (1 bytes).
    Removing timer.o(.rev16_text), (4 bytes).
    Removing timer.o(.revsh_text), (4 bytes).
    Removing timer.o(i.timer_config), (196 bytes).
    Removing timer.o(i.timer_config2), (196 bytes).
    Removing uart.o(.rev16_text), (4 bytes).
    Removing uart.o(.revsh_text), (4 bytes).
    Removing uart.o(i.fputc), (64 bytes).
    Removing uart.o(i.usart_at), (48 bytes).
    Removing uart.o(i.usart_drop), (44 bytes).
    Removing uart.o(i.usart_get_rx_data_count), (40 bytes).
    Removing uart.o(i.usart_read), (60 bytes).
    Removing uart.o(i.usart_recv), (56 bytes).
    Removing uart.o(i.usart_rx_probe), (40 bytes).
    Removing circular_buffer.o(i.CircBuf_Alloc), (74 bytes).
    Removing circular_buffer.o(i.CircBuf_At), (22 bytes).
    Removing circular_buffer.o(i.CircBuf_Drop), (24 bytes).
    Removing circular_buffer.o(i.CircBuf_Free), (14 bytes).
    Removing circular_buffer.o(i.CircBuf_GetAvalaibleSize), (22 bytes).
    Removing circular_buffer.o(i.CircBuf_GetUsedSize), (10 bytes).
    Removing circular_buffer.o(i.CircBuf_IsEmpty), (22 bytes).
    Removing circular_buffer.o(i.CircBuf_IsFull), (26 bytes).
    Removing circular_buffer.o(i.CircBuf_Pop), (108 bytes).
    Removing circular_buffer.o(i.CircBuf_PopOneChar), (18 bytes).
    Removing circular_buffer.o(i.CircBuf_Read), (102 bytes).
    Removing circular_buffer.o(i.RoundUp_PowerOf2), (56 bytes).
    Removing ble.o(.rev16_text), (4 bytes).
    Removing ble.o(.revsh_text), (4 bytes).
    Removing ble.o(i.ble_init), (112 bytes).
    Removing ble.o(.bss), (512 bytes).
    Removing ble.o(.constdata), (20 bytes).
    Removing ble.o(.conststring), (79 bytes).

592 unused section(s) (total 25678 bytes) removed from the image.

==============================================================================

Image Symbol Table

    Local Symbols

    Symbol Name                              Value     Ov Type        Size  Object(Section)

    ../clib/microlib/init/entry.s            0x00000000   Number         0  entry12a.o ABSOLUTE
    ../clib/microlib/init/entry.s            0x00000000   Number         0  entry9a.o ABSOLUTE
    ../clib/microlib/init/entry.s            0x00000000   Number         0  entry9b.o ABSOLUTE
    ../clib/microlib/init/entry.s            0x00000000   Number         0  entry10a.o ABSOLUTE
    ../clib/microlib/init/entry.s            0x00000000   Number         0  entry10b.o ABSOLUTE
    ../clib/microlib/init/entry.s            0x00000000   Number         0  entry12b.o ABSOLUTE
    ../clib/microlib/init/entry.s            0x00000000   Number         0  entry8b.o ABSOLUTE
    ../clib/microlib/init/entry.s            0x00000000   Number         0  entry11b.o ABSOLUTE
    ../clib/microlib/init/entry.s            0x00000000   Number         0  entry11a.o ABSOLUTE
    ../clib/microlib/init/entry.s            0x00000000   Number         0  entry2.o ABSOLUTE
    ../clib/microlib/init/entry.s            0x00000000   Number         0  entry.o ABSOLUTE
    ../clib/microlib/init/entry.s            0x00000000   Number         0  entry8a.o ABSOLUTE
    ../clib/microlib/init/entry.s            0x00000000   Number         0  entry7b.o ABSOLUTE
    ../clib/microlib/init/entry.s            0x00000000   Number         0  entry7a.o ABSOLUTE
    ../clib/microlib/init/entry.s            0x00000000   Number         0  entry5.o ABSOLUTE
    ../clib/microlib/malloc/calloc.c         0x00000000   Number         0  calloc.o ABSOLUTE
    ../clib/microlib/malloc/malloc.c         0x00000000   Number         0  mallocra.o ABSOLUTE
    ../clib/microlib/malloc/malloc.c         0x00000000   Number         0  malloca.o ABSOLUTE
    ../clib/microlib/malloc/malloc.c         0x00000000   Number         0  mallocr.o ABSOLUTE
    ../clib/microlib/malloc/malloc.c         0x00000000   Number         0  malloc.o ABSOLUTE
    ../clib/microlib/malloc/mvars.c          0x00000000   Number         0  mvars.o ABSOLUTE
    ../clib/microlib/string/memcpy.c         0x00000000   Number         0  memcpyb.o ABSOLUTE
    ../clib/microlib/string/memcpy.c         0x00000000   Number         0  memcpya.o ABSOLUTE
    ../clib/microlib/string/memset.c         0x00000000   Number         0  memseta.o ABSOLUTE
    ../clib/microlib/string/strlen.c         0x00000000   Number         0  strlen.o ABSOLUTE
    ..\..\Bsp\74HC4051BQ.c                   0x00000000   Number         0  74hc4051bq.o ABSOLUTE
    ..\..\Bsp\BLE.c                          0x00000000   Number         0  ble.o ABSOLUTE
    ..\..\Bsp\adc.c                          0x00000000   Number         0  adc.o ABSOLUTE
    ..\..\Bsp\circular_buffer.c              0x00000000   Number         0  circular_buffer.o ABSOLUTE
    ..\..\Bsp\flash.c                        0x00000000   Number         0  flash.o ABSOLUTE
    ..\..\Bsp\timer.c                        0x00000000   Number         0  timer.o ABSOLUTE
    ..\..\Bsp\uart.c                         0x00000000   Number         0  uart.o ABSOLUTE
    ..\..\Firmware\CMSIS\GD\GD32E10x\Source\ARM\startup_gd32e10x.s 0x00000000   Number         0  startup_gd32e10x.o ABSOLUTE
    ..\..\Firmware\CMSIS\GD\GD32E10x\Source\system_gd32e10x.c 0x00000000   Number         0  system_gd32e10x.o ABSOLUTE
    ..\..\Firmware\GD32E10x_standard_peripheral\Source\gd32e10x_adc.c 0x00000000   Number         0  gd32e10x_adc.o ABSOLUTE
    ..\..\Firmware\GD32E10x_standard_peripheral\Source\gd32e10x_bkp.c 0x00000000   Number         0  gd32e10x_bkp.o ABSOLUTE
    ..\..\Firmware\GD32E10x_standard_peripheral\Source\gd32e10x_can.c 0x00000000   Number         0  gd32e10x_can.o ABSOLUTE
    ..\..\Firmware\GD32E10x_standard_peripheral\Source\gd32e10x_crc.c 0x00000000   Number         0  gd32e10x_crc.o ABSOLUTE
    ..\..\Firmware\GD32E10x_standard_peripheral\Source\gd32e10x_ctc.c 0x00000000   Number         0  gd32e10x_ctc.o ABSOLUTE
    ..\..\Firmware\GD32E10x_standard_peripheral\Source\gd32e10x_dac.c 0x00000000   Number         0  gd32e10x_dac.o ABSOLUTE
    ..\..\Firmware\GD32E10x_standard_peripheral\Source\gd32e10x_dbg.c 0x00000000   Number         0  gd32e10x_dbg.o ABSOLUTE
    ..\..\Firmware\GD32E10x_standard_peripheral\Source\gd32e10x_dma.c 0x00000000   Number         0  gd32e10x_dma.o ABSOLUTE
    ..\..\Firmware\GD32E10x_standard_peripheral\Source\gd32e10x_exmc.c 0x00000000   Number         0  gd32e10x_exmc.o ABSOLUTE
    ..\..\Firmware\GD32E10x_standard_peripheral\Source\gd32e10x_exti.c 0x00000000   Number         0  gd32e10x_exti.o ABSOLUTE
    ..\..\Firmware\GD32E10x_standard_peripheral\Source\gd32e10x_fmc.c 0x00000000   Number         0  gd32e10x_fmc.o ABSOLUTE
    ..\..\Firmware\GD32E10x_standard_peripheral\Source\gd32e10x_fwdgt.c 0x00000000   Number         0  gd32e10x_fwdgt.o ABSOLUTE
    ..\..\Firmware\GD32E10x_standard_peripheral\Source\gd32e10x_gpio.c 0x00000000   Number         0  gd32e10x_gpio.o ABSOLUTE
    ..\..\Firmware\GD32E10x_standard_peripheral\Source\gd32e10x_i2c.c 0x00000000   Number         0  gd32e10x_i2c.o ABSOLUTE
    ..\..\Firmware\GD32E10x_standard_peripheral\Source\gd32e10x_misc.c 0x00000000   Number         0  gd32e10x_misc.o ABSOLUTE
    ..\..\Firmware\GD32E10x_standard_peripheral\Source\gd32e10x_pmu.c 0x00000000   Number         0  gd32e10x_pmu.o ABSOLUTE
    ..\..\Firmware\GD32E10x_standard_peripheral\Source\gd32e10x_rcu.c 0x00000000   Number         0  gd32e10x_rcu.o ABSOLUTE
    ..\..\Firmware\GD32E10x_standard_peripheral\Source\gd32e10x_rtc.c 0x00000000   Number         0  gd32e10x_rtc.o ABSOLUTE
    ..\..\Firmware\GD32E10x_standard_peripheral\Source\gd32e10x_spi.c 0x00000000   Number         0  gd32e10x_spi.o ABSOLUTE
    ..\..\Firmware\GD32E10x_standard_peripheral\Source\gd32e10x_timer.c 0x00000000   Number         0  gd32e10x_timer.o ABSOLUTE
    ..\..\Firmware\GD32E10x_standard_peripheral\Source\gd32e10x_usart.c 0x00000000   Number         0  gd32e10x_usart.o ABSOLUTE
    ..\..\Firmware\GD32E10x_standard_peripheral\Source\gd32e10x_wwdgt.c 0x00000000   Number         0  gd32e10x_wwdgt.o ABSOLUTE
    ..\\..\\Bsp\\74HC4051BQ.c                0x00000000   Number         0  74hc4051bq.o ABSOLUTE
    ..\\..\\Bsp\\BLE.c                       0x00000000   Number         0  ble.o ABSOLUTE
    ..\\..\\Bsp\\adc.c                       0x00000000   Number         0  adc.o ABSOLUTE
    ..\\..\\Bsp\\flash.c                     0x00000000   Number         0  flash.o ABSOLUTE
    ..\\..\\Bsp\\timer.c                     0x00000000   Number         0  timer.o ABSOLUTE
    ..\\..\\Bsp\\uart.c                      0x00000000   Number         0  uart.o ABSOLUTE
    ..\\..\\Firmware\\CMSIS\\GD\\GD32E10x\\Source\\system_gd32e10x.c 0x00000000   Number         0  system_gd32e10x.o ABSOLUTE
    ..\\..\\Firmware\\GD32E10x_standard_peripheral\\Source\\gd32e10x_adc.c 0x00000000   Number         0  gd32e10x_adc.o ABSOLUTE
    ..\\..\\Firmware\\GD32E10x_standard_peripheral\\Source\\gd32e10x_bkp.c 0x00000000   Number         0  gd32e10x_bkp.o ABSOLUTE
    ..\\..\\Firmware\\GD32E10x_standard_peripheral\\Source\\gd32e10x_can.c 0x00000000   Number         0  gd32e10x_can.o ABSOLUTE
    ..\\..\\Firmware\\GD32E10x_standard_peripheral\\Source\\gd32e10x_crc.c 0x00000000   Number         0  gd32e10x_crc.o ABSOLUTE
    ..\\..\\Firmware\\GD32E10x_standard_peripheral\\Source\\gd32e10x_ctc.c 0x00000000   Number         0  gd32e10x_ctc.o ABSOLUTE
    ..\\..\\Firmware\\GD32E10x_standard_peripheral\\Source\\gd32e10x_dac.c 0x00000000   Number         0  gd32e10x_dac.o ABSOLUTE
    ..\\..\\Firmware\\GD32E10x_standard_peripheral\\Source\\gd32e10x_dbg.c 0x00000000   Number         0  gd32e10x_dbg.o ABSOLUTE
    ..\\..\\Firmware\\GD32E10x_standard_peripheral\\Source\\gd32e10x_dma.c 0x00000000   Number         0  gd32e10x_dma.o ABSOLUTE
    ..\\..\\Firmware\\GD32E10x_standard_peripheral\\Source\\gd32e10x_exmc.c 0x00000000   Number         0  gd32e10x_exmc.o ABSOLUTE
    ..\\..\\Firmware\\GD32E10x_standard_peripheral\\Source\\gd32e10x_exti.c 0x00000000   Number         0  gd32e10x_exti.o ABSOLUTE
    ..\\..\\Firmware\\GD32E10x_standard_peripheral\\Source\\gd32e10x_fmc.c 0x00000000   Number         0  gd32e10x_fmc.o ABSOLUTE
    ..\\..\\Firmware\\GD32E10x_standard_peripheral\\Source\\gd32e10x_fwdgt.c 0x00000000   Number         0  gd32e10x_fwdgt.o ABSOLUTE
    ..\\..\\Firmware\\GD32E10x_standard_peripheral\\Source\\gd32e10x_gpio.c 0x00000000   Number         0  gd32e10x_gpio.o ABSOLUTE
    ..\\..\\Firmware\\GD32E10x_standard_peripheral\\Source\\gd32e10x_i2c.c 0x00000000   Number         0  gd32e10x_i2c.o ABSOLUTE
    ..\\..\\Firmware\\GD32E10x_standard_peripheral\\Source\\gd32e10x_misc.c 0x00000000   Number         0  gd32e10x_misc.o ABSOLUTE
    ..\\..\\Firmware\\GD32E10x_standard_peripheral\\Source\\gd32e10x_pmu.c 0x00000000   Number         0  gd32e10x_pmu.o ABSOLUTE
    ..\\..\\Firmware\\GD32E10x_standard_peripheral\\Source\\gd32e10x_rcu.c 0x00000000   Number         0  gd32e10x_rcu.o ABSOLUTE
    ..\\..\\Firmware\\GD32E10x_standard_peripheral\\Source\\gd32e10x_rtc.c 0x00000000   Number         0  gd32e10x_rtc.o ABSOLUTE
    ..\\..\\Firmware\\GD32E10x_standard_peripheral\\Source\\gd32e10x_spi.c 0x00000000   Number         0  gd32e10x_spi.o ABSOLUTE
    ..\\..\\Firmware\\GD32E10x_standard_peripheral\\Source\\gd32e10x_timer.c 0x00000000   Number         0  gd32e10x_timer.o ABSOLUTE
    ..\\..\\Firmware\\GD32E10x_standard_peripheral\\Source\\gd32e10x_usart.c 0x00000000   Number         0  gd32e10x_usart.o ABSOLUTE
    ..\\..\\Firmware\\GD32E10x_standard_peripheral\\Source\\gd32e10x_wwdgt.c 0x00000000   Number         0  gd32e10x_wwdgt.o ABSOLUTE
    ..\\gd32e10x_it.c                        0x00000000   Number         0  gd32e10x_it.o ABSOLUTE
    ..\\main.c                               0x00000000   Number         0  main.o ABSOLUTE
    ..\\systick.c                            0x00000000   Number         0  systick.o ABSOLUTE
    ..\gd32e10x_it.c                         0x00000000   Number         0  gd32e10x_it.o ABSOLUTE
    ..\main.c                                0x00000000   Number         0  main.o ABSOLUTE
    ..\systick.c                             0x00000000   Number         0  systick.o ABSOLUTE
    dc.s                                     0x00000000   Number         0  dc.o ABSOLUTE
    handlers.s                               0x00000000   Number         0  handlers.o ABSOLUTE
    init.s                                   0x00000000   Number         0  init.o ABSOLUTE
    RESET                                    0x08000000   Section      336  startup_gd32e10x.o(RESET)
    .ARM.Collect$$$$00000000                 0x08000150   Section        0  entry.o(.ARM.Collect$$$$00000000)
    .ARM.Collect$$$$00000001                 0x08000150   Section        4  entry2.o(.ARM.Collect$$$$00000001)
    .ARM.Collect$$$$00000004                 0x08000154   Section        4  entry5.o(.ARM.Collect$$$$00000004)
    .ARM.Collect$$$$00000008                 0x08000158   Section        0  entry7b.o(.ARM.Collect$$$$00000008)
    .ARM.Collect$$$$0000000A                 0x08000158   Section        0  entry8b.o(.ARM.Collect$$$$0000000A)
    .ARM.Collect$$$$0000000B                 0x08000158   Section        8  entry9a.o(.ARM.Collect$$$$0000000B)
    .ARM.Collect$$$$0000000E                 0x08000160   Section        4  entry12b.o(.ARM.Collect$$$$0000000E)
    .ARM.Collect$$$$0000000F                 0x08000164   Section        0  entry10a.o(.ARM.Collect$$$$0000000F)
    .ARM.Collect$$$$00000011                 0x08000164   Section        0  entry11a.o(.ARM.Collect$$$$00000011)
    .ARM.Collect$$$$00002712                 0x08000164   Section        4  entry2.o(.ARM.Collect$$$$00002712)
    __lit__00000000                          0x08000164   Data           4  entry2.o(.ARM.Collect$$$$00002712)
    .text                                    0x08000168   Section       36  startup_gd32e10x.o(.text)
    $v0                                      0x08000168   Number         0  startup_gd32e10x.o(.text)
    .text                                    0x0800018c   Section        0  memcpya.o(.text)
    .text                                    0x080001b0   Section        0  memseta.o(.text)
    .text                                    0x080001d4   Section       36  init.o(.text)
    i.AX_Selection                           0x080001f8   Section        0  74hc4051bq.o(i.AX_Selection)
    i.AY_Selection                           0x080003f4   Section        0  74hc4051bq.o(i.AY_Selection)
    i.Board_BLE_data_send                    0x08000430   Section        0  ble.o(i.Board_BLE_data_send)
    i.BusFault_Handler                       0x08000454   Section        0  gd32e10x_it.o(i.BusFault_Handler)
    i.CalChecksum                            0x08000458   Section        0  main.o(i.CalChecksum)
    i.ChooseEnlarge                          0x08000474   Section        0  74hc4051bq.o(i.ChooseEnlarge)
    i.CircBuf_Init                           0x080004b8   Section        0  circular_buffer.o(i.CircBuf_Init)
    i.CircBuf_Push                           0x080004f4   Section        0  circular_buffer.o(i.CircBuf_Push)
    i.DMA0_Channel0_IRQHandler               0x08000568   Section        0  adc.o(i.DMA0_Channel0_IRQHandler)
    i.DMA0_Channel1_IRQHandler               0x08000588   Section        0  uart.o(i.DMA0_Channel1_IRQHandler)
    i.DMA0_Channel3_IRQHandler               0x080005b0   Section        0  uart.o(i.DMA0_Channel3_IRQHandler)
    i.DMA0_Channel4_IRQHandler               0x080005d8   Section        0  uart.o(i.DMA0_Channel4_IRQHandler)
    i.DebugMon_Handler                       0x080005f8   Section        0  gd32e10x_it.o(i.DebugMon_Handler)
    i.GetAdcValue                            0x080005fc   Section        0  adc.o(i.GetAdcValue)
    i.HardFault_Handler                      0x08000618   Section        0  gd32e10x_it.o(i.HardFault_Handler)
    i.Hc4051Delay                            0x0800061c   Section        0  74hc4051bq.o(i.Hc4051Delay)
    i.Hc4051IoInit                           0x08000628   Section        0  74hc4051bq.o(i.Hc4051IoInit)
    i.IsPowerOf2                             0x08000684   Section        0  circular_buffer.o(i.IsPowerOf2)
    i.MemManage_Handler                      0x080006b4   Section        0  gd32e10x_it.o(i.MemManage_Handler)
    i.NMI_Handler                            0x080006b8   Section        0  gd32e10x_it.o(i.NMI_Handler)
    i.NVIC_SetPriority                       0x080006bc   Section        0  systick.o(i.NVIC_SetPriority)
    NVIC_SetPriority                         0x080006bd   Thumb Code    32  systick.o(i.NVIC_SetPriority)
    i.PendSV_Handler                         0x080006e4   Section        0  gd32e10x_it.o(i.PendSV_Handler)
    i.ReadAdcValue                           0x080006e6   Section        0  74hc4051bq.o(i.ReadAdcValue)
    i.RoundDown_PowerOf2                     0x0800077e   Section        0  circular_buffer.o(i.RoundDown_PowerOf2)
    i.SVC_Handler                            0x080007b6   Section        0  gd32e10x_it.o(i.SVC_Handler)
    i.SysTick_Handler                        0x080007b8   Section        0  gd32e10x_it.o(i.SysTick_Handler)
    i.SystemInit                             0x080007c0   Section        0  system_gd32e10x.o(i.SystemInit)
    i.TIMER2_IRQHandler                      0x08000818   Section        0  gd32e10x_it.o(i.TIMER2_IRQHandler)
    i.TIMER3_IRQHandler                      0x080008c0   Section        0  main.o(i.TIMER3_IRQHandler)
    i.USART0_IRQHandler                      0x080008dc   Section        0  uart.o(i.USART0_IRQHandler)
    i.USART2_IRQHandler                      0x08000944   Section        0  uart.o(i.USART2_IRQHandler)
    i.UsageFault_Handler                     0x080009ac   Section        0  gd32e10x_it.o(i.UsageFault_Handler)
    i.__scatterload_copy                     0x080009b0   Section       14  handlers.o(i.__scatterload_copy)
    i.__scatterload_null                     0x080009be   Section        2  handlers.o(i.__scatterload_null)
    i.__scatterload_zeroinit                 0x080009c0   Section       14  handlers.o(i.__scatterload_zeroinit)
    i.adc_calibration_enable                 0x080009ce   Section        0  gd32e10x_adc.o(i.adc_calibration_enable)
    i.adc_channel_length_config              0x080009f8   Section        0  gd32e10x_adc.o(i.adc_channel_length_config)
    i.adc_config                             0x08000a40   Section        0  adc.o(i.adc_config)
    i.adc_data_alignment_config              0x08000ae0   Section        0  gd32e10x_adc.o(i.adc_data_alignment_config)
    i.adc_deinit                             0x08000af8   Section        0  gd32e10x_adc.o(i.adc_deinit)
    i.adc_dma_mode_enable                    0x08000b38   Section        0  gd32e10x_adc.o(i.adc_dma_mode_enable)
    i.adc_enable                             0x08000b42   Section        0  gd32e10x_adc.o(i.adc_enable)
    i.adc_external_trigger_config            0x08000b54   Section        0  gd32e10x_adc.o(i.adc_external_trigger_config)
    i.adc_external_trigger_source_config     0x08000b92   Section        0  gd32e10x_adc.o(i.adc_external_trigger_source_config)
    i.adc_init                               0x08000bc2   Section        0  adc.o(i.adc_init)
    i.adc_mode_config                        0x08000bdc   Section        0  gd32e10x_adc.o(i.adc_mode_config)
    i.adc_regular_channel_config             0x08000bf8   Section        0  gd32e10x_adc.o(i.adc_regular_channel_config)
    i.adc_software_trigger_enable            0x08000ca4   Section        0  gd32e10x_adc.o(i.adc_software_trigger_enable)
    i.adc_special_function_config            0x08000cc2   Section        0  gd32e10x_adc.o(i.adc_special_function_config)
    i.ble_gpio_init                          0x08000d1c   Section        0  ble.o(i.ble_gpio_init)
    i.delay_1ms                              0x08000d3c   Section        0  systick.o(i.delay_1ms)
    i.delay_decrement                        0x08000d50   Section        0  systick.o(i.delay_decrement)
    i.display_reampping                      0x08000d68   Section        0  74hc4051bq.o(i.display_reampping)
    i.dma0_ch1_usart2_tx_init                0x08000dc0   Section        0  uart.o(i.dma0_ch1_usart2_tx_init)
    i.dma0_ch2_usart2_rx_init                0x08000e40   Section        0  uart.o(i.dma0_ch2_usart2_rx_init)
    i.dma0_ch3_usart0_tx_init                0x08000ec8   Section        0  uart.o(i.dma0_ch3_usart0_tx_init)
    i.dma0_ch4_usart0_rx_init                0x08000f48   Section        0  uart.o(i.dma0_ch4_usart0_rx_init)
    i.dma_channel_disable                    0x08000fc8   Section        0  gd32e10x_dma.o(i.dma_channel_disable)
    i.dma_channel_enable                     0x08000ffa   Section        0  gd32e10x_dma.o(i.dma_channel_enable)
    i.dma_circulation_disable                0x0800102c   Section        0  gd32e10x_dma.o(i.dma_circulation_disable)
    i.dma_circulation_enable                 0x0800105e   Section        0  gd32e10x_dma.o(i.dma_circulation_enable)
    i.dma_config                             0x08001090   Section        0  adc.o(i.dma_config)
    i.dma_deinit                             0x080010f0   Section        0  gd32e10x_dma.o(i.dma_deinit)
    i.dma_init                               0x08001160   Section        0  gd32e10x_dma.o(i.dma_init)
    i.dma_interrupt_enable                   0x0800128e   Section        0  gd32e10x_dma.o(i.dma_interrupt_enable)
    i.dma_interrupt_flag_clear               0x080012c0   Section        0  gd32e10x_dma.o(i.dma_interrupt_flag_clear)
    i.dma_interrupt_flag_get                 0x080012d0   Section        0  gd32e10x_dma.o(i.dma_interrupt_flag_get)
    i.dma_memory_address_config              0x08001352   Section        0  gd32e10x_dma.o(i.dma_memory_address_config)
    i.dma_memory_to_memory_disable           0x08001376   Section        0  gd32e10x_dma.o(i.dma_memory_to_memory_disable)
    i.dma_periph_and_channel_check           0x080013a8   Section        0  gd32e10x_dma.o(i.dma_periph_and_channel_check)
    dma_periph_and_channel_check             0x080013a9   Thumb Code    18  gd32e10x_dma.o(i.dma_periph_and_channel_check)
    i.dma_struct_para_init                   0x080013c0   Section        0  gd32e10x_dma.o(i.dma_struct_para_init)
    i.dma_transfer_number_config             0x080013dc   Section        0  gd32e10x_dma.o(i.dma_transfer_number_config)
    i.dma_transfer_number_get                0x08001402   Section        0  gd32e10x_dma.o(i.dma_transfer_number_get)
    i.gd_eval_com_init                       0x08001424   Section        0  uart.o(i.gd_eval_com_init)
    i.gpio_bit_reset                         0x080014c4   Section        0  gd32e10x_gpio.o(i.gpio_bit_reset)
    i.gpio_bit_set                           0x080014c8   Section        0  gd32e10x_gpio.o(i.gpio_bit_set)
    i.gpio_config                            0x080014cc   Section        0  adc.o(i.gpio_config)
    i.gpio_init                              0x08001504   Section        0  gd32e10x_gpio.o(i.gpio_init)
    i.gpio_input_bit_get                     0x080015c0   Section        0  gd32e10x_gpio.o(i.gpio_input_bit_get)
    i.gpio_pin_remap_config                  0x080015d0   Section        0  gd32e10x_gpio.o(i.gpio_pin_remap_config)
    i.main                                   0x08001660   Section        0  main.o(i.main)
    i.nvic_config                            0x08001780   Section        0  uart.o(i.nvic_config)
    i.nvic_irq_enable                        0x080017dc   Section        0  gd32e10x_misc.o(i.nvic_irq_enable)
    i.nvic_priority_group_set                0x08001888   Section        0  gd32e10x_misc.o(i.nvic_priority_group_set)
    i.nvic_vector_table_set                  0x0800189c   Section        0  gd32e10x_misc.o(i.nvic_vector_table_set)
    i.rcu_adc_clock_config                   0x080018b0   Section        0  gd32e10x_rcu.o(i.rcu_adc_clock_config)
    i.rcu_clock_freq_get                     0x0800191c   Section        0  gd32e10x_rcu.o(i.rcu_clock_freq_get)
    i.rcu_config                             0x08001aa0   Section        0  adc.o(i.rcu_config)
    i.rcu_periph_clock_enable                0x08001ac4   Section        0  gd32e10x_rcu.o(i.rcu_periph_clock_enable)
    i.rcu_periph_reset_disable               0x08001ae4   Section        0  gd32e10x_rcu.o(i.rcu_periph_reset_disable)
    i.rcu_periph_reset_enable                0x08001b04   Section        0  gd32e10x_rcu.o(i.rcu_periph_reset_enable)
    i.read_adc_value                         0x08001b24   Section        0  adc.o(i.read_adc_value)
    i.system_clock_120m_hxtal                0x08001b6c   Section        0  system_gd32e10x.o(i.system_clock_120m_hxtal)
    system_clock_120m_hxtal                  0x08001b6d   Thumb Code   226  system_gd32e10x.o(i.system_clock_120m_hxtal)
    i.system_clock_config                    0x08001c68   Section        0  system_gd32e10x.o(i.system_clock_config)
    system_clock_config                      0x08001c69   Thumb Code     8  system_gd32e10x.o(i.system_clock_config)
    i.systick_config                         0x08001c70   Section        0  systick.o(i.systick_config)
    i.timer_channel_capture_value_register_read 0x08001cc0   Section        0  gd32e10x_timer.o(i.timer_channel_capture_value_register_read)
    i.timer_interrupt_flag_clear             0x08001cea   Section        0  gd32e10x_timer.o(i.timer_interrupt_flag_clear)
    i.timer_interrupt_flag_get               0x08001cf0   Section        0  gd32e10x_timer.o(i.timer_interrupt_flag_get)
    i.usart0_dma_send_data                   0x08001d08   Section        0  uart.o(i.usart0_dma_send_data)
    i.usart0_init                            0x08001d58   Section        0  uart.o(i.usart0_init)
    i.usart2_dma_send_data                   0x08001d8c   Section        0  uart.o(i.usart2_dma_send_data)
    i.usart2_init                            0x08001ddc   Section        0  uart.o(i.usart2_init)
    i.usart_baudrate_set                     0x08001e10   Section        0  gd32e10x_usart.o(i.usart_baudrate_set)
    i.usart_deinit                           0x08001ea0   Section        0  gd32e10x_usart.o(i.usart_deinit)
    i.usart_dma_receive_config               0x08001f30   Section        0  gd32e10x_usart.o(i.usart_dma_receive_config)
    i.usart_dma_send_data                    0x08001f40   Section        0  uart.o(i.usart_dma_send_data)
    i.usart_dma_transmit_config              0x08001f6c   Section        0  gd32e10x_usart.o(i.usart_dma_transmit_config)
    i.usart_enable                           0x08001f7c   Section        0  gd32e10x_usart.o(i.usart_enable)
    i.usart_interrupt_enable                 0x08001f86   Section        0  gd32e10x_usart.o(i.usart_interrupt_enable)
    i.usart_interrupt_flag_get               0x08001fa0   Section        0  gd32e10x_usart.o(i.usart_interrupt_flag_get)
    i.usart_receive_config                   0x08001fd8   Section        0  gd32e10x_usart.o(i.usart_receive_config)
    i.usart_transmit_config                  0x08001fe8   Section        0  gd32e10x_usart.o(i.usart_transmit_config)
    .constdata                               0x08001ff8   Section       64  74hc4051bq.o(.constdata)
    .data                                    0x20000000   Section        9  main.o(.data)
    led_flag                                 0x20000008   Data           1  main.o(.data)
    .data                                    0x2000000c   Section        4  systick.o(.data)
    delay                                    0x2000000c   Data           4  systick.o(.data)
    .data                                    0x20000010   Section       14  gd32e10x_it.o(.data)
    .data                                    0x20000020   Section        4  system_gd32e10x.o(.data)
    .data                                    0x20000024   Section        8  adc.o(.data)
    .data                                    0x2000002c   Section       68  uart.o(.data)
    COM_CLK                                  0x2000002e   Data           8  uart.o(.data)
    COM_TX_PIN                               0x20000038   Data          16  uart.o(.data)
    COM_RX_PIN                               0x20000048   Data          16  uart.o(.data)
    COM_GPIO_PORT                            0x20000058   Data          16  uart.o(.data)
    COM_GPIO_CLK                             0x20000068   Data           8  uart.o(.data)
    .bss                                     0x20000070   Section     2344  main.o(.bss)
    .bss                                     0x20000998   Section       64  adc.o(.bss)
    .bss                                     0x200009d8   Section     3104  uart.o(.bss)
    STACK                                    0x200015f8   Section     1024  startup_gd32e10x.o(STACK)

    Global Symbols

    Symbol Name                              Value     Ov Type        Size  Object(Section)

    BuildAttributes$$THM_ISAv4$E$P$D$K$B$S$7EM$VFPi3$EXTD16$VFPS$VFMA$PE$A:L22UL41UL21$X:L11$S22US41US21$IEEE1$IW$USESV6$~STKCKD$USESV7$~SHL$OSPACE$EBA8$MICROLIB$REQ8$PRES8$EABIv2 0x00000000   Number         0  anon$$obj.o ABSOLUTE
    __ARM_use_no_argv                        0x00000000   Number         0  main.o ABSOLUTE
    __arm_fini_                               - Undefined Weak Reference
    __cpp_initialize__aeabi_                  - Undefined Weak Reference
    __cxa_finalize                            - Undefined Weak Reference
    __decompress                              - Undefined Weak Reference
    _clock_init                               - Undefined Weak Reference
    _microlib_exit                            - Undefined Weak Reference
    __Vectors_Size                           0x00000150   Number         0  startup_gd32e10x.o ABSOLUTE
    __Vectors                                0x08000000   Data           4  startup_gd32e10x.o(RESET)
    __Vectors_End                            0x08000150   Data           0  startup_gd32e10x.o(RESET)
    __main                                   0x08000151   Thumb Code     0  entry.o(.ARM.Collect$$$$00000000)
    _main_stk                                0x08000151   Thumb Code     0  entry2.o(.ARM.Collect$$$$00000001)
    _main_scatterload                        0x08000155   Thumb Code     0  entry5.o(.ARM.Collect$$$$00000004)
    __main_after_scatterload                 0x08000159   Thumb Code     0  entry5.o(.ARM.Collect$$$$00000004)
    _main_clock                              0x08000159   Thumb Code     0  entry7b.o(.ARM.Collect$$$$00000008)
    _main_cpp_init                           0x08000159   Thumb Code     0  entry8b.o(.ARM.Collect$$$$0000000A)
    _main_init                               0x08000159   Thumb Code     0  entry9a.o(.ARM.Collect$$$$0000000B)
    __rt_lib_shutdown_fini                   0x08000161   Thumb Code     0  entry12b.o(.ARM.Collect$$$$0000000E)
    __rt_final_cpp                           0x08000165   Thumb Code     0  entry10a.o(.ARM.Collect$$$$0000000F)
    __rt_final_exit                          0x08000165   Thumb Code     0  entry11a.o(.ARM.Collect$$$$00000011)
    Reset_Handler                            0x08000169   Thumb Code     8  startup_gd32e10x.o(.text)
    ADC0_1_IRQHandler                        0x08000183   Thumb Code     0  startup_gd32e10x.o(.text)
    CAN0_EWMC_IRQHandler                     0x08000183   Thumb Code     0  startup_gd32e10x.o(.text)
    CAN0_RX0_IRQHandler                      0x08000183   Thumb Code     0  startup_gd32e10x.o(.text)
    CAN0_RX1_IRQHandler                      0x08000183   Thumb Code     0  startup_gd32e10x.o(.text)
    CAN0_TX_IRQHandler                       0x08000183   Thumb Code     0  startup_gd32e10x.o(.text)
    CAN1_EWMC_IRQHandler                     0x08000183   Thumb Code     0  startup_gd32e10x.o(.text)
    CAN1_RX0_IRQHandler                      0x08000183   Thumb Code     0  startup_gd32e10x.o(.text)
    CAN1_RX1_IRQHandler                      0x08000183   Thumb Code     0  startup_gd32e10x.o(.text)
    CAN1_TX_IRQHandler                       0x08000183   Thumb Code     0  startup_gd32e10x.o(.text)
    DMA0_Channel2_IRQHandler                 0x08000183   Thumb Code     0  startup_gd32e10x.o(.text)
    DMA0_Channel5_IRQHandler                 0x08000183   Thumb Code     0  startup_gd32e10x.o(.text)
    DMA0_Channel6_IRQHandler                 0x08000183   Thumb Code     0  startup_gd32e10x.o(.text)
    DMA1_Channel0_IRQHandler                 0x08000183   Thumb Code     0  startup_gd32e10x.o(.text)
    DMA1_Channel1_IRQHandler                 0x08000183   Thumb Code     0  startup_gd32e10x.o(.text)
    DMA1_Channel2_IRQHandler                 0x08000183   Thumb Code     0  startup_gd32e10x.o(.text)
    DMA1_Channel3_IRQHandler                 0x08000183   Thumb Code     0  startup_gd32e10x.o(.text)
    DMA1_Channel4_IRQHandler                 0x08000183   Thumb Code     0  startup_gd32e10x.o(.text)
    EXMC_IRQHandler                          0x08000183   Thumb Code     0  startup_gd32e10x.o(.text)
    EXTI0_IRQHandler                         0x08000183   Thumb Code     0  startup_gd32e10x.o(.text)
    EXTI10_15_IRQHandler                     0x08000183   Thumb Code     0  startup_gd32e10x.o(.text)
    EXTI1_IRQHandler                         0x08000183   Thumb Code     0  startup_gd32e10x.o(.text)
    EXTI2_IRQHandler                         0x08000183   Thumb Code     0  startup_gd32e10x.o(.text)
    EXTI3_IRQHandler                         0x08000183   Thumb Code     0  startup_gd32e10x.o(.text)
    EXTI4_IRQHandler                         0x08000183   Thumb Code     0  startup_gd32e10x.o(.text)
    EXTI5_9_IRQHandler                       0x08000183   Thumb Code     0  startup_gd32e10x.o(.text)
    FMC_IRQHandler                           0x08000183   Thumb Code     0  startup_gd32e10x.o(.text)
    I2C0_ER_IRQHandler                       0x08000183   Thumb Code     0  startup_gd32e10x.o(.text)
    I2C0_EV_IRQHandler                       0x08000183   Thumb Code     0  startup_gd32e10x.o(.text)
    I2C1_ER_IRQHandler                       0x08000183   Thumb Code     0  startup_gd32e10x.o(.text)
    I2C1_EV_IRQHandler                       0x08000183   Thumb Code     0  startup_gd32e10x.o(.text)
    LVD_IRQHandler                           0x08000183   Thumb Code     0  startup_gd32e10x.o(.text)
    RCU_CTC_IRQHandler                       0x08000183   Thumb Code     0  startup_gd32e10x.o(.text)
    RTC_Alarm_IRQHandler                     0x08000183   Thumb Code     0  startup_gd32e10x.o(.text)
    RTC_IRQHandler                           0x08000183   Thumb Code     0  startup_gd32e10x.o(.text)
    SPI0_IRQHandler                          0x08000183   Thumb Code     0  startup_gd32e10x.o(.text)
    SPI1_IRQHandler                          0x08000183   Thumb Code     0  startup_gd32e10x.o(.text)
    SPI2_IRQHandler                          0x08000183   Thumb Code     0  startup_gd32e10x.o(.text)
    TAMPER_IRQHandler                        0x08000183   Thumb Code     0  startup_gd32e10x.o(.text)
    TIMER0_BRK_TIMER8_IRQHandler             0x08000183   Thumb Code     0  startup_gd32e10x.o(.text)
    TIMER0_Channel_IRQHandler                0x08000183   Thumb Code     0  startup_gd32e10x.o(.text)
    TIMER0_TRG_CMT_TIMER10_IRQHandler        0x08000183   Thumb Code     0  startup_gd32e10x.o(.text)
    TIMER0_UP_TIMER9_IRQHandler              0x08000183   Thumb Code     0  startup_gd32e10x.o(.text)
    TIMER1_IRQHandler                        0x08000183   Thumb Code     0  startup_gd32e10x.o(.text)
    TIMER4_IRQHandler                        0x08000183   Thumb Code     0  startup_gd32e10x.o(.text)
    TIMER5_IRQHandler                        0x08000183   Thumb Code     0  startup_gd32e10x.o(.text)
    TIMER6_IRQHandler                        0x08000183   Thumb Code     0  startup_gd32e10x.o(.text)
    TIMER7_BRK_TIMER11_IRQHandler            0x08000183   Thumb Code     0  startup_gd32e10x.o(.text)
    TIMER7_Channel_IRQHandler                0x08000183   Thumb Code     0  startup_gd32e10x.o(.text)
    TIMER7_TRG_CMT_TIMER13_IRQHandler        0x08000183   Thumb Code     0  startup_gd32e10x.o(.text)
    TIMER7_UP_TIMER12_IRQHandler             0x08000183   Thumb Code     0  startup_gd32e10x.o(.text)
    UART3_IRQHandler                         0x08000183   Thumb Code     0  startup_gd32e10x.o(.text)
    UART4_IRQHandler                         0x08000183   Thumb Code     0  startup_gd32e10x.o(.text)
    USART1_IRQHandler                        0x08000183   Thumb Code     0  startup_gd32e10x.o(.text)
    USBFS_IRQHandler                         0x08000183   Thumb Code     0  startup_gd32e10x.o(.text)
    USBFS_WKUP_IRQHandler                    0x08000183   Thumb Code     0  startup_gd32e10x.o(.text)
    WWDGT_IRQHandler                         0x08000183   Thumb Code     0  startup_gd32e10x.o(.text)
    __aeabi_memcpy                           0x0800018d   Thumb Code    36  memcpya.o(.text)
    __aeabi_memcpy4                          0x0800018d   Thumb Code     0  memcpya.o(.text)
    __aeabi_memcpy8                          0x0800018d   Thumb Code     0  memcpya.o(.text)
    __aeabi_memset                           0x080001b1   Thumb Code    14  memseta.o(.text)
    __aeabi_memset4                          0x080001b1   Thumb Code     0  memseta.o(.text)
    __aeabi_memset8                          0x080001b1   Thumb Code     0  memseta.o(.text)
    __aeabi_memclr                           0x080001bf   Thumb Code     4  memseta.o(.text)
    __aeabi_memclr4                          0x080001bf   Thumb Code     0  memseta.o(.text)
    __aeabi_memclr8                          0x080001bf   Thumb Code     0  memseta.o(.text)
    _memset$wrapper                          0x080001c3   Thumb Code    18  memseta.o(.text)
    __scatterload                            0x080001d5   Thumb Code    28  init.o(.text)
    __scatterload_rt2                        0x080001d5   Thumb Code     0  init.o(.text)
    AX_Selection                             0x080001f9   Thumb Code   496  74hc4051bq.o(i.AX_Selection)
    AY_Selection                             0x080003f5   Thumb Code    54  74hc4051bq.o(i.AY_Selection)
    Board_BLE_data_send                      0x08000431   Thumb Code    32  ble.o(i.Board_BLE_data_send)
    BusFault_Handler                         0x08000455   Thumb Code     4  gd32e10x_it.o(i.BusFault_Handler)
    CalChecksum                              0x08000459   Thumb Code    26  main.o(i.CalChecksum)
    ChooseEnlarge                            0x08000475   Thumb Code    62  74hc4051bq.o(i.ChooseEnlarge)
    CircBuf_Init                             0x080004b9   Thumb Code    60  circular_buffer.o(i.CircBuf_Init)
    CircBuf_Push                             0x080004f5   Thumb Code   116  circular_buffer.o(i.CircBuf_Push)
    DMA0_Channel0_IRQHandler                 0x08000569   Thumb Code    26  adc.o(i.DMA0_Channel0_IRQHandler)
    DMA0_Channel1_IRQHandler                 0x08000589   Thumb Code    32  uart.o(i.DMA0_Channel1_IRQHandler)
    DMA0_Channel3_IRQHandler                 0x080005b1   Thumb Code    32  uart.o(i.DMA0_Channel3_IRQHandler)
    DMA0_Channel4_IRQHandler                 0x080005d9   Thumb Code    26  uart.o(i.DMA0_Channel4_IRQHandler)
    DebugMon_Handler                         0x080005f9   Thumb Code     2  gd32e10x_it.o(i.DebugMon_Handler)
    GetAdcValue                              0x080005fd   Thumb Code    24  adc.o(i.GetAdcValue)
    HardFault_Handler                        0x08000619   Thumb Code     4  gd32e10x_it.o(i.HardFault_Handler)
    Hc4051Delay                              0x0800061d   Thumb Code    12  74hc4051bq.o(i.Hc4051Delay)
    Hc4051IoInit                             0x08000629   Thumb Code    80  74hc4051bq.o(i.Hc4051IoInit)
    IsPowerOf2                               0x08000685   Thumb Code    48  circular_buffer.o(i.IsPowerOf2)
    MemManage_Handler                        0x080006b5   Thumb Code     4  gd32e10x_it.o(i.MemManage_Handler)
    NMI_Handler                              0x080006b9   Thumb Code     2  gd32e10x_it.o(i.NMI_Handler)
    PendSV_Handler                           0x080006e5   Thumb Code     2  gd32e10x_it.o(i.PendSV_Handler)
    ReadAdcValue                             0x080006e7   Thumb Code   152  74hc4051bq.o(i.ReadAdcValue)
    RoundDown_PowerOf2                       0x0800077f   Thumb Code    56  circular_buffer.o(i.RoundDown_PowerOf2)
    SVC_Handler                              0x080007b7   Thumb Code     2  gd32e10x_it.o(i.SVC_Handler)
    SysTick_Handler                          0x080007b9   Thumb Code     8  gd32e10x_it.o(i.SysTick_Handler)
    SystemInit                               0x080007c1   Thumb Code    76  system_gd32e10x.o(i.SystemInit)
    TIMER2_IRQHandler                        0x08000819   Thumb Code   138  gd32e10x_it.o(i.TIMER2_IRQHandler)
    TIMER3_IRQHandler                        0x080008c1   Thumb Code    24  main.o(i.TIMER3_IRQHandler)
    USART0_IRQHandler                        0x080008dd   Thumb Code    84  uart.o(i.USART0_IRQHandler)
    USART2_IRQHandler                        0x08000945   Thumb Code    84  uart.o(i.USART2_IRQHandler)
    UsageFault_Handler                       0x080009ad   Thumb Code     4  gd32e10x_it.o(i.UsageFault_Handler)
    __scatterload_copy                       0x080009b1   Thumb Code    14  handlers.o(i.__scatterload_copy)
    __scatterload_null                       0x080009bf   Thumb Code     2  handlers.o(i.__scatterload_null)
    __scatterload_zeroinit                   0x080009c1   Thumb Code    14  handlers.o(i.__scatterload_zeroinit)
    adc_calibration_enable                   0x080009cf   Thumb Code    42  gd32e10x_adc.o(i.adc_calibration_enable)
    adc_channel_length_config                0x080009f9   Thumb Code    70  gd32e10x_adc.o(i.adc_channel_length_config)
    adc_config                               0x08000a41   Thumb Code   156  adc.o(i.adc_config)
    adc_data_alignment_config                0x08000ae1   Thumb Code    22  gd32e10x_adc.o(i.adc_data_alignment_config)
    adc_deinit                               0x08000af9   Thumb Code    60  gd32e10x_adc.o(i.adc_deinit)
    adc_dma_mode_enable                      0x08000b39   Thumb Code    10  gd32e10x_adc.o(i.adc_dma_mode_enable)
    adc_enable                               0x08000b43   Thumb Code    18  gd32e10x_adc.o(i.adc_enable)
    adc_external_trigger_config              0x08000b55   Thumb Code    62  gd32e10x_adc.o(i.adc_external_trigger_config)
    adc_external_trigger_source_config       0x08000b93   Thumb Code    48  gd32e10x_adc.o(i.adc_external_trigger_source_config)
    adc_init                                 0x08000bc3   Thumb Code    24  adc.o(i.adc_init)
    adc_mode_config                          0x08000bdd   Thumb Code    22  gd32e10x_adc.o(i.adc_mode_config)
    adc_regular_channel_config               0x08000bf9   Thumb Code   172  gd32e10x_adc.o(i.adc_regular_channel_config)
    adc_software_trigger_enable              0x08000ca5   Thumb Code    30  gd32e10x_adc.o(i.adc_software_trigger_enable)
    adc_special_function_config              0x08000cc3   Thumb Code    90  gd32e10x_adc.o(i.adc_special_function_config)
    ble_gpio_init                            0x08000d1d   Thumb Code    26  ble.o(i.ble_gpio_init)
    delay_1ms                                0x08000d3d   Thumb Code    16  systick.o(i.delay_1ms)
    delay_decrement                          0x08000d51   Thumb Code    18  systick.o(i.delay_decrement)
    display_reampping                        0x08000d69   Thumb Code    70  74hc4051bq.o(i.display_reampping)
    dma0_ch1_usart2_tx_init                  0x08000dc1   Thumb Code   114  uart.o(i.dma0_ch1_usart2_tx_init)
    dma0_ch2_usart2_rx_init                  0x08000e41   Thumb Code   122  uart.o(i.dma0_ch2_usart2_rx_init)
    dma0_ch3_usart0_tx_init                  0x08000ec9   Thumb Code   114  uart.o(i.dma0_ch3_usart0_tx_init)
    dma0_ch4_usart0_rx_init                  0x08000f49   Thumb Code   114  uart.o(i.dma0_ch4_usart0_rx_init)
    dma_channel_disable                      0x08000fc9   Thumb Code    50  gd32e10x_dma.o(i.dma_channel_disable)
    dma_channel_enable                       0x08000ffb   Thumb Code    50  gd32e10x_dma.o(i.dma_channel_enable)
    dma_circulation_disable                  0x0800102d   Thumb Code    50  gd32e10x_dma.o(i.dma_circulation_disable)
    dma_circulation_enable                   0x0800105f   Thumb Code    50  gd32e10x_dma.o(i.dma_circulation_enable)
    dma_config                               0x08001091   Thumb Code    84  adc.o(i.dma_config)
    dma_deinit                               0x080010f1   Thumb Code   112  gd32e10x_dma.o(i.dma_deinit)
    dma_init                                 0x08001161   Thumb Code   302  gd32e10x_dma.o(i.dma_init)
    dma_interrupt_enable                     0x0800128f   Thumb Code    50  gd32e10x_dma.o(i.dma_interrupt_enable)
    dma_interrupt_flag_clear                 0x080012c1   Thumb Code    16  gd32e10x_dma.o(i.dma_interrupt_flag_clear)
    dma_interrupt_flag_get                   0x080012d1   Thumb Code   130  gd32e10x_dma.o(i.dma_interrupt_flag_get)
    dma_memory_address_config                0x08001353   Thumb Code    36  gd32e10x_dma.o(i.dma_memory_address_config)
    dma_memory_to_memory_disable             0x08001377   Thumb Code    50  gd32e10x_dma.o(i.dma_memory_to_memory_disable)
    dma_struct_para_init                     0x080013c1   Thumb Code    28  gd32e10x_dma.o(i.dma_struct_para_init)
    dma_transfer_number_config               0x080013dd   Thumb Code    38  gd32e10x_dma.o(i.dma_transfer_number_config)
    dma_transfer_number_get                  0x08001403   Thumb Code    34  gd32e10x_dma.o(i.dma_transfer_number_get)
    gd_eval_com_init                         0x08001425   Thumb Code   132  uart.o(i.gd_eval_com_init)
    gpio_bit_reset                           0x080014c5   Thumb Code     4  gd32e10x_gpio.o(i.gpio_bit_reset)
    gpio_bit_set                             0x080014c9   Thumb Code     4  gd32e10x_gpio.o(i.gpio_bit_set)
    gpio_config                              0x080014cd   Thumb Code    52  adc.o(i.gpio_config)
    gpio_init                                0x08001505   Thumb Code   188  gd32e10x_gpio.o(i.gpio_init)
    gpio_input_bit_get                       0x080015c1   Thumb Code    16  gd32e10x_gpio.o(i.gpio_input_bit_get)
    gpio_pin_remap_config                    0x080015d1   Thumb Code   138  gd32e10x_gpio.o(i.gpio_pin_remap_config)
    main                                     0x08001661   Thumb Code   264  main.o(i.main)
    nvic_config                              0x08001781   Thumb Code    86  uart.o(i.nvic_config)
    nvic_irq_enable                          0x080017dd   Thumb Code   162  gd32e10x_misc.o(i.nvic_irq_enable)
    nvic_priority_group_set                  0x08001889   Thumb Code    10  gd32e10x_misc.o(i.nvic_priority_group_set)
    nvic_vector_table_set                    0x0800189d   Thumb Code    12  gd32e10x_misc.o(i.nvic_vector_table_set)
    rcu_adc_clock_config                     0x080018b1   Thumb Code    98  gd32e10x_rcu.o(i.rcu_adc_clock_config)
    rcu_clock_freq_get                       0x0800191d   Thumb Code   352  gd32e10x_rcu.o(i.rcu_clock_freq_get)
    rcu_config                               0x08001aa1   Thumb Code    34  adc.o(i.rcu_config)
    rcu_periph_clock_enable                  0x08001ac5   Thumb Code    28  gd32e10x_rcu.o(i.rcu_periph_clock_enable)
    rcu_periph_reset_disable                 0x08001ae5   Thumb Code    28  gd32e10x_rcu.o(i.rcu_periph_reset_disable)
    rcu_periph_reset_enable                  0x08001b05   Thumb Code    28  gd32e10x_rcu.o(i.rcu_periph_reset_enable)
    read_adc_value                           0x08001b25   Thumb Code    64  adc.o(i.read_adc_value)
    systick_config                           0x08001c71   Thumb Code    74  systick.o(i.systick_config)
    timer_channel_capture_value_register_read 0x08001cc1   Thumb Code    42  gd32e10x_timer.o(i.timer_channel_capture_value_register_read)
    timer_interrupt_flag_clear               0x08001ceb   Thumb Code     6  gd32e10x_timer.o(i.timer_interrupt_flag_clear)
    timer_interrupt_flag_get                 0x08001cf1   Thumb Code    24  gd32e10x_timer.o(i.timer_interrupt_flag_get)
    usart0_dma_send_data                     0x08001d09   Thumb Code    68  uart.o(i.usart0_dma_send_data)
    usart0_init                              0x08001d59   Thumb Code    40  uart.o(i.usart0_init)
    usart2_dma_send_data                     0x08001d8d   Thumb Code    68  uart.o(i.usart2_dma_send_data)
    usart2_init                              0x08001ddd   Thumb Code    40  uart.o(i.usart2_init)
    usart_baudrate_set                       0x08001e11   Thumb Code   136  gd32e10x_usart.o(i.usart_baudrate_set)
    usart_deinit                             0x08001ea1   Thumb Code   136  gd32e10x_usart.o(i.usart_deinit)
    usart_dma_receive_config                 0x08001f31   Thumb Code    16  gd32e10x_usart.o(i.usart_dma_receive_config)
    usart_dma_send_data                      0x08001f41   Thumb Code    44  uart.o(i.usart_dma_send_data)
    usart_dma_transmit_config                0x08001f6d   Thumb Code    16  gd32e10x_usart.o(i.usart_dma_transmit_config)
    usart_enable                             0x08001f7d   Thumb Code    10  gd32e10x_usart.o(i.usart_enable)
    usart_interrupt_enable                   0x08001f87   Thumb Code    26  gd32e10x_usart.o(i.usart_interrupt_enable)
    usart_interrupt_flag_get                 0x08001fa1   Thumb Code    56  gd32e10x_usart.o(i.usart_interrupt_flag_get)
    usart_receive_config                     0x08001fd9   Thumb Code    16  gd32e10x_usart.o(i.usart_receive_config)
    usart_transmit_config                    0x08001fe9   Thumb Code    16  gd32e10x_usart.o(i.usart_transmit_config)
    Region$$Table$$Base                      0x08002038   Number         0  anon$$obj.o(Region$$Table)
    Region$$Table$$Limit                     0x08002058   Number         0  anon$$obj.o(Region$$Table)
    timer3_interrupt                         0x20000000   Data           1  main.o(.data)
    time_1ms                                 0x20000004   Data           4  main.o(.data)
    readvalue1                               0x20000010   Data           2  gd32e10x_it.o(.data)
    readvalue2                               0x20000012   Data           2  gd32e10x_it.o(.data)
    ccnumber                                 0x20000014   Data           2  gd32e10x_it.o(.data)
    count                                    0x20000018   Data           4  gd32e10x_it.o(.data)
    fre                                      0x2000001c   Data           2  gd32e10x_it.o(.data)
    SystemCoreClock                          0x20000020   Data           4  system_gd32e10x.o(.data)
    adc_v                                    0x20000024   Data           8  adc.o(.data)
    dma0_ch1_idle                            0x2000002c   Data           1  uart.o(.data)
    dma0_ch3_idle                            0x2000002d   Data           1  uart.o(.data)
    printf_buffer                            0x20000070   Data         512  main.o(.bss)
    temp_adc_value                           0x20000270   Data        1568  main.o(.bss)
    serial_frame                             0x20000890   Data         264  main.o(.bss)
    adc_value                                0x20000998   Data          64  adc.o(.bss)
    USART0_RxBuff                            0x200009d8   Data         512  uart.o(.bss)
    USART0_TxBuff                            0x20000bd8   Data         512  uart.o(.bss)
    USART2_RxBuff                            0x20000dd8   Data         512  uart.o(.bss)
    USART2_TxBuff                            0x20000fd8   Data         512  uart.o(.bss)
    USART0_RX_CACHE_BUFFER                   0x200011d8   Data         512  uart.o(.bss)
    USART2_RX_CACHE_BUFFER                   0x200013d8   Data         512  uart.o(.bss)
    USART0_RxCBuf                            0x200015d8   Data          16  uart.o(.bss)
    USART2_RxCBuf                            0x200015e8   Data          16  uart.o(.bss)
    __initial_sp                             0x200019f8   Data           0  startup_gd32e10x.o(STACK)



==============================================================================

Memory Map of the image

  Image Entry point : 0x08000151

  Load Region LR_IROM1 (Base: 0x08000000, Size: 0x000020c8, Max: 0x00010000, ABSOLUTE)

    Execution Region ER_IROM1 (Exec base: 0x08000000, Load base: 0x08000000, Size: 0x00002058, Max: 0x00010000, ABSOLUTE)

    Exec Addr    Load Addr    Size         Type   Attr      Idx    E Section Name        Object

    0x08000000   0x08000000   0x00000150   Data   RO         4023    RESET               startup_gd32e10x.o
    0x08000150   0x08000150   0x00000000   Code   RO         4567  * .ARM.Collect$$$$00000000  mc_w.l(entry.o)
    0x08000150   0x08000150   0x00000004   Code   RO         4608    .ARM.Collect$$$$00000001  mc_w.l(entry2.o)
    0x08000154   0x08000154   0x00000004   Code   RO         4611    .ARM.Collect$$$$00000004  mc_w.l(entry5.o)
    0x08000158   0x08000158   0x00000000   Code   RO         4613    .ARM.Collect$$$$00000008  mc_w.l(entry7b.o)
    0x08000158   0x08000158   0x00000000   Code   RO         4615    .ARM.Collect$$$$0000000A  mc_w.l(entry8b.o)
    0x08000158   0x08000158   0x00000008   Code   RO         4616    .ARM.Collect$$$$0000000B  mc_w.l(entry9a.o)
    0x08000160   0x08000160   0x00000004   Code   RO         4623    .ARM.Collect$$$$0000000E  mc_w.l(entry12b.o)
    0x08000164   0x08000164   0x00000000   Code   RO         4618    .ARM.Collect$$$$0000000F  mc_w.l(entry10a.o)
    0x08000164   0x08000164   0x00000000   Code   RO         4620    .ARM.Collect$$$$00000011  mc_w.l(entry11a.o)
    0x08000164   0x08000164   0x00000004   Code   RO         4609    .ARM.Collect$$$$00002712  mc_w.l(entry2.o)
    0x08000168   0x08000168   0x00000024   Code   RO         4024    .text               startup_gd32e10x.o
    0x0800018c   0x0800018c   0x00000024   Code   RO         4570    .text               mc_w.l(memcpya.o)
    0x080001b0   0x080001b0   0x00000024   Code   RO         4572    .text               mc_w.l(memseta.o)
    0x080001d4   0x080001d4   0x00000024   Code   RO         4626    .text               mc_w.l(init.o)
    0x080001f8   0x080001f8   0x000001fc   Code   RO         4030    i.AX_Selection      74hc4051bq.o
    0x080003f4   0x080003f4   0x0000003c   Code   RO         4031    i.AY_Selection      74hc4051bq.o
    0x08000430   0x08000430   0x00000024   Code   RO         4526    i.Board_BLE_data_send  ble.o
    0x08000454   0x08000454   0x00000004   Code   RO          211    i.BusFault_Handler  gd32e10x_it.o
    0x08000458   0x08000458   0x0000001a   Code   RO            3    i.CalChecksum       main.o
    0x08000472   0x08000472   0x00000002   PAD
    0x08000474   0x08000474   0x00000044   Code   RO         4032    i.ChooseEnlarge     74hc4051bq.o
    0x080004b8   0x080004b8   0x0000003c   Code   RO         4419    i.CircBuf_Init      circular_buffer.o
    0x080004f4   0x080004f4   0x00000074   Code   RO         4424    i.CircBuf_Push      circular_buffer.o
    0x08000568   0x08000568   0x00000020   Code   RO         4116    i.DMA0_Channel0_IRQHandler  adc.o
    0x08000588   0x08000588   0x00000028   Code   RO         4253    i.DMA0_Channel1_IRQHandler  uart.o
    0x080005b0   0x080005b0   0x00000028   Code   RO         4254    i.DMA0_Channel3_IRQHandler  uart.o
    0x080005d8   0x080005d8   0x00000020   Code   RO         4255    i.DMA0_Channel4_IRQHandler  uart.o
    0x080005f8   0x080005f8   0x00000002   Code   RO          212    i.DebugMon_Handler  gd32e10x_it.o
    0x080005fa   0x080005fa   0x00000002   PAD
    0x080005fc   0x080005fc   0x0000001c   Code   RO         4117    i.GetAdcValue       adc.o
    0x08000618   0x08000618   0x00000004   Code   RO          213    i.HardFault_Handler  gd32e10x_it.o
    0x0800061c   0x0800061c   0x0000000c   Code   RO         4033    i.Hc4051Delay       74hc4051bq.o
    0x08000628   0x08000628   0x0000005c   Code   RO         4034    i.Hc4051IoInit      74hc4051bq.o
    0x08000684   0x08000684   0x00000030   Code   RO         4426    i.IsPowerOf2        circular_buffer.o
    0x080006b4   0x080006b4   0x00000004   Code   RO          214    i.MemManage_Handler  gd32e10x_it.o
    0x080006b8   0x080006b8   0x00000002   Code   RO          215    i.NMI_Handler       gd32e10x_it.o
    0x080006ba   0x080006ba   0x00000002   PAD
    0x080006bc   0x080006bc   0x00000028   Code   RO          168    i.NVIC_SetPriority  systick.o
    0x080006e4   0x080006e4   0x00000002   Code   RO          216    i.PendSV_Handler    gd32e10x_it.o
    0x080006e6   0x080006e6   0x00000098   Code   RO         4036    i.ReadAdcValue      74hc4051bq.o
    0x0800077e   0x0800077e   0x00000038   Code   RO         4427    i.RoundDown_PowerOf2  circular_buffer.o
    0x080007b6   0x080007b6   0x00000002   Code   RO          217    i.SVC_Handler       gd32e10x_it.o
    0x080007b8   0x080007b8   0x00000008   Code   RO          218    i.SysTick_Handler   gd32e10x_it.o
    0x080007c0   0x080007c0   0x00000058   Code   RO          308    i.SystemInit        system_gd32e10x.o
    0x08000818   0x08000818   0x000000a8   Code   RO          219    i.TIMER2_IRQHandler  gd32e10x_it.o
    0x080008c0   0x080008c0   0x0000001c   Code   RO            4    i.TIMER3_IRQHandler  main.o
    0x080008dc   0x080008dc   0x00000068   Code   RO         4256    i.USART0_IRQHandler  uart.o
    0x08000944   0x08000944   0x00000068   Code   RO         4257    i.USART2_IRQHandler  uart.o
    0x080009ac   0x080009ac   0x00000004   Code   RO          220    i.UsageFault_Handler  gd32e10x_it.o
    0x080009b0   0x080009b0   0x0000000e   Code   RO         4630    i.__scatterload_copy  mc_w.l(handlers.o)
    0x080009be   0x080009be   0x00000002   Code   RO         4631    i.__scatterload_null  mc_w.l(handlers.o)
    0x080009c0   0x080009c0   0x0000000e   Code   RO         4632    i.__scatterload_zeroinit  mc_w.l(handlers.o)
    0x080009ce   0x080009ce   0x0000002a   Code   RO          349    i.adc_calibration_enable  gd32e10x_adc.o
    0x080009f8   0x080009f8   0x00000046   Code   RO          350    i.adc_channel_length_config  gd32e10x_adc.o
    0x08000a3e   0x08000a3e   0x00000002   PAD
    0x08000a40   0x08000a40   0x000000a0   Code   RO         4118    i.adc_config        adc.o
    0x08000ae0   0x08000ae0   0x00000016   Code   RO          351    i.adc_data_alignment_config  gd32e10x_adc.o
    0x08000af6   0x08000af6   0x00000002   PAD
    0x08000af8   0x08000af8   0x00000040   Code   RO          352    i.adc_deinit        gd32e10x_adc.o
    0x08000b38   0x08000b38   0x0000000a   Code   RO          356    i.adc_dma_mode_enable  gd32e10x_adc.o
    0x08000b42   0x08000b42   0x00000012   Code   RO          357    i.adc_enable        gd32e10x_adc.o
    0x08000b54   0x08000b54   0x0000003e   Code   RO          358    i.adc_external_trigger_config  gd32e10x_adc.o
    0x08000b92   0x08000b92   0x00000030   Code   RO          359    i.adc_external_trigger_source_config  gd32e10x_adc.o
    0x08000bc2   0x08000bc2   0x00000018   Code   RO         4119    i.adc_init          adc.o
    0x08000bda   0x08000bda   0x00000002   PAD
    0x08000bdc   0x08000bdc   0x0000001c   Code   RO          370    i.adc_mode_config   gd32e10x_adc.o
    0x08000bf8   0x08000bf8   0x000000ac   Code   RO          374    i.adc_regular_channel_config  gd32e10x_adc.o
    0x08000ca4   0x08000ca4   0x0000001e   Code   RO          378    i.adc_software_trigger_enable  gd32e10x_adc.o
    0x08000cc2   0x08000cc2   0x0000005a   Code   RO          379    i.adc_special_function_config  gd32e10x_adc.o
    0x08000d1c   0x08000d1c   0x00000020   Code   RO         4527    i.ble_gpio_init     ble.o
    0x08000d3c   0x08000d3c   0x00000014   Code   RO          169    i.delay_1ms         systick.o
    0x08000d50   0x08000d50   0x00000018   Code   RO          170    i.delay_decrement   systick.o
    0x08000d68   0x08000d68   0x00000058   Code   RO         4037    i.display_reampping  74hc4051bq.o
    0x08000dc0   0x08000dc0   0x00000080   Code   RO         4258    i.dma0_ch1_usart2_tx_init  uart.o
    0x08000e40   0x08000e40   0x00000088   Code   RO         4259    i.dma0_ch2_usart2_rx_init  uart.o
    0x08000ec8   0x08000ec8   0x00000080   Code   RO         4260    i.dma0_ch3_usart0_tx_init  uart.o
    0x08000f48   0x08000f48   0x00000080   Code   RO         4261    i.dma0_ch4_usart0_rx_init  uart.o
    0x08000fc8   0x08000fc8   0x00000032   Code   RO         1445    i.dma_channel_disable  gd32e10x_dma.o
    0x08000ffa   0x08000ffa   0x00000032   Code   RO         1446    i.dma_channel_enable  gd32e10x_dma.o
    0x0800102c   0x0800102c   0x00000032   Code   RO         1447    i.dma_circulation_disable  gd32e10x_dma.o
    0x0800105e   0x0800105e   0x00000032   Code   RO         1448    i.dma_circulation_enable  gd32e10x_dma.o
    0x08001090   0x08001090   0x00000060   Code   RO         4120    i.dma_config        adc.o
    0x080010f0   0x080010f0   0x00000070   Code   RO         1449    i.dma_deinit        gd32e10x_dma.o
    0x08001160   0x08001160   0x0000012e   Code   RO         1452    i.dma_init          gd32e10x_dma.o
    0x0800128e   0x0800128e   0x00000032   Code   RO         1454    i.dma_interrupt_enable  gd32e10x_dma.o
    0x080012c0   0x080012c0   0x00000010   Code   RO         1455    i.dma_interrupt_flag_clear  gd32e10x_dma.o
    0x080012d0   0x080012d0   0x00000082   Code   RO         1456    i.dma_interrupt_flag_get  gd32e10x_dma.o
    0x08001352   0x08001352   0x00000024   Code   RO         1457    i.dma_memory_address_config  gd32e10x_dma.o
    0x08001376   0x08001376   0x00000032   Code   RO         1460    i.dma_memory_to_memory_disable  gd32e10x_dma.o
    0x080013a8   0x080013a8   0x00000018   Code   RO         1464    i.dma_periph_and_channel_check  gd32e10x_dma.o
    0x080013c0   0x080013c0   0x0000001c   Code   RO         1469    i.dma_struct_para_init  gd32e10x_dma.o
    0x080013dc   0x080013dc   0x00000026   Code   RO         1471    i.dma_transfer_number_config  gd32e10x_dma.o
    0x08001402   0x08001402   0x00000022   Code   RO         1472    i.dma_transfer_number_get  gd32e10x_dma.o
    0x08001424   0x08001424   0x000000a0   Code   RO         4263    i.gd_eval_com_init  uart.o
    0x080014c4   0x080014c4   0x00000004   Code   RO         2053    i.gpio_bit_reset    gd32e10x_gpio.o
    0x080014c8   0x080014c8   0x00000004   Code   RO         2054    i.gpio_bit_set      gd32e10x_gpio.o
    0x080014cc   0x080014cc   0x00000038   Code   RO         4121    i.gpio_config       adc.o
    0x08001504   0x08001504   0x000000bc   Code   RO         2063    i.gpio_init         gd32e10x_gpio.o
    0x080015c0   0x080015c0   0x00000010   Code   RO         2064    i.gpio_input_bit_get  gd32e10x_gpio.o
    0x080015d0   0x080015d0   0x00000090   Code   RO         2069    i.gpio_pin_remap_config  gd32e10x_gpio.o
    0x08001660   0x08001660   0x00000120   Code   RO            5    i.main              main.o
    0x08001780   0x08001780   0x0000005c   Code   RO         4264    i.nvic_config       uart.o
    0x080017dc   0x080017dc   0x000000ac   Code   RO         2411    i.nvic_irq_enable   gd32e10x_misc.o
    0x08001888   0x08001888   0x00000014   Code   RO         2412    i.nvic_priority_group_set  gd32e10x_misc.o
    0x0800189c   0x0800189c   0x00000014   Code   RO         2413    i.nvic_vector_table_set  gd32e10x_misc.o
    0x080018b0   0x080018b0   0x0000006c   Code   RO         2559    i.rcu_adc_clock_config  gd32e10x_rcu.o
    0x0800191c   0x0800191c   0x00000184   Code   RO         2568    i.rcu_clock_freq_get  gd32e10x_rcu.o
    0x08001aa0   0x08001aa0   0x00000022   Code   RO         4122    i.rcu_config        adc.o
    0x08001ac2   0x08001ac2   0x00000002   PAD
    0x08001ac4   0x08001ac4   0x00000020   Code   RO         2588    i.rcu_periph_clock_enable  gd32e10x_rcu.o
    0x08001ae4   0x08001ae4   0x00000020   Code   RO         2591    i.rcu_periph_reset_disable  gd32e10x_rcu.o
    0x08001b04   0x08001b04   0x00000020   Code   RO         2592    i.rcu_periph_reset_enable  gd32e10x_rcu.o
    0x08001b24   0x08001b24   0x00000048   Code   RO         4123    i.read_adc_value    adc.o
    0x08001b6c   0x08001b6c   0x000000fc   Code   RO          309    i.system_clock_120m_hxtal  system_gd32e10x.o
    0x08001c68   0x08001c68   0x00000008   Code   RO          310    i.system_clock_config  system_gd32e10x.o
    0x08001c70   0x08001c70   0x00000050   Code   RO          171    i.systick_config    systick.o
    0x08001cc0   0x08001cc0   0x0000002a   Code   RO         3210    i.timer_channel_capture_value_register_read  gd32e10x_timer.o
    0x08001cea   0x08001cea   0x00000006   Code   RO         3255    i.timer_interrupt_flag_clear  gd32e10x_timer.o
    0x08001cf0   0x08001cf0   0x00000018   Code   RO         3256    i.timer_interrupt_flag_get  gd32e10x_timer.o
    0x08001d08   0x08001d08   0x00000050   Code   RO         4265    i.usart0_dma_send_data  uart.o
    0x08001d58   0x08001d58   0x00000034   Code   RO         4266    i.usart0_init       uart.o
    0x08001d8c   0x08001d8c   0x00000050   Code   RO         4267    i.usart2_dma_send_data  uart.o
    0x08001ddc   0x08001ddc   0x00000034   Code   RO         4268    i.usart2_init       uart.o
    0x08001e10   0x08001e10   0x00000090   Code   RO         3645    i.usart_baudrate_set  gd32e10x_usart.o
    0x08001ea0   0x08001ea0   0x00000090   Code   RO         3650    i.usart_deinit      gd32e10x_usart.o
    0x08001f30   0x08001f30   0x00000010   Code   RO         3652    i.usart_dma_receive_config  gd32e10x_usart.o
    0x08001f40   0x08001f40   0x0000002c   Code   RO         4270    i.usart_dma_send_data  uart.o
    0x08001f6c   0x08001f6c   0x00000010   Code   RO         3653    i.usart_dma_transmit_config  gd32e10x_usart.o
    0x08001f7c   0x08001f7c   0x0000000a   Code   RO         3654    i.usart_enable      gd32e10x_usart.o
    0x08001f86   0x08001f86   0x0000001a   Code   RO         3664    i.usart_interrupt_enable  gd32e10x_usart.o
    0x08001fa0   0x08001fa0   0x00000038   Code   RO         3666    i.usart_interrupt_flag_get  gd32e10x_usart.o
    0x08001fd8   0x08001fd8   0x00000010   Code   RO         3679    i.usart_receive_config  gd32e10x_usart.o
    0x08001fe8   0x08001fe8   0x00000010   Code   RO         3693    i.usart_transmit_config  gd32e10x_usart.o
    0x08001ff8   0x08001ff8   0x00000040   Data   RO         4039    .constdata          74hc4051bq.o
    0x08002038   0x08002038   0x00000020   Data   RO         4628    Region$$Table       anon$$obj.o


    Execution Region RW_IRAM1 (Exec base: 0x20000000, Load base: 0x08002058, Size: 0x000019f8, Max: 0x00008000, ABSOLUTE)

    Exec Addr    Load Addr    Size         Type   Attr      Idx    E Section Name        Object

    0x20000000   0x08002058   0x00000009   Data   RW            7    .data               main.o
    0x20000009   0x08002061   0x00000003   PAD
    0x2000000c   0x08002064   0x00000004   Data   RW          172    .data               systick.o
    0x20000010   0x08002068   0x0000000e   Data   RW          221    .data               gd32e10x_it.o
    0x2000001e   0x08002076   0x00000002   PAD
    0x20000020   0x08002078   0x00000004   Data   RW          311    .data               system_gd32e10x.o
    0x20000024   0x0800207c   0x00000008   Data   RW         4125    .data               adc.o
    0x2000002c   0x08002084   0x00000044   Data   RW         4277    .data               uart.o
    0x20000070        -       0x00000928   Zero   RW            6    .bss                main.o
    0x20000998        -       0x00000040   Zero   RW         4124    .bss                adc.o
    0x200009d8        -       0x00000c20   Zero   RW         4276    .bss                uart.o
    0x200015f8        -       0x00000400   Zero   RW         4021    STACK               startup_gd32e10x.o


==============================================================================

Image component sizes


      Code (inc. data)   RO Data    RW Data    ZI Data      Debug   Object Name

       980         54         64          0          0       8018   74hc4051bq.o
       502         38          0          8         64       5656   adc.o
        68         10          0          0          0       1790   ble.o
       280          0          0          0          0       4156   circular_buffer.o
       656         10          0          0          0       9367   gd32e10x_adc.o
      1020          6          0          0          0      17578   gd32e10x_dma.o
       356          6          0          0          0       4233   gd32e10x_gpio.o
       200         30          0         14          0       6241   gd32e10x_it.o
       212         28          0          0          0       2400   gd32e10x_misc.o
       592         70          0          0          0      20835   gd32e10x_rcu.o
        72          0          0          0          0       2444   gd32e10x_timer.o
       444         16          0          0          0      13885   gd32e10x_usart.o
       342         28          0          9       2344      35983   main.o
        36          8        336          0       1024        968   startup_gd32e10x.o
       348         38          0          4          0       2359   system_gd32e10x.o
       164         24          0          4          0      27786   systick.o
      1400        200          0         68       3104      13814   uart.o

    ----------------------------------------------------------------------
      7686        566        432        112       6536     177513   Object Totals
         0          0         32          0          0          0   (incl. Generated)
        14          0          0          5          0          0   (incl. Padding)

    ----------------------------------------------------------------------

      Code (inc. data)   RO Data    RW Data    ZI Data      Debug   Library Member Name

         0          0          0          0          0          0   entry.o
         0          0          0          0          0          0   entry10a.o
         0          0          0          0          0          0   entry11a.o
         4          0          0          0          0          0   entry12b.o
         8          4          0          0          0          0   entry2.o
         4          0          0          0          0          0   entry5.o
         0          0          0          0          0          0   entry7b.o
         0          0          0          0          0          0   entry8b.o
         8          4          0          0          0          0   entry9a.o
        30          0          0          0          0          0   handlers.o
        36          8          0          0          0         68   init.o
        36          0          0          0          0         68   memcpya.o
        36          0          0          0          0        108   memseta.o

    ----------------------------------------------------------------------
       162         16          0          0          0        244   Library Totals
         0          0          0          0          0          0   (incl. Padding)

    ----------------------------------------------------------------------

      Code (inc. data)   RO Data    RW Data    ZI Data      Debug   Library Name

       162         16          0          0          0        244   mc_w.l

    ----------------------------------------------------------------------
       162         16          0          0          0        244   Library Totals

    ----------------------------------------------------------------------

==============================================================================


      Code (inc. data)   RO Data    RW Data    ZI Data      Debug   

      7848        582        432        112       6536     167509   Grand Totals
      7848        582        432        112       6536     167509   ELF Image Totals
      7848        582        432        112          0          0   ROM Totals

==============================================================================

    Total RO  Size (Code + RO Data)                 8280 (   8.09kB)
    Total RW  Size (RW Data + ZI Data)              6648 (   6.49kB)
    Total ROM Size (Code + RO Data + RW Data)       8392 (   8.20kB)

==============================================================================

